Archive member included because of file (symbol)

contiki-z1.a(rimeaddr.o)      obj_z1/contiki-z1-main.o (rimeaddr_copy)
contiki-z1.a(csma.o)          obj_z1/contiki-z1-main.o (csma_driver)
contiki-z1.a(contikimac.o)    obj_z1/contiki-z1-main.o (contikimac_driver)
contiki-z1.a(phase.o)         contiki-z1.a(contikimac.o) (phase_update)
contiki-z1.a(process.o)       z1-websense.co (process_alloc_event)
contiki-z1.a(autostart.o)     obj_z1/contiki-z1-main.o (autostart_start)
contiki-z1.a(memb.o)          obj_z1/httpd-simple.o (memb_init)
contiki-z1.a(timer.o)         obj_z1/httpd-simple.o (timer_set)
contiki-z1.a(list.o)          contiki-z1.a(csma.o) (list_init)
contiki-z1.a(etimer.o)        obj_z1/contiki-z1-main.o (etimer_process)
contiki-z1.a(ctimer.o)        obj_z1/contiki-z1-main.o (ctimer_init)
contiki-z1.a(energest.o)      obj_z1/contiki-z1-main.o (energest_init)
contiki-z1.a(rtimer.o)        obj_z1/contiki-z1-main.o (rtimer_init)
contiki-z1.a(random.o)        contiki-z1.a(csma.o) (random_rand)
contiki-z1.a(nbr-table.o)     contiki-z1.a(phase.o) (nbr_table_register)
contiki-z1.a(packetbuf.o)     contiki-z1.a(contikimac.o) (packetbuf_hdr_remove)
contiki-z1.a(psock.o)         z1-websense.co (psock_send)
contiki-z1.a(queuebuf.o)      obj_z1/contiki-z1-main.o (queuebuf_init)
contiki-z1.a(sicslowpan.o)    obj_z1/contiki-z1-main.o (sicslowpan_driver)
contiki-z1.a(tcpip.o)         contiki-z1.a(sicslowpan.o) (tcpip_set_outputfunc)
contiki-z1.a(uip-ds6-route.o)
                              contiki-z1.a(tcpip.o) (uip_ds6_route_nexthop)
contiki-z1.a(uip-ds6-nbr.o)   contiki-z1.a(tcpip.o) (uip_ds6_nbr_add)
contiki-z1.a(uip-ds6.o)       contiki-z1.a(tcpip.o) (uip_ds6_is_addr_onlink)
contiki-z1.a(uip-nd6.o)       contiki-z1.a(tcpip.o) (uip_nd6_ns_output)
contiki-z1.a(uip6.o)          contiki-z1.a(sicslowpan.o) (uip_aligned_buf)
contiki-z1.a(webserver-nogui)
                              z1-websense.co (webserver_nogui_process)
contiki-z1.a(contiki-z1-plat)
                              obj_z1/contiki-z1-main.o (init_platform)
contiki-z1.a(msp430.o)        obj_z1/contiki-z1-main.o (msp430_cpu_init)
contiki-z1.a(leds.o)          obj_z1/contiki-z1-main.o (leds_init)
contiki-z1.a(watchdog.o)      obj_z1/contiki-z1-main.o (watchdog_start)
contiki-z1.a(xmem.o)          obj_z1/contiki-z1-main.o (xmem_init)
contiki-z1.a(spi.o)           contiki-z1.a(xmem.o) (spi_init)
contiki-z1.a(cc2420.o)        obj_z1/contiki-z1-main.o (cc2420_set_pan_addr)
contiki-z1.a(cc2420-arch.o)   contiki-z1.a(cc2420.o) (cc2420_arch_init)
contiki-z1.a(node-id.o)       obj_z1/contiki-z1-main.o (node_id_restore)
contiki-z1.a(sensors.o)       contiki-z1.a(contiki-z1-plat) (sensors_process)
contiki-z1.a(button-sensor.o)
                              obj_z1/contiki-z1-main.o (button_sensor)
contiki-z1.a(uart0.o)         obj_z1/contiki-z1-main.o (uart0_active)
contiki-z1.a(uart0-putchar.o)
                              z1-websense.co (putchar)
contiki-z1.a(adxl345.o)       z1-websense.co (accm_int2_cb)
contiki-z1.a(clock.o)         contiki-z1.a(timer.o) (clock_time)
contiki-z1.a(leds-arch.o)     contiki-z1.a(leds.o) (leds_arch_init)
contiki-z1.a(rtimer-arch.o)   contiki-z1.a(rtimer.o) (rtimer_arch_init)
contiki-z1.a(mac.o)           contiki-z1.a(csma.o) (mac_call_sent_callback)
contiki-z1.a(framer-802154.o)
                              contiki-z1.a(contikimac.o) (framer_802154)
contiki-z1.a(rpl.o)           contiki-z1.a(uip-ds6-nbr.o) (rpl_link_neighbor_callback)
contiki-z1.a(rpl-dag.o)       contiki-z1.a(rpl.o) (rpl_dag_init)
contiki-z1.a(rpl-icmp6.o)     contiki-z1.a(rpl.o) (dao_output_target)
contiki-z1.a(rpl-timers.o)    contiki-z1.a(rpl.o) (rpl_reset_periodic_timer)
contiki-z1.a(rpl-mrhof.o)     contiki-z1.a(rpl-dag.o) (rpl_mrhof)
contiki-z1.a(rpl-ext-header.)
                              contiki-z1.a(uip6.o) (rpl_verify_header)
contiki-z1.a(stimer.o)        contiki-z1.a(tcpip.o) (stimer_set)
contiki-z1.a(uip-icmp6.o)     contiki-z1.a(uip6.o) (uip_icmp6_echo_request_input)
contiki-z1.a(i2cmaster.o)     contiki-z1.a(adxl345.o) (i2c_receiveinit)
contiki-z1.a(frame802154.o)   contiki-z1.a(framer-802154.o) (frame802154_hdrlen)
/usr/local/msp430/bin/../lib/gcc/msp430/4.7.0/../../../../msp430/lib/mcpu-430x/mmpy-16/libm.a(ef_sqrt.o)
                              z1-websense.co (sqrt)
/usr/local/msp430/bin/../lib/gcc/msp430/4.7.0/mcpu-430x/mmpy-16/libgcc.a(_mulsi3.o)
                              contiki-z1.a(csma.o) (__mulsi3)
/usr/local/msp430/bin/../lib/gcc/msp430/4.7.0/mcpu-430x/mmpy-16/libgcc.a(_udivmod16.o)
                              contiki-z1.a(rpl-dag.o) (__udivhi3)
/usr/local/msp430/bin/../lib/gcc/msp430/4.7.0/mcpu-430x/mmpy-16/libgcc.a(_divmod16.o)
                              contiki-z1.a(nbr-table.o) (__divhi3)
/usr/local/msp430/bin/../lib/gcc/msp430/4.7.0/mcpu-430x/mmpy-16/libgcc.a(_udivmod32.o)
                              obj_z1/contiki-z1-main.o (__udivsi3)
[...]
Memory Configuration

Name             Origin             Length             Attributes
sfr              0x00000000         0x00000010
peripheral_8bit  0x00000010         0x000000f0
peripheral_16bit 0x00000100         0x00000100
ram_mirror       0x00000200         0x00000800         xw
infomem          0x00001000         0x00000100
infod            0x00001000         0x00000040
infoc            0x00001040         0x00000040
infob            0x00001080         0x00000040
infoa            0x000010c0         0x00000040
ram              0x00001100         0x00002000         xw
rom              0x00003100         0x0000cebe         xr
vectors          0x0000ffc0         0x00000040
far_rom          0x00010000         0x0000a000
bsl              0x00000000         0x00000000
ram2             0x00000000         0x00000000         xw
usbram           0x00000000         0x00000000         xw
*default*        0x00000000         0xffffffff

Linker script and memory map

LOAD /usr/local/msp430/bin/../lib/gcc/msp430/4.7.0/mcpu-430x/mmpy-16/crt0ivtbl32.o
                0x00000041                __P1SEL2 = 0x41
                0x00000045                __P5SEL2 = 0x45
LOAD z1-websense.co
LOAD obj_z1/httpd-simple.o
LOAD obj_z1/contiki-z1-main.o
LOAD contiki-z1.a
LOAD /usr/local/msp430/bin/../lib/gcc/msp430/4.7.0/../../../../msp430/lib/mcpu-430x/mmpy-16/libm.a
LOAD /usr/local/msp430/bin/../lib/gcc/msp430/4.7.0/mcpu-430x/mmpy-16/libgcc.a
LOAD /usr/local/msp430/bin/../lib/gcc/msp430/4.7.0/../../../../msp430/lib/mcpu-430x/mmpy-16/libc.a
LOAD /usr/local/msp430/bin/../lib/gcc/msp430/4.7.0/mcpu-430x/mmpy-16/libgcc.a
LOAD /usr/local/msp430/bin/../lib/gcc/msp430/4.7.0/mcpu-430x/mmpy-16/libcrt0.a
                0x00000040                PROVIDE (__info_segment_size, 0x40)
                0x00001000                PROVIDE (__infod, 0x1000)
                0x00001040                PROVIDE (__infoc, 0x1040)
                0x00001080                PROVIDE (__infob, 0x1080)
                0x000010c0                PROVIDE (__infoa, 0x10c0)
                0x00000000                __IE1 = 0x0
                0x00000002                __IFG1 = 0x2
                0x00000001                __IE2 = 0x1
                0x00000003                __IFG2 = 0x3
                0x00000006                __UC1IE = 0x6
                0x00000007                __UC1IFG = 0x7
                0x000001a0                __ADC12CTL0 = 0x1a0
                0x000001a2                __ADC12CTL1 = 0x1a2
                0x000001a4                __ADC12IFG = 0x1a4
                0x000001a6                __ADC12IE = 0x1a6
                0x000001a8                __ADC12IV = 0x1a8
                0x00000140                __ADC12MEM0 = 0x140
                0x00000142                __ADC12MEM1 = 0x142
                0x00000144                __ADC12MEM2 = 0x144
                0x00000146                __ADC12MEM3 = 0x146
                0x00000148                __ADC12MEM4 = 0x148
                0x0000014a                __ADC12MEM5 = 0x14a
                0x0000014c                __ADC12MEM6 = 0x14c
                0x0000014e                __ADC12MEM7 = 0x14e
                0x00000150                __ADC12MEM8 = 0x150
                0x00000152                __ADC12MEM9 = 0x152
                0x00000154                __ADC12MEM10 = 0x154
                0x00000156                __ADC12MEM11 = 0x156
                0x00000158                __ADC12MEM12 = 0x158
                0x0000015a                __ADC12MEM13 = 0x15a
                0x0000015c                __ADC12MEM14 = 0x15c
                0x0000015e                __ADC12MEM15 = 0x15e
                0x00000080                __ADC12MCTL0 = 0x80
                0x00000081                __ADC12MCTL1 = 0x81
                0x00000082                __ADC12MCTL2 = 0x82
                0x00000083                __ADC12MCTL3 = 0x83
                0x00000084                __ADC12MCTL4 = 0x84
                0x00000085                __ADC12MCTL5 = 0x85
                0x00000086                __ADC12MCTL6 = 0x86
                0x00000087                __ADC12MCTL7 = 0x87
                0x00000088                __ADC12MCTL8 = 0x88
                0x00000089                __ADC12MCTL9 = 0x89
                0x0000008a                __ADC12MCTL10 = 0x8a
                0x0000008b                __ADC12MCTL11 = 0x8b
                0x0000008c                __ADC12MCTL12 = 0x8c
                0x0000008d                __ADC12MCTL13 = 0x8d
                0x0000008e                __ADC12MCTL14 = 0x8e
                0x0000008f                __ADC12MCTL15 = 0x8f
                0x00000056                __DCOCTL = 0x56
                0x00000057                __BCSCTL1 = 0x57
                0x00000058                __BCSCTL2 = 0x58
                0x00000053                __BCSCTL3 = 0x53
                0x00000059                __CACTL1 = 0x59
                0x0000005a                __CACTL2 = 0x5a
                0x0000005b                __CAPD = 0x5b
                0x000001c0                __DAC12_0CTL = 0x1c0
                0x000001c2                __DAC12_1CTL = 0x1c2
                0x000001c8                __DAC12_0DAT = 0x1c8
                0x000001ca                __DAC12_1DAT = 0x1ca
                0x00000122                __DMACTL0 = 0x122
                0x00000124                __DMACTL1 = 0x124
                0x00000126                __DMAIV = 0x126
                0x000001d0                __DMA0CTL = 0x1d0
                0x000001dc                __DMA1CTL = 0x1dc
                0x000001e8                __DMA2CTL = 0x1e8
                0x000001d2                __DMA0SA = 0x1d2
                0x000001d2                __DMA0SAL = 0x1d2
                0x000001d6                __DMA0DA = 0x1d6
                0x000001d6                __DMA0DAL = 0x1d6
                0x000001da                __DMA0SZ = 0x1da
                0x000001de                __DMA1SA = 0x1de
                0x000001de                __DMA1SAL = 0x1de
                0x000001e2                __DMA1DA = 0x1e2
                0x000001e2                __DMA1DAL = 0x1e2
                0x000001e6                __DMA1SZ = 0x1e6
                0x000001ea                __DMA2SA = 0x1ea
                0x000001ea                __DMA2SAL = 0x1ea
                0x000001ee                __DMA2DA = 0x1ee
                0x000001ee                __DMA2DAL = 0x1ee
                0x000001f2                __DMA2SZ = 0x1f2
                0x00000128                __FCTL1 = 0x128
                0x0000012a                __FCTL2 = 0x12a
                0x0000012c                __FCTL3 = 0x12c
                0x000001be                __FCTL4 = 0x1be
                0x00000130                __MPY = 0x130
                0x00000132                __MPYS = 0x132
                0x00000134                __MAC = 0x134
                0x00000136                __MACS = 0x136
                0x00000138                __OP2 = 0x138
                0x0000013a                __RESLO = 0x13a
                0x0000013c                __RESHI = 0x13c
                0x0000013e                __SUMEXT = 0x13e
                0x00000020                __P1IN = 0x20
                0x00000021                __P1OUT = 0x21
                0x00000022                __P1DIR = 0x22
                0x00000023                __P1IFG = 0x23
                0x00000024                __P1IES = 0x24
                0x00000025                __P1IE = 0x25
                0x00000026                __P1SEL = 0x26
                0x00000027                __P1REN = 0x27
                0x00000028                __P2IN = 0x28
                0x00000029                __P2OUT = 0x29
                0x0000002a                __P2DIR = 0x2a
                0x0000002b                __P2IFG = 0x2b
                0x0000002c                __P2IES = 0x2c
                0x0000002d                __P2IE = 0x2d
                0x0000002e                __P2SEL = 0x2e
                0x0000002f                __P2REN = 0x2f
                0x00000018                __P3IN = 0x18
                0x00000019                __P3OUT = 0x19
                0x0000001a                __P3DIR = 0x1a
                0x0000001b                __P3SEL = 0x1b
                0x00000010                __P3REN = 0x10
                0x0000001c                __P4IN = 0x1c
                0x0000001d                __P4OUT = 0x1d
                0x0000001e                __P4DIR = 0x1e
                0x0000001f                __P4SEL = 0x1f
                0x00000011                __P4REN = 0x11
                0x00000030                __P5IN = 0x30
                0x00000031                __P5OUT = 0x31
                0x00000032                __P5DIR = 0x32
                0x00000033                __P5SEL = 0x33
                0x00000012                __P5REN = 0x12
                0x00000034                __P6IN = 0x34
                0x00000035                __P6OUT = 0x35
                0x00000036                __P6DIR = 0x36
                0x00000037                __P6SEL = 0x37
                0x00000013                __P6REN = 0x13
                0x00000038                __P7IN = 0x38
                0x0000003a                __P7OUT = 0x3a
                0x0000003c                __P7DIR = 0x3c
                0x0000003e                __P7SEL = 0x3e
                0x00000014                __P7REN = 0x14
                0x00000039                __P8IN = 0x39
                0x0000003b                __P8OUT = 0x3b
                0x0000003d                __P8DIR = 0x3d
                0x0000003f                __P8SEL = 0x3f
                0x00000015                __P8REN = 0x15
                0x00000038                __PAIN = 0x38
                0x0000003a                __PAOUT = 0x3a
                0x0000003c                __PADIR = 0x3c
                0x0000003e                __PASEL = 0x3e
                0x00000014                __PAREN = 0x14
                0x00000055                __SVSCTL = 0x55
                0x0000012e                __TAIV = 0x12e
                0x00000160                __TACTL = 0x160
                0x00000162                __TACCTL0 = 0x162
                0x00000164                __TACCTL1 = 0x164
                0x00000166                __TACCTL2 = 0x166
                0x00000170                __TAR = 0x170
                0x00000172                __TACCR0 = 0x172
                0x00000174                __TACCR1 = 0x174
                0x00000176                __TACCR2 = 0x176
                0x0000011e                __TBIV = 0x11e
                0x00000180                __TBCTL = 0x180
                0x00000182                __TBCCTL0 = 0x182
                0x00000184                __TBCCTL1 = 0x184
                0x00000186                __TBCCTL2 = 0x186
                0x00000188                __TBCCTL3 = 0x188
                0x0000018a                __TBCCTL4 = 0x18a
                0x0000018c                __TBCCTL5 = 0x18c
                0x0000018e                __TBCCTL6 = 0x18e
                0x00000190                __TBR = 0x190
                0x00000192                __TBCCR0 = 0x192
                0x00000194                __TBCCR1 = 0x194
                0x00000196                __TBCCR2 = 0x196
                0x00000198                __TBCCR3 = 0x198
                0x0000019a                __TBCCR4 = 0x19a
                0x0000019c                __TBCCR5 = 0x19c
                0x0000019e                __TBCCR6 = 0x19e
                0x00000060                __UCA0CTL0 = 0x60
                0x00000061                __UCA0CTL1 = 0x61
                0x00000062                __UCA0BR0 = 0x62
                0x00000063                __UCA0BR1 = 0x63
                0x00000064                __UCA0MCTL = 0x64
                0x00000065                __UCA0STAT = 0x65
                0x00000066                __UCA0RXBUF = 0x66
                0x00000067                __UCA0TXBUF = 0x67
                0x0000005d                __UCA0ABCTL = 0x5d
                0x0000005e                __UCA0IRTCTL = 0x5e
                0x0000005f                __UCA0IRRCTL = 0x5f
                0x00000068                __UCB0CTL0 = 0x68
                0x00000069                __UCB0CTL1 = 0x69
                0x0000006a                __UCB0BR0 = 0x6a
                0x0000006b                __UCB0BR1 = 0x6b
                0x0000006c                __UCB0I2CIE = 0x6c
                0x0000006d                __UCB0STAT = 0x6d
                0x0000006e                __UCB0RXBUF = 0x6e
                0x0000006f                __UCB0TXBUF = 0x6f
                0x00000118                __UCB0I2COA = 0x118
                0x0000011a                __UCB0I2CSA = 0x11a
                0x000000d0                __UCA1CTL0 = 0xd0
                0x000000d1                __UCA1CTL1 = 0xd1
                0x000000d2                __UCA1BR0 = 0xd2
                0x000000d3                __UCA1BR1 = 0xd3
                0x000000d4                __UCA1MCTL = 0xd4
                0x000000d5                __UCA1STAT = 0xd5
                0x000000d6                __UCA1RXBUF = 0xd6
                0x000000d7                __UCA1TXBUF = 0xd7
                0x000000cd                __UCA1ABCTL = 0xcd
                0x000000ce                __UCA1IRTCTL = 0xce
                0x000000cf                __UCA1IRRCTL = 0xcf
                0x000000d8                __UCB1CTL0 = 0xd8
                0x000000d9                __UCB1CTL1 = 0xd9
                0x000000da                __UCB1BR0 = 0xda
                0x000000db                __UCB1BR1 = 0xdb
                0x000000dc                __UCB1I2CIE = 0xdc
                0x000000dd                __UCB1STAT = 0xdd
                0x000000de                __UCB1RXBUF = 0xde
                0x000000df                __UCB1TXBUF = 0xdf
                0x0000017c                __UCB1I2COA = 0x17c
                0x0000017e                __UCB1I2CSA = 0x17e
                0x00000120                __WDTCTL = 0x120
                0x000010c0                __TLV_CHECKSUM = 0x10c0
                0x000010f6                __TLV_DCO_30_TAG = 0x10f6
                0x000010f7                __TLV_DCO_30_LEN = 0x10f7
                0x000010da                __TLV_ADC12_1_TAG = 0x10da
                0x000010db                __TLV_ADC12_1_LEN = 0x10db
                0x000010f8                __CALDCO_16MHZ = 0x10f8
                0x000010f9                __CALBC1_16MHZ = 0x10f9
                0x000010fa                __CALDCO_12MHZ = 0x10fa
                0x000010fb                __CALBC1_12MHZ = 0x10fb
                0x000010fc                __CALDCO_8MHZ = 0x10fc
                0x000010fd                __CALBC1_8MHZ = 0x10fd
                0x000010fe                __CALDCO_1MHZ = 0x10fe
                0x000010ff                __CALBC1_1MHZ = 0x10ff

.hash
 *(.hash)

.dynsym
 *(.dynsym)

.dynstr
 *(.dynstr)

.gnu.version
 *(.gnu.version)

.gnu.version_d
 *(.gnu.version_d)

.gnu.version_r
 *(.gnu.version_r)

.rel.init
 *(.rel.init)

.rela.init
 *(.rela.init)

.rel.fini
 *(.rel.fini)

.rela.fini
 *(.rela.fini)

.rel.text
 *(.rel.text .rel.text.* .rel.gnu.linkonce.t.*)

.rela.text
 *(.rela.text .rela.text.* .rela.gnu.linkonce.t.*)

.rel.rodata
 *(.rel.rodata .rel.rodata.* .rel.gnu.linkonce.r.*)

.rela.rodata
 *(.rela.rodata .rela.rodata.* .rela.gnu.linkonce.r.*)

.rel.data
 *(.rel.data .rel.data.* .rel.gnu.linkonce.d.*)

.rela.data
 *(.rela.data .rela.data.* .rela.gnu.linkonce.d.*)

.rel.bss
 *(.rel.bss .rel.bss.* .rel.gnu.linkonce.b.*)

.rela.bss
 *(.rela.bss .rela.bss.* .rela.gnu.linkonce.b.*)

.rel.ctors
 *(.rel.ctors)

.rela.ctors
 *(.rela.ctors)

.rel.dtors
 *(.rel.dtors)

.rela.dtors
 *(.rela.dtors)

.rel.got
 *(.rel.got)

.rela.got
 *(.rela.got)

.rel.plt
 *(.rel.plt)

.rela.plt
 *(.rela.plt)

.text           0x00003100     0xbbd6
                0x00003100                . = ALIGN (0x2)
 *(.init .init.*)
 *(.init0)
 .init0         0x00003100        0x0 /usr/local/msp430/bin/../lib/gcc/msp430/4.7.0/mcpu-430x/mmpy-16/libcrt0.a(_reset_vector__.o)
                0x00003100                _reset_vector__
 *(.init1)
 .init1         0x00003100        0xc /usr/local/msp430/bin/../lib/gcc/msp430/4.7.0/mcpu-430x/mmpy-16/libcrt0.a(__watchdog_support.o)
                0x00003100                __watchdog_support
 *(.init2)
 .init2         0x0000310c        0x4 /usr/local/msp430/bin/../lib/gcc/msp430/4.7.0/mcpu-430x/mmpy-16/libcrt0.a(__init_stack.o)
                0x0000310c                __init_stack
 *(.init3)
 .init3         0x00003110        0x0 /usr/local/msp430/bin/../lib/gcc/msp430/4.7.0/mcpu-430x/mmpy-16/libcrt0.a(__low_level_init.o)
                0x00003110                __low_level_init
 *(.init4)
 .init4         0x00003110       0x18 /usr/local/msp430/bin/../lib/gcc/msp430/4.7.0/mcpu-430x/mmpy-16/libcrt0.a(_copy_data.o)
                0x00003110                __do_copy_data
 .init4         0x00003128       0x16 /usr/local/msp430/bin/../lib/gcc/msp430/4.7.0/mcpu-430x/mmpy-16/libcrt0.a(_clear_bss.o)
                0x00003128                __do_clear_bss
 *(.init5)
 *(.init6)
 *(.init7)
 *(.init8)
 *(.init9)
 .init9         0x0000313e      0x35c obj_z1/contiki-z1-main.o
                0x0000313e                main
 *(.fini9)
 .fini9         0x0000349a        0x0 /usr/local/msp430/bin/../lib/gcc/msp430/4.7.0/mcpu-430x/mmpy-16/libcrt0.a(__stop_progExec__.o)
                0x0000349a                __stop_progExec__
 *(.fini8)
 *(.fini7)
 *(.fini6)
 *(.fini5)
 *(.fini4)
 *(.fini3)
 *(.fini2)
 *(.fini1)
 *(.fini0)
 .fini0         0x0000349a        0x6 /usr/local/msp430/bin/../lib/gcc/msp430/4.7.0/mcpu-430x/mmpy-16/libcrt0.a(_endless_loop__.o)
                0x0000349a                _endless_loop__
 *(.fini .fini.*)
                0x000034a0                . = ALIGN (0x2)
                0x000034a0                __ctors_start = .
 *(.ctors)
                0x000034a0                __ctors_end = .
                0x000034a0                __dtors_start = .
 *(.dtors)
                0x000034a0                __dtors_end = .
                0x000034a0                . = ALIGN (0x2)
 *(.text .text.* .gnu.linkonce.t.*)
 .text          0x000034a0        0x4 /usr/local/msp430/bin/../lib/gcc/msp430/4.7.0/mcpu-430x/mmpy-16/crt0ivtbl32.o
                0x000034a0                __isr_14
                0x000034a0                __isr_4
                0x000034a0                __isr_29
                0x000034a0                __isr_11
                0x000034a0                __isr_5
                0x000034a0                __isr_2
                0x000034a0                __isr_10
                0x000034a0                __isr_7
                0x000034a0                __isr_0
                0x000034a0                __isr_28
                0x000034a0                __isr_8
                0x000034a0                __isr_20
                0x000034a0                __isr_3
                0x000034a0                __isr_12
                0x000034a0                __isr_13
                0x000034a0                __isr_27
                0x000034a0                __isr_9
                0x000034a0                __isr_30
                0x000034a0                __isr_6
                0x000034a0                __isr_22
                0x000034a0                __isr_1
                0x000034a0                __isr_15
                0x000034a0                __isr_21
 .text.process_thread_led_process
                0x000034a4       0x62 z1-websense.co
 .text.send_values
                0x00003506      0x118 z1-websense.co
 .text.predict  0x0000361e      0x53a z1-websense.co
                0x0000361e                predict
 .text.process_thread_accel_process
                0x00003b58       0xfc z1-websense.co
 .text.print_int
                0x00003c54       0x48 z1-websense.co
                0x00003c54                print_int
 .text.accm_tap_cb
                0x00003c9c       0x36 z1-websense.co
                0x00003c9c                accm_tap_cb
 .text.httpd_simple_get_script
                0x00003cd2        0x6 z1-websense.co
                0x00003cd2                httpd_simple_get_script
 .text.handle_input
                0x00003cd8       0xee obj_z1/httpd-simple.o
 .text.send_headers
                0x00003dc6       0x6a obj_z1/httpd-simple.o
 .text.handle_output
                0x00003e30       0xf4 obj_z1/httpd-simple.o
 .text.httpd_appcall
                0x00003f24       0xcc obj_z1/httpd-simple.o
                0x00003f24                httpd_appcall
 .text.httpd_init
                0x00003ff0       0x12 obj_z1/httpd-simple.o
                0x00003ff0                httpd_init
 .text.rimeaddr_copy
                0x00004002        0x8 contiki-z1.a(rimeaddr.o)
                0x00004002                rimeaddr_copy
 .text.rimeaddr_cmp
                0x0000400a       0x12 contiki-z1.a(rimeaddr.o)
                0x0000400a                rimeaddr_cmp
 .text.rimeaddr_set_node_addr
                0x0000401c        0xc contiki-z1.a(rimeaddr.o)
                0x0000401c                rimeaddr_set_node_addr
 .text.input_packet
                0x00004028        0x6 contiki-z1.a(csma.o)
 .text.on       0x0000402e        0x6 contiki-z1.a(csma.o)
 .text.off      0x00004034        0x6 contiki-z1.a(csma.o)
 .text.channel_check_interval
                0x0000403a       0x10 contiki-z1.a(csma.o)
 .text.transmit_packet_list
                0x0000404a       0x24 contiki-z1.a(csma.o)
 .text.init     0x0000406e       0x1a contiki-z1.a(csma.o)
 .text.send_packet
                0x00004088      0x158 contiki-z1.a(csma.o)
 .text.free_packet
                0x000041e0       0x94 contiki-z1.a(csma.o)
 .text.packet_sent
                0x00004274      0x114 contiki-z1.a(csma.o)
 .text.duty_cycle
                0x00004388        0x6 contiki-z1.a(contikimac.o)
 .text.init     0x0000438e       0x2e contiki-z1.a(contikimac.o)
 .text.on       0x000043bc       0x1a contiki-z1.a(contikimac.o)
 .text.off      0x000043d6       0x22 contiki-z1.a(contikimac.o)
 .text.recv_burst_off
                0x000043f8        0xa contiki-z1.a(contikimac.o)
 .text.powercycle_turn_radio_off
                0x00004402       0x14 contiki-z1.a(contikimac.o)
 .text.turn_off
                0x00004416       0x20 contiki-z1.a(contikimac.o)
 .text.turn_on  0x00004436       0x30 contiki-z1.a(contikimac.o)
 .text.schedule_powercycle_fixed.part.5
                0x00004466       0x34 contiki-z1.a(contikimac.o)
 .text.input_packet
                0x0000449a       0xf8 contiki-z1.a(contikimac.o)
 .text.send_packet
                0x00004592      0x278 contiki-z1.a(contikimac.o)
 .text.qsend_list
                0x0000480a       0x72 contiki-z1.a(contikimac.o)
 .text.qsend_packet
                0x0000487c       0x24 contiki-z1.a(contikimac.o)
 .text.powercycle
                0x000048a0      0x1da contiki-z1.a(contikimac.o)
 .text.send_packet
                0x00004a7a       0x44 contiki-z1.a(phase.o)
 .text.phase_update
                0x00004abe       0x86 contiki-z1.a(phase.o)
                0x00004abe                phase_update
 .text.phase_wait
                0x00004b44       0xda contiki-z1.a(phase.o)
                0x00004b44                phase_wait
 .text.phase_init
                0x00004c1e       0x14 contiki-z1.a(phase.o)
                0x00004c1e                phase_init
 .text.call_process
                0x00004c32       0x42 contiki-z1.a(process.o)
 .text.exit_process
                0x00004c74       0x8a contiki-z1.a(process.o)
 .text.do_poll  0x00004cfe       0x30 contiki-z1.a(process.o)
 .text.process_alloc_event
                0x00004d2e        0xe contiki-z1.a(process.o)
                0x00004d2e                process_alloc_event
 .text.process_init
                0x00004d3c       0x1c contiki-z1.a(process.o)
                0x00004d3c                process_init
 .text.process_run
                0x00004d58       0xa4 contiki-z1.a(process.o)
                0x00004d58                process_run
 .text.process_nevents
                0x00004dfc        0xe contiki-z1.a(process.o)
                0x00004dfc                process_nevents
 .text.process_post
                0x00004e0a       0x50 contiki-z1.a(process.o)
                0x00004e0a                process_post
 .text.process_post_synch
                0x00004e5a       0x12 contiki-z1.a(process.o)
                0x00004e5a                process_post_synch
 .text.process_start
                0x00004e6c       0x36 contiki-z1.a(process.o)
                0x00004e6c                process_start
 .text.process_poll
                0x00004ea2       0x18 contiki-z1.a(process.o)
                0x00004ea2                process_poll
 .text.autostart_start
                0x00004eba       0x16 contiki-z1.a(autostart.o)
                0x00004eba                autostart_start
 .text.memb_init
                0x00004ed0       0x36 contiki-z1.a(memb.o)
                0x00004ed0                memb_init
 .text.memb_alloc
                0x00004f06       0x3e contiki-z1.a(memb.o)
                0x00004f06                memb_alloc
 .text.memb_free
                0x00004f44       0x3a contiki-z1.a(memb.o)
                0x00004f44                memb_free
 .text.memb_inmemb
                0x00004f7e       0x2a contiki-z1.a(memb.o)
                0x00004f7e                memb_inmemb
 .text.timer_set
                0x00004fa8       0x1c contiki-z1.a(timer.o)
                0x00004fa8                timer_set
 .text.timer_reset
                0x00004fc4        0xe contiki-z1.a(timer.o)
                0x00004fc4                timer_reset
 .text.timer_restart
                0x00004fd2       0x14 contiki-z1.a(timer.o)
                0x00004fd2                timer_restart
 .text.timer_expired
                0x00004fe6       0x2a contiki-z1.a(timer.o)
                0x00004fe6                timer_expired
 .text.list_init
                0x00005010        0x6 contiki-z1.a(list.o)
                0x00005010                list_init
 .text.list_head
                0x00005016        0x4 contiki-z1.a(list.o)
                0x00005016                list_head
 .text.list_tail
                0x0000501a       0x12 contiki-z1.a(list.o)
                0x0000501a                list_tail
 .text.list_remove
                0x0000502c       0x34 contiki-z1.a(list.o)
                0x0000502c                list_remove
 .text.list_push
                0x00005060       0x16 contiki-z1.a(list.o)
                0x00005060                list_push
 .text.list_add
                0x00005076       0x26 contiki-z1.a(list.o)
                0x00005076                list_add
 .text.list_length
                0x0000509c       0x10 contiki-z1.a(list.o)
                0x0000509c                list_length
 .text.list_item_next
                0x000050ac        0xc contiki-z1.a(list.o)
                0x000050ac                list_item_next
 .text.update_time
                0x000050b8       0x70 contiki-z1.a(etimer.o)
 .text.etimer_request_poll
                0x00005128        0xa contiki-z1.a(etimer.o)
                0x00005128                etimer_request_poll
 .text.process_thread_etimer_process
                0x00005132       0xc4 contiki-z1.a(etimer.o)
 .text.add_timer
                0x000051f6       0x40 contiki-z1.a(etimer.o)
 .text.etimer_set
                0x00005236       0x12 contiki-z1.a(etimer.o)
                0x00005236                etimer_set
 .text.etimer_reset
                0x00005248       0x12 contiki-z1.a(etimer.o)
                0x00005248                etimer_reset
 .text.etimer_restart
                0x0000525a       0x12 contiki-z1.a(etimer.o)
                0x0000525a                etimer_restart
 .text.etimer_expired
                0x0000526c        0xe contiki-z1.a(etimer.o)
                0x0000526c                etimer_expired
 .text.etimer_expiration_time
                0x0000527a       0x14 contiki-z1.a(etimer.o)
                0x0000527a                etimer_expiration_time
 .text.etimer_pending
                0x0000528e        0xc contiki-z1.a(etimer.o)
                0x0000528e                etimer_pending
 .text.etimer_next_expiration_time
                0x0000529a       0x16 contiki-z1.a(etimer.o)
                0x0000529a                etimer_next_expiration_time
 .text.etimer_stop
                0x000052b0       0x3e contiki-z1.a(etimer.o)
                0x000052b0                etimer_stop
 .text.process_thread_ctimer_process
                0x000052ee       0xa0 contiki-z1.a(ctimer.o)
 .text.ctimer_init
                0x0000538e       0x18 contiki-z1.a(ctimer.o)
                0x0000538e                ctimer_init
 .text.ctimer_set
                0x000053a6       0x52 contiki-z1.a(ctimer.o)
                0x000053a6                ctimer_set
 .text.ctimer_reset
                0x000053f8       0x36 contiki-z1.a(ctimer.o)
                0x000053f8                ctimer_reset
 .text.ctimer_stop
                0x0000542e       0x28 contiki-z1.a(ctimer.o)
                0x0000542e                ctimer_stop
 .text.energest_init
                0x00005456       0x24 contiki-z1.a(energest.o)
                0x00005456                energest_init
 .text.energest_type_time
                0x0000547a       0x3c contiki-z1.a(energest.o)
                0x0000547a                energest_type_time
 .text.energest_type_set
                0x000054b6        0xc contiki-z1.a(energest.o)
                0x000054b6                energest_type_set
 .text.energest_flush
                0x000054c2       0x38 contiki-z1.a(energest.o)
                0x000054c2                energest_flush
 .text.rtimer_init
                0x000054fa        0x6 contiki-z1.a(rtimer.o)
                0x000054fa                rtimer_init
 .text.rtimer_set
                0x00005500       0x24 contiki-z1.a(rtimer.o)
                0x00005500                rtimer_set
 .text.rtimer_run_next
                0x00005524       0x26 contiki-z1.a(rtimer.o)
                0x00005524                rtimer_run_next
 .text.random_rand
                0x0000554a        0x6 contiki-z1.a(random.o)
                0x0000554a                random_rand
 .text.item_from_index
                0x00005550       0x2a contiki-z1.a(nbr-table.o)
 .text.index_from_key
                0x0000557a       0x26 contiki-z1.a(nbr-table.o)
 .text.index_from_item
                0x000055a0       0x1e contiki-z1.a(nbr-table.o)
 .text.nbr_set_bit
                0x000055be       0x50 contiki-z1.a(nbr-table.o)
 .text.index_from_lladdr
                0x0000560e       0x3e contiki-z1.a(nbr-table.o)
 .text.nbr_get_bit.constprop.0
                0x0000564c       0x2c contiki-z1.a(nbr-table.o)
 .text.nbr_table_register
                0x00005678       0x26 contiki-z1.a(nbr-table.o)
                0x00005678                nbr_table_register
 .text.nbr_table_next
                0x0000569e       0x4c contiki-z1.a(nbr-table.o)
                0x0000569e                nbr_table_next
 .text.nbr_table_head
                0x000056ea       0x36 contiki-z1.a(nbr-table.o)
                0x000056ea                nbr_table_head
 .text.nbr_table_add_lladdr
                0x00005720      0x110 contiki-z1.a(nbr-table.o)
                0x00005720                nbr_table_add_lladdr
 .text.nbr_table_get_from_lladdr
                0x00005830       0x28 contiki-z1.a(nbr-table.o)
                0x00005830                nbr_table_get_from_lladdr
 .text.nbr_table_remove
                0x00005858       0x2a contiki-z1.a(nbr-table.o)
                0x00005858                nbr_table_remove
 .text.nbr_table_lock
                0x00005882       0x10 contiki-z1.a(nbr-table.o)
                0x00005882                nbr_table_lock
 .text.nbr_table_unlock
                0x00005892       0x10 contiki-z1.a(nbr-table.o)
                0x00005892                nbr_table_unlock
 .text.nbr_table_get_lladdr
                0x000058a2       0x20 contiki-z1.a(nbr-table.o)
                0x000058a2                nbr_table_get_lladdr
 .text.packetbuf_copyto_hdr
                0x000058c2       0x1c contiki-z1.a(packetbuf.o)
                0x000058c2                packetbuf_copyto_hdr
 .text.packetbuf_copyto
                0x000058de       0x46 contiki-z1.a(packetbuf.o)
                0x000058de                packetbuf_copyto
 .text.packetbuf_hdr_remove
                0x00005924        0x6 contiki-z1.a(packetbuf.o)
                0x00005924                packetbuf_hdr_remove
 .text.packetbuf_hdrreduce
                0x0000592a       0x1a contiki-z1.a(packetbuf.o)
                0x0000592a                packetbuf_hdrreduce
 .text.packetbuf_set_datalen
                0x00005944        0x6 contiki-z1.a(packetbuf.o)
                0x00005944                packetbuf_set_datalen
 .text.packetbuf_dataptr
                0x0000594a        0xe contiki-z1.a(packetbuf.o)
                0x0000594a                packetbuf_dataptr
 .text.packetbuf_hdrptr
                0x00005958        0xa contiki-z1.a(packetbuf.o)
                0x00005958                packetbuf_hdrptr
 .text.packetbuf_is_reference
                0x00005962        0xe contiki-z1.a(packetbuf.o)
                0x00005962                packetbuf_is_reference
 .text.packetbuf_compact
                0x00005970       0x48 contiki-z1.a(packetbuf.o)
                0x00005970                packetbuf_compact
 .text.packetbuf_reference_ptr
                0x000059b8        0x6 contiki-z1.a(packetbuf.o)
                0x000059b8                packetbuf_reference_ptr
 .text.packetbuf_datalen
                0x000059be        0x6 contiki-z1.a(packetbuf.o)
                0x000059be                packetbuf_datalen
 .text.packetbuf_totlen
                0x000059c4       0x10 contiki-z1.a(packetbuf.o)
                0x000059c4                packetbuf_totlen
 .text.packetbuf_hdralloc
                0x000059d4       0x2a contiki-z1.a(packetbuf.o)
                0x000059d4                packetbuf_hdralloc
 .text.packetbuf_attr_clear
                0x000059fe       0x2c contiki-z1.a(packetbuf.o)
                0x000059fe                packetbuf_attr_clear
 .text.packetbuf_clear
                0x00005a2a       0x1a contiki-z1.a(packetbuf.o)
                0x00005a2a                packetbuf_clear
 .text.packetbuf_copyfrom
                0x00005a44       0x2a contiki-z1.a(packetbuf.o)
                0x00005a44                packetbuf_copyfrom
 .text.packetbuf_attr_copyto
                0x00005a6e       0x22 contiki-z1.a(packetbuf.o)
                0x00005a6e                packetbuf_attr_copyto
 .text.packetbuf_attr_copyfrom
                0x00005a90       0x24 contiki-z1.a(packetbuf.o)
                0x00005a90                packetbuf_attr_copyfrom
 .text.psock_send
                0x00005ab4       0xae contiki-z1.a(psock.o)
                0x00005ab4                psock_send
 .text.psock_datalen
                0x00005b62        0xc contiki-z1.a(psock.o)
                0x00005b62                psock_datalen
 .text.psock_newdata
                0x00005b6e       0x24 contiki-z1.a(psock.o)
                0x00005b6e                psock_newdata
 .text.psock_readto
                0x00005b92       0xb4 contiki-z1.a(psock.o)
                0x00005b92                psock_readto
 .text.psock_init
                0x00005c46       0x22 contiki-z1.a(psock.o)
                0x00005c46                psock_init
 .text.queuebuf_init
                0x00005c68       0x1a contiki-z1.a(queuebuf.o)
                0x00005c68                queuebuf_init
 .text.queuebuf_new_from_packetbuf
                0x00005c82       0x7a contiki-z1.a(queuebuf.o)
                0x00005c82                queuebuf_new_from_packetbuf
 .text.queuebuf_update_attr_from_packetbuf
                0x00005cfc       0x12 contiki-z1.a(queuebuf.o)
                0x00005cfc                queuebuf_update_attr_from_packetbuf
 .text.queuebuf_free
                0x00005d0e       0x40 contiki-z1.a(queuebuf.o)
                0x00005d0e                queuebuf_free
 .text.queuebuf_to_packetbuf
                0x00005d4e       0x6a contiki-z1.a(queuebuf.o)
                0x00005d4e                queuebuf_to_packetbuf
 .text.queuebuf_attr
                0x00005db8        0xe contiki-z1.a(queuebuf.o)
                0x00005db8                queuebuf_attr
 .text.set_packet_attrs
                0x00005dc6       0x46 contiki-z1.a(sicslowpan.o)
 .text.addr_context_lookup_by_number
                0x00005e0c       0x30 contiki-z1.a(sicslowpan.o)
 .text.compress_addr_64
                0x00005e3c       0x9a contiki-z1.a(sicslowpan.o)
 .text.uncompress_addr
                0x00005ed6       0x96 contiki-z1.a(sicslowpan.o)
 .text.input    0x00005f6c      0x5ee contiki-z1.a(sicslowpan.o)
 .text.sicslowpan_init
                0x0000655a       0x26 contiki-z1.a(sicslowpan.o)
                0x0000655a                sicslowpan_init
 .text.addr_context_lookup_by_prefix
                0x00006580       0x4a contiki-z1.a(sicslowpan.o)
 .text.packet_sent
                0x000065ca       0x22 contiki-z1.a(sicslowpan.o)
 .text.send_packet
                0x000065ec       0x1a contiki-z1.a(sicslowpan.o)
 .text.output   0x00006606      0x6ba contiki-z1.a(sicslowpan.o)
 .text.start_periodic_tcp_timer
                0x00006cc0       0x16 contiki-z1.a(tcpip.o)
 .text.tcpip_output
                0x00006cd6       0x10 contiki-z1.a(tcpip.o)
                0x00006cd6                tcpip_output
 .text.tcpip_set_outputfunc
                0x00006ce6        0x6 contiki-z1.a(tcpip.o)
                0x00006ce6                tcpip_set_outputfunc
 .text.tcp_listen
                0x00006cec       0x3a contiki-z1.a(tcpip.o)
                0x00006cec                tcp_listen
 .text.tcp_attach
                0x00006d26        0xc contiki-z1.a(tcpip.o)
                0x00006d26                tcp_attach
 .text.tcpip_input
                0x00006d32       0x16 contiki-z1.a(tcpip.o)
                0x00006d32                tcpip_input
 .text.tcpip_ipv6_output
                0x00006d48      0x14e contiki-z1.a(tcpip.o)
                0x00006d48                tcpip_ipv6_output
 .text.process_thread_tcpip_process
                0x00006e96      0x1ba contiki-z1.a(tcpip.o)
 .text.tcpip_uipcall
                0x00007050       0x70 contiki-z1.a(tcpip.o)
                0x00007050                tcpip_uipcall
 .text.call_route_callback
                0x000070c0       0x40 contiki-z1.a(uip-ds6-route.o)
 .text.uip_ds6_route_init
                0x00007100       0x2e contiki-z1.a(uip-ds6-route.o)
                0x00007100                uip_ds6_route_init
 .text.uip_ds6_route_nexthop
                0x0000712e       0x1a contiki-z1.a(uip-ds6-route.o)
                0x0000712e                uip_ds6_route_nexthop
 .text.uip_ds6_route_head
                0x00007148       0x28 contiki-z1.a(uip-ds6-route.o)
                0x00007148                uip_ds6_route_head
 .text.uip_ds6_route_next
                0x00007170       0x30 contiki-z1.a(uip-ds6-route.o)
                0x00007170                uip_ds6_route_next
 .text.uip_ds6_route_lookup
                0x000071a0       0x40 contiki-z1.a(uip-ds6-route.o)
                0x000071a0                uip_ds6_route_lookup
 .text.uip_ds6_route_add
                0x000071e0       0xa0 contiki-z1.a(uip-ds6-route.o)
                0x000071e0                uip_ds6_route_add
 .text.uip_ds6_route_rm
                0x00007280       0x60 contiki-z1.a(uip-ds6-route.o)
                0x00007280                uip_ds6_route_rm
 .text.rm_routelist
                0x000072e0       0x30 contiki-z1.a(uip-ds6-route.o)
 .text.rm_routelist_callback
                0x00007310        0x6 contiki-z1.a(uip-ds6-route.o)
 .text.uip_ds6_defrt_rm
                0x00007316       0x44 contiki-z1.a(uip-ds6-route.o)
                0x00007316                uip_ds6_defrt_rm
 .text.uip_ds6_defrt_lookup
                0x0000735a       0x32 contiki-z1.a(uip-ds6-route.o)
                0x0000735a                uip_ds6_defrt_lookup
 .text.uip_ds6_defrt_add
                0x0000738c       0x68 contiki-z1.a(uip-ds6-route.o)
                0x0000738c                uip_ds6_defrt_add
 .text.uip_ds6_defrt_choose
                0x000073f4       0x36 contiki-z1.a(uip-ds6-route.o)
                0x000073f4                uip_ds6_defrt_choose
 .text.uip_ds6_defrt_periodic
                0x0000742a       0x38 contiki-z1.a(uip-ds6-route.o)
                0x0000742a                uip_ds6_defrt_periodic
 .text.uip_ds6_nbr_rm
                0x00007462       0x1a contiki-z1.a(uip-ds6-nbr.o)
                0x00007462                uip_ds6_nbr_rm
 .text.uip_ds6_neighbors_init
                0x0000747c        0xe contiki-z1.a(uip-ds6-nbr.o)
                0x0000747c                uip_ds6_neighbors_init
 .text.uip_ds6_nbr_add
                0x0000748a       0x54 contiki-z1.a(uip-ds6-nbr.o)
                0x0000748a                uip_ds6_nbr_add
 .text.uip_ds6_nbr_get_ll
                0x000074de        0xc contiki-z1.a(uip-ds6-nbr.o)
                0x000074de                uip_ds6_nbr_get_ll
 .text.uip_ds6_nbr_lookup
                0x000074ea       0x3e contiki-z1.a(uip-ds6-nbr.o)
                0x000074ea                uip_ds6_nbr_lookup
 .text.uip_ds6_nbr_ll_lookup
                0x00007528        0xc contiki-z1.a(uip-ds6-nbr.o)
                0x00007528                uip_ds6_nbr_ll_lookup
 .text.uip_ds6_nbr_ipaddr_from_lladdr
                0x00007534        0x6 contiki-z1.a(uip-ds6-nbr.o)
                0x00007534                uip_ds6_nbr_ipaddr_from_lladdr
 .text.uip_ds6_nbr_lladdr_from_ipaddr
                0x0000753a       0x12 contiki-z1.a(uip-ds6-nbr.o)
                0x0000753a                uip_ds6_nbr_lladdr_from_ipaddr
 .text.uip_ds6_link_neighbor_callback
                0x0000754c       0x26 contiki-z1.a(uip-ds6-nbr.o)
                0x0000754c                uip_ds6_link_neighbor_callback
 .text.uip_ds6_neighbor_periodic
                0x00007572       0xfa contiki-z1.a(uip-ds6-nbr.o)
                0x00007572                uip_ds6_neighbor_periodic
 .text.uip_ds6_list_loop
                0x0000766c       0x66 contiki-z1.a(uip-ds6.o)
                0x0000766c                uip_ds6_list_loop
 .text.uip_ds6_prefix_add
                0x000076d2       0x70 contiki-z1.a(uip-ds6.o)
                0x000076d2                uip_ds6_prefix_add
 .text.uip_ds6_is_addr_onlink
                0x00007742       0x42 contiki-z1.a(uip-ds6.o)
                0x00007742                uip_ds6_is_addr_onlink
 .text.uip_ds6_addr_lookup
                0x00007784       0x2a contiki-z1.a(uip-ds6.o)
                0x00007784                uip_ds6_addr_lookup
 .text.uip_ds6_get_link_local
                0x000077ae       0x3e contiki-z1.a(uip-ds6.o)
                0x000077ae                uip_ds6_get_link_local
 .text.uip_ds6_maddr_add
                0x000077ec       0x48 contiki-z1.a(uip-ds6.o)
                0x000077ec                uip_ds6_maddr_add
 .text.uip_ds6_addr_add
                0x00007834       0xb4 contiki-z1.a(uip-ds6.o)
                0x00007834                uip_ds6_addr_add
 .text.uip_ds6_maddr_rm
                0x000078e8        0xa contiki-z1.a(uip-ds6.o)
                0x000078e8                uip_ds6_maddr_rm
 .text.uip_ds6_maddr_lookup
                0x000078f2       0x2a contiki-z1.a(uip-ds6.o)
                0x000078f2                uip_ds6_maddr_lookup
 .text.uip_ds6_addr_rm
                0x0000791c       0x54 contiki-z1.a(uip-ds6.o)
                0x0000791c                uip_ds6_addr_rm
 .text.uip_ds6_periodic
                0x00007970       0x4a contiki-z1.a(uip-ds6.o)
                0x00007970                uip_ds6_periodic
 .text.uip_ds6_set_addr_iid
                0x000079ba       0x14 contiki-z1.a(uip-ds6.o)
                0x000079ba                uip_ds6_set_addr_iid
 .text.get_match_length
                0x000079ce       0x3c contiki-z1.a(uip-ds6.o)
                0x000079ce                get_match_length
 .text.uip_ds6_select_src
                0x00007a0a       0x9a contiki-z1.a(uip-ds6.o)
                0x00007a0a                uip_ds6_select_src
 .text.uip_ds6_compute_reachable_time
                0x00007aa4       0x36 contiki-z1.a(uip-ds6.o)
                0x00007aa4                uip_ds6_compute_reachable_time
 .text.uip_ds6_init
                0x00007ada      0x138 contiki-z1.a(uip-ds6.o)
                0x00007ada                uip_ds6_init
 .text.uip_nd6_ns_input
                0x00007c12      0x246 contiki-z1.a(uip-nd6.o)
                0x00007c12                uip_nd6_ns_input
 .text.uip_nd6_ns_output
                0x00007e58      0x176 contiki-z1.a(uip-nd6.o)
                0x00007e58                uip_nd6_ns_output
 .text.uip_nd6_na_input
                0x00007fce      0x1a0 contiki-z1.a(uip-nd6.o)
                0x00007fce                uip_nd6_na_input
 .text.chksum   0x0000816e       0x32 contiki-z1.a(uip6.o)
 .text.upper_layer_chksum
                0x000081a0       0x56 contiki-z1.a(uip6.o)
 .text.ext_hdr_options_process
                0x000081f6       0xc2 contiki-z1.a(uip6.o)
 .text.uip_add32
                0x000082b8       0x60 contiki-z1.a(uip6.o)
                0x000082b8                uip_add32
 .text.uip_add_rcv_nxt
                0x00008318       0x2e contiki-z1.a(uip6.o)
 .text.uip_icmp6chksum
                0x00008346        0xa contiki-z1.a(uip6.o)
                0x00008346                uip_icmp6chksum
 .text.uip_tcpchksum
                0x00008350        0xa contiki-z1.a(uip6.o)
                0x00008350                uip_tcpchksum
 .text.uip_udpchksum
                0x0000835a        0xa contiki-z1.a(uip6.o)
                0x0000835a                uip_udpchksum
 .text.uip_init
                0x00008364       0x5a contiki-z1.a(uip6.o)
                0x00008364                uip_init
 .text.remove_ext_hdr
                0x000083be       0x54 contiki-z1.a(uip6.o)
                0x000083be                remove_ext_hdr
 .text.uip_unlisten
                0x00008412       0x2a contiki-z1.a(uip6.o)
                0x00008412                uip_unlisten
 .text.uip_listen
                0x0000843c       0x2c contiki-z1.a(uip6.o)
                0x0000843c                uip_listen
 .text.uip_process
                0x00008468      0xe18 contiki-z1.a(uip6.o)
                0x00008468                uip_process
 .text.uip_htonl
                0x00009280       0x2a contiki-z1.a(uip6.o)
                0x00009280                uip_htonl
 .text.uip_send
                0x000092aa       0x2c contiki-z1.a(uip6.o)
                0x000092aa                uip_send
 .text.process_thread_webserver_nogui_process
                0x000092d6       0x40 contiki-z1.a(webserver-nogui)
 .text.init_platform
                0x00009316        0xc contiki-z1.a(contiki-z1-plat)
                0x00009316                init_platform
 .text.msp430_quick_synch_dco
                0x00009322       0x7c contiki-z1.a(msp430.o)
                0x00009322                msp430_quick_synch_dco
 .text.msp430_cpu_init
                0x0000939e       0x26 contiki-z1.a(msp430.o)
                0x0000939e                msp430_cpu_init
 .text.splhigh_
                0x000093c4        0x8 contiki-z1.a(msp430.o)
                0x000093c4                splhigh_
 .text.show_leds
                0x000093cc       0xf8 contiki-z1.a(leds.o)
 .text.leds_init
                0x000094c4        0xe contiki-z1.a(leds.o)
                0x000094c4                leds_init
 .text.leds_on  0x000094d2       0x14 contiki-z1.a(leds.o)
                0x000094d2                leds_on
 .text.leds_off
                0x000094e6       0x14 contiki-z1.a(leds.o)
                0x000094e6                leds_off
 .text.watchdog_start
                0x000094fa       0x14 contiki-z1.a(watchdog.o)
                0x000094fa                watchdog_start
 .text.watchdog_periodic
                0x0000950e       0x12 contiki-z1.a(watchdog.o)
                0x0000950e                watchdog_periodic
 .text.watchdog_stop
                0x00009520       0x16 contiki-z1.a(watchdog.o)
                0x00009520                watchdog_stop
 .text.watchdog_init
                0x00009536       0x12 contiki-z1.a(watchdog.o)
                0x00009536                watchdog_init
 .text.wait_ready
                0x00009548       0x46 contiki-z1.a(xmem.o)
 .text.xmem_init
                0x0000958e       0x1e contiki-z1.a(xmem.o)
                0x0000958e                xmem_init
 .text.xmem_pread
                0x000095ac       0xc2 contiki-z1.a(xmem.o)
                0x000095ac                xmem_pread
 .text.spi_init
                0x0000966e       0x32 contiki-z1.a(spi.o)
                0x0000966e                spi_init
 .text.strobe   0x000096a0       0x1a contiki-z1.a(cc2420.o)
 .text.status   0x000096ba       0x20 contiki-z1.a(cc2420.o)
 .text.getreg   0x000096da       0x46 contiki-z1.a(cc2420.o)
 .text.setreg   0x00009720       0x44 contiki-z1.a(cc2420.o)
 .text.set_txpower
                0x00009764       0x24 contiki-z1.a(cc2420.o)
 .text.cc2420_receiving_packet
                0x00009788        0xa contiki-z1.a(cc2420.o)
 .text.pending_packet
                0x00009792        0xa contiki-z1.a(cc2420.o)
 .text.on       0x0000979c       0x44 contiki-z1.a(cc2420.o)
 .text.flushrx  0x000097e0       0x64 contiki-z1.a(cc2420.o)
 .text.off      0x00009844       0x6e contiki-z1.a(cc2420.o)
 .text.RELEASE_LOCK
                0x000098b2       0x28 contiki-z1.a(cc2420.o)
 .text.cc2420_prepare
                0x000098da       0x76 contiki-z1.a(cc2420.o)
 .text.getrxdata
                0x00009950       0x4c contiki-z1.a(cc2420.o)
 .text.cc2420_on
                0x0000999c       0x22 contiki-z1.a(cc2420.o)
                0x0000999c                cc2420_on
 .text.cc2420_off
                0x000099be       0x30 contiki-z1.a(cc2420.o)
                0x000099be                cc2420_off
 .text.cc2420_cca
                0x000099ee       0x6e contiki-z1.a(cc2420.o)
 .text.cc2420_read
                0x00009a5c       0xce contiki-z1.a(cc2420.o)
 .text.process_thread_cc2420_process
                0x00009b2a       0x54 contiki-z1.a(cc2420.o)
 .text.cc2420_set_channel
                0x00009b7e       0x78 contiki-z1.a(cc2420.o)
                0x00009b7e                cc2420_set_channel
 .text.cc2420_set_pan_addr
                0x00009bf6      0x120 contiki-z1.a(cc2420.o)
                0x00009bf6                cc2420_set_pan_addr
 .text.cc2420_interrupt
                0x00009d16       0x1e contiki-z1.a(cc2420.o)
                0x00009d16                cc2420_interrupt
 .text.cc2420_set_txpower
                0x00009d34        0xe contiki-z1.a(cc2420.o)
                0x00009d34                cc2420_set_txpower
 .text.cc2420_get_txpower
                0x00009d42       0x1e contiki-z1.a(cc2420.o)
                0x00009d42                cc2420_get_txpower
 .text.cc2420_transmit
                0x00009d60      0x196 contiki-z1.a(cc2420.o)
 .text.cc2420_send
                0x00009ef6       0x12 contiki-z1.a(cc2420.o)
 .text.cc2420_set_cca_threshold
                0x00009f08       0x16 contiki-z1.a(cc2420.o)
                0x00009f08                cc2420_set_cca_threshold
 .text.cc2420_init
                0x00009f1e       0xd2 contiki-z1.a(cc2420.o)
                0x00009f1e                cc2420_init
 .text.cc2420_arch_init
                0x00009ff0       0x1a contiki-z1.a(cc2420-arch.o)
                0x00009ff0                cc2420_arch_init
 .text.node_id_restore
                0x0000a00a       0x4c contiki-z1.a(node-id.o)
                0x0000a00a                node_id_restore
 .text.process_thread_sensors_process
                0x0000a056       0xc2 contiki-z1.a(sensors.o)
 .text.sensors_changed
                0x0000a118       0x2a contiki-z1.a(sensors.o)
                0x0000a118                sensors_changed
 .text.status   0x0000a142       0x18 contiki-z1.a(button-sensor.o)
 .text.value    0x0000a15a       0x20 contiki-z1.a(button-sensor.o)
 .text.configure
                0x0000a17a       0x4e contiki-z1.a(button-sensor.o)
 .text.uart0_active
                0x0000a1c8        0xe contiki-z1.a(uart0.o)
                0x0000a1c8                uart0_active
 .text.uart0_writeb
                0x0000a1d6       0x16 contiki-z1.a(uart0.o)
                0x0000a1d6                uart0_writeb
 .text.uart0_init
                0x0000a1ec       0x40 contiki-z1.a(uart0.o)
                0x0000a1ec                uart0_init
 .text.putchar  0x0000a22c       0x10 contiki-z1.a(uart0-putchar.o)
                0x0000a22c                putchar
 .text.accm_write_reg
                0x0000a23c       0x2e contiki-z1.a(adxl345.o)
                0x0000a23c                accm_write_reg
 .text.accm_write_stream
                0x0000a26a       0x2a contiki-z1.a(adxl345.o)
                0x0000a26a                accm_write_stream
 .text.accm_read_reg
                0x0000a294       0x54 contiki-z1.a(adxl345.o)
                0x0000a294                accm_read_reg
 .text.process_thread_accmeter_process
                0x0000a2e8       0x56 contiki-z1.a(adxl345.o)
 .text.accm_read_stream
                0x0000a33e       0x52 contiki-z1.a(adxl345.o)
                0x0000a33e                accm_read_stream
 .text.accm_read_axis
                0x0000a390       0x26 contiki-z1.a(adxl345.o)
                0x0000a390                accm_read_axis
 .text.accm_init
                0x0000a3b6       0x8a contiki-z1.a(adxl345.o)
                0x0000a3b6                accm_init
 .text.accm_set_irq
                0x0000a440       0x2c contiki-z1.a(adxl345.o)
                0x0000a440                accm_set_irq
 .text.clock_time
                0x0000a46c       0x1a contiki-z1.a(clock.o)
                0x0000a46c                clock_time
 .text.clock_init
                0x0000a486       0x28 contiki-z1.a(clock.o)
                0x0000a486                clock_init
 .text.clock_delay
                0x0000a4ae        0xc contiki-z1.a(clock.o)
                0x0000a4ae                clock_delay
 .text.clock_wait
                0x0000a4ba       0x24 contiki-z1.a(clock.o)
                0x0000a4ba                clock_wait
 .text.clock_seconds
                0x0000a4de       0x1a contiki-z1.a(clock.o)
                0x0000a4de                clock_seconds
 .text.leds_arch_init
                0x0000a4f8        0xe contiki-z1.a(leds-arch.o)
                0x0000a4f8                leds_arch_init
 .text.leds_arch_set
                0x0000a506       0x38 contiki-z1.a(leds-arch.o)
                0x0000a506                leds_arch_set
 .text.rtimer_arch_init
                0x0000a53e        0xe contiki-z1.a(rtimer-arch.o)
                0x0000a53e                rtimer_arch_init
 .text.rtimer_arch_now
                0x0000a54c        0xe contiki-z1.a(rtimer-arch.o)
                0x0000a54c                rtimer_arch_now
 .text.rtimer_arch_schedule
                0x0000a55a        0x6 contiki-z1.a(rtimer-arch.o)
                0x0000a55a                rtimer_arch_schedule
 .text.mac_call_sent_callback
                0x0000a560       0x14 contiki-z1.a(mac.o)
                0x0000a560                mac_call_sent_callback
 .text.create   0x0000a574      0x10a contiki-z1.a(framer-802154.o)
 .text.parse    0x0000a67e       0xac contiki-z1.a(framer-802154.o)
 .text.rpl_purge_routes
                0x0000a72a       0x96 contiki-z1.a(rpl.o)
                0x0000a72a                rpl_purge_routes
 .text.rpl_remove_routes
                0x0000a7c0       0x22 contiki-z1.a(rpl.o)
                0x0000a7c0                rpl_remove_routes
 .text.rpl_remove_routes_by_nexthop
                0x0000a7e2       0x3e contiki-z1.a(rpl.o)
                0x0000a7e2                rpl_remove_routes_by_nexthop
 .text.rpl_add_route
                0x0000a820       0x48 contiki-z1.a(rpl.o)
                0x0000a820                rpl_add_route
 .text.rpl_link_neighbor_callback
                0x0000a868       0x66 contiki-z1.a(rpl.o)
                0x0000a868                rpl_link_neighbor_callback
 .text.rpl_ipv6_neighbor_callback
                0x0000a8ce       0x1e contiki-z1.a(rpl.o)
                0x0000a8ce                rpl_ipv6_neighbor_callback
 .text.rpl_init
                0x0000a8ec       0x40 contiki-z1.a(rpl.o)
                0x0000a8ec                rpl_init
 .text.lollipop_greater_than
                0x0000a92c       0x3c contiki-z1.a(rpl-dag.o)
 .text.find_parent_any_dag_any_instance
                0x0000a968       0x14 contiki-z1.a(rpl-dag.o)
 .text.rpl_set_preferred_parent
                0x0000a97c       0x2c contiki-z1.a(rpl-dag.o)
 .text.set_ip_from_prefix
                0x0000a9a8       0x30 contiki-z1.a(rpl-dag.o)
 .text.check_prefix
                0x0000a9d8       0x70 contiki-z1.a(rpl-dag.o)
 .text.rpl_dag_init
                0x0000aa48        0xe contiki-z1.a(rpl-dag.o)
                0x0000aa48                rpl_dag_init
 .text.rpl_get_parent_ipaddr
                0x0000aa56       0x10 contiki-z1.a(rpl-dag.o)
                0x0000aa56                rpl_get_parent_ipaddr
 .text.rpl_set_prefix
                0x0000aa66       0x74 contiki-z1.a(rpl-dag.o)
                0x0000aa66                rpl_set_prefix
 .text.rpl_set_default_route
                0x0000aada       0x60 contiki-z1.a(rpl-dag.o)
                0x0000aada                rpl_set_default_route
 .text.rpl_alloc_instance
                0x0000ab3a       0x2c contiki-z1.a(rpl-dag.o)
                0x0000ab3a                rpl_alloc_instance
 .text.rpl_add_parent
                0x0000ab66       0x38 contiki-z1.a(rpl-dag.o)
                0x0000ab66                rpl_add_parent
 .text.rpl_find_parent
                0x0000ab9e       0x1c contiki-z1.a(rpl-dag.o)
                0x0000ab9e                rpl_find_parent
 .text.rpl_find_parent_any_dag
                0x0000abba       0x24 contiki-z1.a(rpl-dag.o)
                0x0000abba                rpl_find_parent_any_dag
 .text.rpl_select_parent
                0x0000abde       0x54 contiki-z1.a(rpl-dag.o)
                0x0000abde                rpl_select_parent
 .text.rpl_select_dag
                0x0000ac32      0x196 contiki-z1.a(rpl-dag.o)
                0x0000ac32                rpl_select_dag
 .text.rpl_nullify_parent
                0x0000adc8       0x4a contiki-z1.a(rpl-dag.o)
                0x0000adc8                rpl_nullify_parent
 .text.rpl_remove_parent
                0x0000ae12       0x16 contiki-z1.a(rpl-dag.o)
                0x0000ae12                rpl_remove_parent
 .text.remove_parents.constprop.5
                0x0000ae28       0x2e contiki-z1.a(rpl-dag.o)
 .text.rpl_free_dag
                0x0000ae56       0x34 contiki-z1.a(rpl-dag.o)
                0x0000ae56                rpl_free_dag
 .text.rpl_free_instance
                0x0000ae8a       0x54 contiki-z1.a(rpl-dag.o)
                0x0000ae8a                rpl_free_instance
 .text.rpl_move_parent
                0x0000aede       0x66 contiki-z1.a(rpl-dag.o)
                0x0000aede                rpl_move_parent
 .text.rpl_get_any_dag
                0x0000af44       0x16 contiki-z1.a(rpl-dag.o)
                0x0000af44                rpl_get_any_dag
 .text.rpl_get_instance
                0x0000af5a       0x16 contiki-z1.a(rpl-dag.o)
                0x0000af5a                rpl_get_instance
 .text.get_dag  0x0000af70       0x50 contiki-z1.a(rpl-dag.o)
 .text.rpl_alloc_dag
                0x0000afc0       0x62 contiki-z1.a(rpl-dag.o)
                0x0000afc0                rpl_alloc_dag
 .text.rpl_repair_root
                0x0000b022       0x4c contiki-z1.a(rpl-dag.o)
                0x0000b022                rpl_repair_root
 .text.rpl_find_of
                0x0000b06e       0x10 contiki-z1.a(rpl-dag.o)
                0x0000b06e                rpl_find_of
 .text.rpl_join_instance
                0x0000b07e      0x128 contiki-z1.a(rpl-dag.o)
                0x0000b07e                rpl_join_instance
 .text.rpl_local_repair
                0x0000b1a6       0x64 contiki-z1.a(rpl-dag.o)
                0x0000b1a6                rpl_local_repair
 .text.rpl_process_parent_event
                0x0000b20a       0x6c contiki-z1.a(rpl-dag.o)
                0x0000b20a                rpl_process_parent_event
 .text.rpl_recalculate_ranks
                0x0000b276       0x42 contiki-z1.a(rpl-dag.o)
                0x0000b276                rpl_recalculate_ranks
 .text.rpl_add_dag
                0x0000b2b8      0x102 contiki-z1.a(rpl-dag.o)
                0x0000b2b8                rpl_add_dag
 .text.rpl_process_dio
                0x0000b3ba      0x25c contiki-z1.a(rpl-dag.o)
                0x0000b3ba                rpl_process_dio
 .text.get32    0x0000b616       0x3e contiki-z1.a(rpl-icmp6.o)
 .text.set32    0x0000b654       0x2a contiki-z1.a(rpl-icmp6.o)
 .text.get16    0x0000b67e        0xe contiki-z1.a(rpl-icmp6.o)
 .text.set16    0x0000b68c       0x10 contiki-z1.a(rpl-icmp6.o)
 .text.dis_output
                0x0000b69c       0xcc contiki-z1.a(rpl-icmp6.o)
                0x0000b69c                dis_output
 .text.dio_output
                0x0000b768      0x23e contiki-z1.a(rpl-icmp6.o)
                0x0000b768                dio_output
 .text.dao_output_target
                0x0000b9a6       0xc8 contiki-z1.a(rpl-icmp6.o)
                0x0000b9a6                dao_output_target
 .text.dao_output
                0x0000ba6e       0x70 contiki-z1.a(rpl-icmp6.o)
                0x0000ba6e                dao_output
 .text.dao_ack_output
                0x0000bade       0x32 contiki-z1.a(rpl-icmp6.o)
                0x0000bade                dao_ack_output
 .text.uip_rpl_input
                0x0000bb10      0x666 contiki-z1.a(rpl-icmp6.o)
                0x0000bb10                uip_rpl_input
 .text.new_dio_interval
                0x0000c176       0x8a contiki-z1.a(rpl-timers.o)
 .text.handle_periodic_timer
                0x0000c200       0x2e contiki-z1.a(rpl-timers.o)
 .text.handle_dao_timer
                0x0000c22e       0x50 contiki-z1.a(rpl-timers.o)
 .text.handle_dio_timer
                0x0000c27e       0x82 contiki-z1.a(rpl-timers.o)
 .text.rpl_reset_periodic_timer
                0x0000c300       0x54 contiki-z1.a(rpl-timers.o)
                0x0000c300                rpl_reset_periodic_timer
 .text.rpl_reset_dio_timer
                0x0000c354       0x18 contiki-z1.a(rpl-timers.o)
                0x0000c354                rpl_reset_dio_timer
 .text.rpl_schedule_dao
                0x0000c36c       0x46 contiki-z1.a(rpl-timers.o)
                0x0000c36c                rpl_schedule_dao
 .text.reset    0x0000c3b2        0x2 contiki-z1.a(rpl-mrhof.o)
 .text.neighbor_link_callback
                0x0000c3b4       0x70 contiki-z1.a(rpl-mrhof.o)
 .text.calculate_rank
                0x0000c424       0x2c contiki-z1.a(rpl-mrhof.o)
 .text.update_metric_container
                0x0000c450        0x6 contiki-z1.a(rpl-mrhof.o)
 .text.best_dag
                0x0000c456       0x2e contiki-z1.a(rpl-mrhof.o)
 .text.best_parent
                0x0000c484       0x4e contiki-z1.a(rpl-mrhof.o)
 .text.rpl_verify_header
                0x0000c4d2       0xb0 contiki-z1.a(rpl-ext-header.)
                0x0000c4d2                rpl_verify_header
 .text.rpl_update_header_empty
                0x0000c582       0xf0 contiki-z1.a(rpl-ext-header.)
                0x0000c582                rpl_update_header_empty
 .text.rpl_update_header_final
                0x0000c672       0x88 contiki-z1.a(rpl-ext-header.)
                0x0000c672                rpl_update_header_final
 .text.rpl_invert_header
                0x0000c6fa       0x4e contiki-z1.a(rpl-ext-header.)
                0x0000c6fa                rpl_invert_header
 .text.rpl_insert_header
                0x0000c748       0x1c contiki-z1.a(rpl-ext-header.)
                0x0000c748                rpl_insert_header
 .text.stimer_set
                0x0000c764       0x1c contiki-z1.a(stimer.o)
                0x0000c764                stimer_set
 .text.stimer_expired
                0x0000c780       0x30 contiki-z1.a(stimer.o)
                0x0000c780                stimer_expired
 .text.uip_icmp6_echo_request_input
                0x0000c7b0      0x128 contiki-z1.a(uip-icmp6.o)
                0x0000c7b0                uip_icmp6_echo_request_input
 .text.uip_icmp6_error_output
                0x0000c8d8      0x16c contiki-z1.a(uip-icmp6.o)
                0x0000c8d8                uip_icmp6_error_output
 .text.uip_icmp6_send
                0x0000ca44       0x84 contiki-z1.a(uip-icmp6.o)
                0x0000ca44                uip_icmp6_send
 .text.i2c_receiveinit
                0x0000cac8       0x34 contiki-z1.a(i2cmaster.o)
                0x0000cac8                i2c_receiveinit
 .text.i2c_transmitinit
                0x0000cafc       0x2e contiki-z1.a(i2cmaster.o)
                0x0000cafc                i2c_transmitinit
 .text.i2c_receive_n
                0x0000cb2a       0x3e contiki-z1.a(i2cmaster.o)
                0x0000cb2a                i2c_receive_n
 .text.i2c_busy
                0x0000cb68        0xa contiki-z1.a(i2cmaster.o)
                0x0000cb68                i2c_busy
 .text.i2c_enable
                0x0000cb72       0x22 contiki-z1.a(i2cmaster.o)
                0x0000cb72                i2c_enable
 .text.i2c_transmit_n
                0x0000cb94       0x14 contiki-z1.a(i2cmaster.o)
                0x0000cb94                i2c_transmit_n
 .text.field_len
                0x0000cba8       0x8c contiki-z1.a(frame802154.o)
 .text.frame802154_hdrlen
                0x0000cc34       0x2e contiki-z1.a(frame802154.o)
                0x0000cc34                frame802154_hdrlen
 .text.frame802154_create
                0x0000cc62      0x136 contiki-z1.a(frame802154.o)
                0x0000cc62                frame802154_create
 .text.frame802154_parse
                0x0000cd98      0x176 contiki-z1.a(frame802154.o)
                0x0000cd98                frame802154_parse
 .text.__ieee754_sqrtf
                0x0000cf0e      0x152 /usr/local/msp430/bin/../lib/gcc/msp430/4.7.0/../../../../msp430/lib/mcpu-430x/mmpy-16/libm.a(ef_sqrt.o)
                0x0000cf0e                __ieee754_sqrtf
 .text.sqrt     0x0000d060        0x6 /usr/local/msp430/bin/../lib/gcc/msp430/4.7.0/../../../../msp430/lib/mcpu-430x/mmpy-16/libm.a(ef_sqrt.o)
                0x0000d060                sqrt
 .text.libgcc   0x0000d066       0x26 /usr/local/msp430/bin/../lib/gcc/msp430/4.7.0/mcpu-430x/mmpy-16/libgcc.a(_mulsi3.o)
                0x0000d066                __mulsi3
 .text.libgcc   0x0000d08c       0x22 /usr/local/msp430/bin/../lib/gcc/msp430/4.7.0/mcpu-430x/mmpy-16/libgcc.a(_udivmod16.o)
                0x0000d08c                __udivhi3
                0x0000d08c                __ext_udivmod16
                0x0000d0a6                __umodhi3
 .text.libgcc   0x0000d0ae       0x3a /usr/local/msp430/bin/../lib/gcc/msp430/4.7.0/mcpu-430x/mmpy-16/libgcc.a(_divmod16.o)
                0x0000d0ae                __ext_divmod16
                0x0000d0ae                __divhi3
                0x0000d0e0                __modhi3
 .text.libgcc   0x0000d0e8       0x38 /usr/local/msp430/bin/../lib/gcc/msp430/4.7.0/mcpu-430x/mmpy-16/libgcc.a(_udivmod32.o)
                0x0000d0e8                __udivsi3
                0x0000d0e8                __ext_udivmod32
                0x0000d116                __umodsi3
 .text          0x0000d120      0x2f0 /usr/local/msp430/bin/../lib/gcc/msp430/4.7.0/mcpu-430x/mmpy-16/libgcc.a(_addsub_sf.o)
                0x0000d374                __addsf3
                0x0000d3c0                __subsf3
 .text          0x0000d410      0x1f2 /usr/local/msp430/bin/../lib/gcc/msp430/4.7.0/mcpu-430x/mmpy-16/libgcc.a(_mul_sf.o)
                0x0000d410                __mulsf3
 .text          0x0000d602      0x142 /usr/local/msp430/bin/../lib/gcc/msp430/4.7.0/mcpu-430x/mmpy-16/libgcc.a(_div_sf.o)
                0x0000d602                __divsf3
 .text          0x0000d744       0x4e /usr/local/msp430/bin/../lib/gcc/msp430/4.7.0/mcpu-430x/mmpy-16/libgcc.a(_gt_sf.o)
                0x0000d744                __gtsf2
 .text          0x0000d792       0x4e /usr/local/msp430/bin/../lib/gcc/msp430/4.7.0/mcpu-430x/mmpy-16/libgcc.a(_lt_sf.o)
                0x0000d792                __ltsf2
 .text          0x0000d7e0       0xa4 /usr/local/msp430/bin/../lib/gcc/msp430/4.7.0/mcpu-430x/mmpy-16/libgcc.a(_si_to_sf.o)
                0x0000d7e0                __floatsisf
 .text          0x0000d884       0x6a /usr/local/msp430/bin/../lib/gcc/msp430/4.7.0/mcpu-430x/mmpy-16/libgcc.a(_clzsi2.o)
                0x0000d884                __clzsi2
 .text          0x0000d8ee      0x1c8 /usr/local/msp430/bin/../lib/gcc/msp430/4.7.0/mcpu-430x/mmpy-16/libgcc.a(_pack_sf.o)
                0x0000d8ee                __pack_f
 .text          0x0000dab6      0x10c /usr/local/msp430/bin/../lib/gcc/msp430/4.7.0/mcpu-430x/mmpy-16/libgcc.a(_unpack_sf.o)
                0x0000dab6                __unpack_f
 .text          0x0000dbc2       0xa4 /usr/local/msp430/bin/../lib/gcc/msp430/4.7.0/mcpu-430x/mmpy-16/libgcc.a(_fpcmp_parts_sf.o)
                0x0000dbc2                __fpcmp_parts_f
 .text.printf   0x0000dc66       0x10 /usr/local/msp430/bin/../lib/gcc/msp430/4.7.0/../../../../msp430/lib/mcpu-430x/mmpy-16/libc.a(printf.o)
                0x0000dc66                printf
 .text.append   0x0000dc76       0x22 /usr/local/msp430/bin/../lib/gcc/msp430/4.7.0/../../../../msp430/lib/mcpu-430x/mmpy-16/libc.a(sprintf.o)
 .text.call_vuprintf
                0x0000dc98       0x36 /usr/local/msp430/bin/../lib/gcc/msp430/4.7.0/../../../../msp430/lib/mcpu-430x/mmpy-16/libc.a(sprintf.o)
 .text.snprintf
                0x0000dcce       0x1a /usr/local/msp430/bin/../lib/gcc/msp430/4.7.0/../../../../msp430/lib/mcpu-430x/mmpy-16/libc.a(sprintf.o)
                0x0000dcce                snprintf
 .text.print_field
                0x0000dce8      0x176 /usr/local/msp430/bin/../lib/gcc/msp430/4.7.0/../../../../msp430/lib/mcpu-430x/mmpy-16/libc.a(vuprintf.o)
 .text.vuprintf
                0x0000de5e      0x740 /usr/local/msp430/bin/../lib/gcc/msp430/4.7.0/../../../../msp430/lib/mcpu-430x/mmpy-16/libc.a(vuprintf.o)
                0x0000de5e                vuprintf
 .text.puts     0x0000e59e       0x2c /usr/local/msp430/bin/../lib/gcc/msp430/4.7.0/../../../../msp430/lib/mcpu-430x/mmpy-16/libc.a(puts.o)
                0x0000e59e                puts
 .text.rand     0x0000e5ca       0x26 /usr/local/msp430/bin/../lib/gcc/msp430/4.7.0/../../../../msp430/lib/mcpu-430x/mmpy-16/libc.a(rand.o)
                0x0000e5ca                rand
 .text.strncmp  0x0000e5f0       0x2a /usr/local/msp430/bin/../lib/gcc/msp430/4.7.0/../../../../msp430/lib/mcpu-430x/mmpy-16/libc.a(strncmp.o)
                0x0000e5f0                strncmp
 .text.memcmp   0x0000e61a       0x2c /usr/local/msp430/bin/../lib/gcc/msp430/4.7.0/../../../../msp430/lib/mcpu-430x/mmpy-16/libc.a(memcmp.o)
                0x0000e61a                memcmp
 .text.strncpy  0x0000e646       0x2a /usr/local/msp430/bin/../lib/gcc/msp430/4.7.0/../../../../msp430/lib/mcpu-430x/mmpy-16/libc.a(strncpy.o)
                0x0000e646                strncpy
 .text.memcpy   0x0000e670       0xe8 /usr/local/msp430/bin/../lib/gcc/msp430/4.7.0/../../../../msp430/lib/mcpu-430x/mmpy-16/libc.a(memcpy.o)
                0x0000e670                memcpy
 .text.memmove  0x0000e758       0xe8 /usr/local/msp430/bin/../lib/gcc/msp430/4.7.0/../../../../msp430/lib/mcpu-430x/mmpy-16/libc.a(memmove.o)
                0x0000e758                memmove
 .text.memset   0x0000e840       0x5c /usr/local/msp430/bin/../lib/gcc/msp430/4.7.0/../../../../msp430/lib/mcpu-430x/mmpy-16/libc.a(memset.o)
                0x0000e840                memset
 .text.libgcc   0x0000e89c       0xbc /usr/local/msp430/bin/../lib/gcc/msp430/4.7.0/mcpu-430x/mmpy-16/libgcc.a(_udivmod64.o)
                0x0000e89c                __xabi_udivmod64
                0x0000e8ee                __udivdi3
                0x0000e908                __umoddi3
                0x0000e92a                __udivmoddi4
 .text.crt0     0x0000e958        0x2 /usr/local/msp430/bin/../lib/gcc/msp430/4.7.0/mcpu-430x/mmpy-16/libcrt0.a(_unexpected_.o)
                0x0000e958                _unexpected_
 *(.near.text .near.text.*)
 .near.text.watchdog_interrupt
                0x0000e95a        0x6 contiki-z1.a(watchdog.o)
                0x0000e95a                __isr_26
                0x0000e95a                watchdog_interrupt
 .near.text.irq_p2
                0x0000e960       0x76 contiki-z1.a(button-sensor.o)
                0x0000e960                irq_p2
                0x0000e960                __isr_19
 .near.text.uart0_rx_interrupt
                0x0000e9d6       0x64 contiki-z1.a(uart0.o)
                0x0000e9d6                __isr_23
                0x0000e9d6                uart0_rx_interrupt
 .near.text.port1_isr
                0x0000ea3a       0xbe contiki-z1.a(adxl345.o)
                0x0000ea3a                port1_isr
                0x0000ea3a                __isr_18
 .near.text.timera1
                0x0000eaf8       0xea contiki-z1.a(clock.o)
                0x0000eaf8                __isr_24
                0x0000eaf8                timera1
 .near.text.timera0
                0x0000ebe2       0x5c contiki-z1.a(rtimer-arch.o)
                0x0000ebe2                __isr_25
                0x0000ebe2                timera0
 .near.text.i2c_tx_interrupt
                0x0000ec3e       0x84 contiki-z1.a(i2cmaster.o)
                0x0000ec3e                __isr_16
                0x0000ec3e                i2c_tx_interrupt
 .near.text.i2c_rx_interrupt
                0x0000ecc2       0x14 contiki-z1.a(i2cmaster.o)
                0x0000ecc2                i2c_rx_interrupt
                0x0000ecc2                __isr_17

.rodata         0x0000ecd8      0x761
                0x0000ecd8                . = ALIGN (0x2)
 *(.rodata .rodata.* .gnu.linkonce.r.*)
 .rodata        0x0000ecd8      0x180 z1-websense.co
                0x0000ee2a                autostart_processes
 .rodata        0x0000ee58      0x139 obj_z1/httpd-simple.o
                0x0000eeb1                http_index_html
                0x0000eebd                http_get
                0x0000eec2                http_header_404
                0x0000ef1f                http_header_200
                0x0000ef75                http_content_type_html
 .rodata        0x0000ef91      0x118 obj_z1/contiki-z1-main.o
 *fill*         0x0000f0a9        0x1 00
 .rodata        0x0000f0aa        0x8 contiki-z1.a(rimeaddr.o)
                0x0000f0aa                rimeaddr_null
 .rodata        0x0000f0b2       0x14 contiki-z1.a(csma.o)
                0x0000f0b8                csma_driver
 .rodata        0x0000f0c6       0x1c contiki-z1.a(contikimac.o)
                0x0000f0d2                contikimac_driver
 .rodata        0x0000f0e2        0xc contiki-z1.a(etimer.o)
 .rodata        0x0000f0ee        0xf contiki-z1.a(ctimer.o)
 *fill*         0x0000f0fd        0x1 00
 .rodata        0x0000f0fe       0xa0 contiki-z1.a(sicslowpan.o)
                0x0000f186                sicslowpan_driver
                0x0000f18c                llprefix
                0x0000f18e                unc_mxconf
                0x0000f192                unc_ctxconf
                0x0000f196                unc_llconf
 .rodata        0x0000f19e        0xd contiki-z1.a(tcpip.o)
 *fill*         0x0000f1ab        0x1 00
 .rodata.uip_process
                0x0000f1ac       0x20 contiki-z1.a(uip6.o)
 .rodata        0x0000f1cc        0xb contiki-z1.a(webserver-nogui)
 *fill*         0x0000f1d7        0x1 00
 .rodata        0x0000f1d8       0x22 contiki-z1.a(cc2420.o)
                0x0000f1d8                cc2420_driver
 .rodata        0x0000f1fa        0x8 contiki-z1.a(sensors.o)
 .rodata        0x0000f202       0x10 contiki-z1.a(button-sensor.o)
                0x0000f20a                button_sensor
 .rodata        0x0000f212       0x16 contiki-z1.a(adxl345.o)
 .rodata        0x0000f228        0x4 contiki-z1.a(framer-802154.o)
                0x0000f228                framer_802154
 .rodata        0x0000f22c       0xfc contiki-z1.a(rpl-icmp6.o)
 .rodata        0x0000f328        0x2 contiki-z1.a(frame802154.o)
 .rodata        0x0000f32a        0x8 /usr/local/msp430/bin/../lib/gcc/msp430/4.7.0/mcpu-430x/mmpy-16/libgcc.a(_thenan_sf.o)
                0x0000f32a                __thenan_sf
 .rodata        0x0000f332      0x100 /usr/local/msp430/bin/../lib/gcc/msp430/4.7.0/mcpu-430x/mmpy-16/libgcc.a(_clz.o)
                0x0000f332                __clz_tab
 .rodata.vuprintf
                0x0000f432        0x7 /usr/local/msp430/bin/../lib/gcc/msp430/4.7.0/../../../../msp430/lib/mcpu-430x/mmpy-16/libc.a(vuprintf.o)
 *(.near.rodata .near.rodata.*)
                0x0000f43a                . = ALIGN (0x2)
                0x0000f43a                _etext = .

.data           0x00001100      0x104 load address 0x0000f43a
                0x00001100                . = ALIGN (0x2)
                0x00001100                __data_start = .
 *(.data .data.* .gnu.linkonce.d.*)
 .data          0x00001100       0x14 z1-websense.co
                0x00001100                led_process
                0x0000110a                accel_process
 .data          0x00001114        0x8 obj_z1/httpd-simple.o
 .data          0x0000111c        0x4 obj_z1/contiki-z1-main.o
                0x0000111c                sensors
 .data          0x00001120       0x18 contiki-z1.a(csma.o)
 .data          0x00001138       0x10 contiki-z1.a(phase.o)
 .data          0x00001148        0xa contiki-z1.a(etimer.o)
                0x00001148                etimer_process
 .data          0x00001152        0xa contiki-z1.a(ctimer.o)
                0x00001152                ctimer_process
 .data          0x0000115c        0x8 contiki-z1.a(nbr-table.o)
 .data          0x00001164       0x18 contiki-z1.a(queuebuf.o)
 .data          0x0000117c        0xa contiki-z1.a(tcpip.o)
                0x0000117c                tcpip_process
 .data          0x00001186       0x18 contiki-z1.a(uip-ds6-route.o)
 .data          0x0000119e        0xa contiki-z1.a(uip-ds6-nbr.o)
                0x0000119e                ds6_neighbors
 .data          0x000011a8        0xa contiki-z1.a(webserver-nogui)
                0x000011a8                webserver_nogui_process
 .data          0x000011b2        0x2 contiki-z1.a(msp430.o)
 .data          0x000011b4        0xa contiki-z1.a(cc2420.o)
                0x000011b4                cc2420_process
 .data          0x000011be        0xa contiki-z1.a(sensors.o)
                0x000011be                sensors_process
 .data          0x000011c8       0x20 contiki-z1.a(adxl345.o)
                0x000011c8                accmeter_process
 .data          0x000011e8        0x8 contiki-z1.a(rpl-dag.o)
 .data          0x000011f0        0x1 contiki-z1.a(rpl-icmp6.o)
 *fill*         0x000011f1        0x1 00
 .data          0x000011f2        0xe contiki-z1.a(rpl-mrhof.o)
                0x000011f2                rpl_mrhof
 .data.next     0x00001200        0x4 /usr/local/msp430/bin/../lib/gcc/msp430/4.7.0/../../../../msp430/lib/mcpu-430x/mmpy-16/libc.a(rand.o)
 *(.near.data .near.data.*)
                0x00001204                . = ALIGN (0x2)
                0x00001204                _edata = .
                0x0000f43a                __data_load_start = LOADADDR (.data)
                0x00000104                __data_size = SIZEOF (.data)

.bss            0x00001204     0x1896 load address 0x0000f53e
                0x00001204                __bss_start = .
 *(.bss .bss.*)
 .bss           0x00001204      0x30c z1-websense.co
 .bss           0x00001510       0xae obj_z1/httpd-simple.o
 .bss           0x000015be        0x4 obj_z1/contiki-z1-main.o
 .bss           0x000015c2       0x8a contiki-z1.a(csma.o)
 .bss           0x0000164c       0xcc contiki-z1.a(contikimac.o)
 .bss           0x00001718      0x19c contiki-z1.a(phase.o)
 .bss           0x000018b4       0x42 contiki-z1.a(process.o)
                0x000018b4                process_current
                0x000018b6                process_list
 .bss           0x000018f6        0x6 contiki-z1.a(etimer.o)
 .bss           0x000018fc        0x4 contiki-z1.a(ctimer.o)
 .bss           0x00001900        0x2 contiki-z1.a(rtimer.o)
 .bss           0x00001902       0xd8 contiki-z1.a(nbr-table.o)
 .bss           0x000019da       0xba contiki-z1.a(packetbuf.o)
 .bss           0x00001a94      0x3c6 contiki-z1.a(queuebuf.o)
 .bss           0x00001e5a       0xbe contiki-z1.a(sicslowpan.o)
 .bss           0x00001f18       0x36 contiki-z1.a(tcpip.o)
 .bss           0x00001f4e      0x24e contiki-z1.a(uip-ds6-route.o)
 .bss           0x0000219c      0x21c contiki-z1.a(uip-ds6-nbr.o)
 .bss           0x000023b8       0x18 contiki-z1.a(uip-ds6.o)
 .bss           0x000023d0        0xa contiki-z1.a(uip-nd6.o)
 .bss           0x000023da        0xe contiki-z1.a(uip6.o)
                0x000023da                uip_ext_opt_offset
                0x000023db                uip_ext_len
                0x000023dc                uip_ext_bitmap
 .bss           0x000023e8        0x2 contiki-z1.a(leds.o)
 .bss           0x000023ea        0x2 contiki-z1.a(watchdog.o)
 .bss           0x000023ec        0xa contiki-z1.a(cc2420.o)
 .bss           0x000023f6        0x2 contiki-z1.a(node-id.o)
                0x000023f6                node_id
 .bss           0x000023f8        0x6 contiki-z1.a(sensors.o)
 .bss           0x000023fe        0x8 contiki-z1.a(button-sensor.o)
 .bss           0x00002406        0x4 contiki-z1.a(uart0.o)
 .bss           0x0000240a       0x16 contiki-z1.a(adxl345.o)
 .bss           0x00002420        0xa contiki-z1.a(clock.o)
 .bss           0x0000242a        0x2 contiki-z1.a(framer-802154.o)
 .bss           0x0000242c       0x96 contiki-z1.a(rpl-dag.o)
 .bss           0x000024c2       0x18 contiki-z1.a(rpl-timers.o)
 .bss           0x000024da       0x10 contiki-z1.a(uip-icmp6.o)
 .bss           0x000024ea        0x2 contiki-z1.a(i2cmaster.o)
 .bss.destination_
                0x000024ec        0x2 /usr/local/msp430/bin/../lib/gcc/msp430/4.7.0/../../../../msp430/lib/mcpu-430x/mmpy-16/libc.a(sprintf.o)
 .bss.available_
                0x000024ee        0x2 /usr/local/msp430/bin/../lib/gcc/msp430/4.7.0/../../../../msp430/lib/mcpu-430x/mmpy-16/libc.a(sprintf.o)
 *(.near.bss .near.bss.*)
 *(COMMON)
 COMMON         0x000024f0        0x2 obj_z1/contiki-z1-main.o
                0x000024f0                sensors_flags
 COMMON         0x000024f2        0x8 contiki-z1.a(rimeaddr.o)
                0x000024f2                rimeaddr_node_addr
 COMMON         0x000024fa        0x1 contiki-z1.a(process.o)
                0x000024fa                process_maxevents
 *fill*         0x000024fb        0x1 00
 COMMON         0x000024fc       0x56 contiki-z1.a(energest.o)
                0x000024fc                energest_total_time
                0x0000252c                energest_total_count
                0x0000252e                energest_current_mode
                0x0000253a                energest_current_time
 COMMON         0x00002552       0x50 contiki-z1.a(packetbuf.o)
                0x00002552                packetbuf_addrs
                0x00002572                packetbuf_attrs
 COMMON         0x000025a2        0x8 contiki-z1.a(sicslowpan.o)
                0x000025a2                frag_sender
 COMMON         0x000025aa        0x1 contiki-z1.a(tcpip.o)
                0x000025aa                tcpip_event
 *fill*         0x000025ab        0x1 00
 COMMON         0x000025ac      0x15c contiki-z1.a(uip-ds6.o)
                0x000025ac                uip_ds6_timer_ra
                0x000025b4                uip_ds6_if
                0x000026a0                uip_ds6_netif_addr_list_offset
                0x000026a1                uip_ds6_addr_size
                0x000026a2                uip_ds6_prefix_list
                0x000026fc                uip_ds6_timer_periodic
 COMMON         0x00002708      0x2a0 contiki-z1.a(uip6.o)
                0x00002708                uip_len
                0x0000270a                uip_sappdata
                0x0000270c                uip_acc32
                0x00002710                uip_lladdr
                0x00002718                uip_aligned_buf
                0x000027a4                uip_flags
                0x000027a6                uip_next_hdr
                0x000027a8                uip_udp_conn
                0x000027aa                uip_appdata
                0x000027ac                uip_conn
                0x000027ae                uip_conns
                0x0000285e                uip_listenports
                0x0000286e                uip_slen
                0x00002870                uip_udp_conns
 COMMON         0x000029a8       0x14 contiki-z1.a(cc2420.o)
                0x000029a8                cc2420_last_rssi
                0x000029aa                cc2420_packets_read
                0x000029ac                cc2420_packets_seen
                0x000029ae                cc2420_sfd_start_time
                0x000029b0                cc2420_time_of_departure
                0x000029b2                cc2420_time_of_arrival
                0x000029b4                cc2420_last_correlation
                0x000029b6                cc2420_authority_level_of_sender
                0x000029b8                cc2420_sfd_counter
                0x000029ba                cc2420_sfd_end_time
 COMMON         0x000029bc        0x8 contiki-z1.a(node-id.o)
                0x000029bc                node_mac
 COMMON         0x000029c4        0x1 contiki-z1.a(sensors.o)
                0x000029c4                sensors_event
 *fill*         0x000029c5        0x1 00
 COMMON         0x000029c6        0x7 contiki-z1.a(adxl345.o)
                0x000029c6                accm_int2_cb
                0x000029c8                int2_event
                0x000029ca                accm_int1_cb
                0x000029cc                int1_event
 *fill*         0x000029cd        0x1 00
 COMMON         0x000029ce       0xbe contiki-z1.a(rpl-dag.o)
                0x000029ce                default_instance
                0x000029d0                instance_table
 COMMON         0x00002a8c        0xe contiki-z1.a(i2cmaster.o)
                0x00002a8c                transmit_data1
                0x00002a8d                rx_byte_ctr
                0x00002a8e                tx_buf_ptr
                0x00002a90                tx_byte_ctr
                0x00002a92                i
                0x00002a94                receive_data
                0x00002a95                rx_buf
                0x00002a97                transmit_data2
                0x00002a98                rx_buf_ptr
                0x00002a9a                . = ALIGN (0x2)
                0x00002a9a                __bss_end = .
                0x00001896                __bss_size = SIZEOF (.bss)

.noinit         0x00002a9a        0x2 load address 0x0000f53e
                0x00002a9a                . = ALIGN (0x2)
                0x00002a9a                __noinit_start = .
 *(.noinit .noinit.*)
 .noinit.crt0   0x00002a9a        0x2 /usr/local/msp430/bin/../lib/gcc/msp430/4.7.0/mcpu-430x/mmpy-16/libcrt0.a(__watchdog_support.o)
                0x00002a9a                __wdt_clear_value
                0x00002a9c                . = ALIGN (0x2)
                0x00002a9c                __noinit_end = .
                0x00002a9c                . = ALIGN (0x2)
                0x00002a9c                _end = .

.infomem        0x00001000        0x0
                0x00001000                . = ALIGN (0x2)
 *(.infomem .infomem.*)

.infomemnobits  0x00001000        0x0
                0x00001000                . = ALIGN (0x2)
 *(.infomemnobits .infomemnobits.*)

.infoa          0x000010c0        0x0
                0x000010c0                . = ALIGN (0x2)
 *(.infoa .infoa.*)

.infob          0x00001080        0x0
                0x00001080                . = ALIGN (0x2)
 *(.infob .infob.*)

.infoc          0x00001040        0x0
                0x00001040                . = ALIGN (0x2)
 *(.infoc .infoc.*)

.infod          0x00001000        0x0
                0x00001000                . = ALIGN (0x2)
 *(.infod .infod.*)

.vectors        0x0000ffc0       0x40
                0x0000ffc0                __vectors_start = .
 *(.vectors*)
 .vectors       0x0000ffc0       0x40 /usr/local/msp430/bin/../lib/gcc/msp430/4.7.0/mcpu-430x/mmpy-16/crt0ivtbl32.o
                0x0000ffc0                __ivtbl_32
                0x00010000                _vectors_end = .

.fartext        0x00010000        0x0
                0x00010000                . = ALIGN (0x2)
 *(.fartext .fartext.*)

.far.text       0x00010000        0x0
                0x00010000                . = ALIGN (0x2)
 *(.far.text .far.text.*)

.far.rodata     0x00010000        0x0
                0x00010000                . = ALIGN (0x2)
 *(.far.rodata .far.rodata.*)
                0x00010000                . = ALIGN (0x2)
                0x00010000                _efartext = .

.far.data       0x00000000        0x0 load address 0x00010000
                0x00000000                . = ALIGN (0x2)
                0x00000000                __far_data_start = .
 *(.far.data .far.data.*)
                0x00000000                . = ALIGN (0x2)
                0x00000000                _efardata = .
                0x00010000                __far_data_load_start = LOADADDR (.far.data)
                0x00000000                __far_data_size = SIZEOF (.far.data)

.far.bss        0x00000000        0x0 load address 0x00010000
                0x00000000                . = ALIGN (0x2)
                0x00000000                __far_bss_start = .
 *(.far.bss .far.bss.*)
                0x00000000                . = ALIGN (0x2)
                0x00000000                __far_bss_end = .
                0x00000000                __far_bss_size = SIZEOF (.far.bss)
                0x00000000                . = ALIGN (0x2)
                0x00000000                _far_end = .

.profiler
 *(.profiler)

.stab
 *(.stab)

.stabstr
 *(.stabstr)

.stab.excl
 *(.stab.excl)

.stab.exclstr
 *(.stab.exclstr)

.stab.index
 *(.stab.index)

.stab.indexstr
 *(.stab.indexstr)

.comment        0x00000000       0x30
 *(.comment)
 .comment       0x00000000       0x30 z1-websense.co
                                 0x31 (size before relaxing)
 .comment       0x00000000       0x31 obj_z1/httpd-simple.o
 .comment       0x00000000       0x31 obj_z1/contiki-z1-main.o
 .comment       0x00000000       0x31 contiki-z1.a(rimeaddr.o)
 .comment       0x00000000       0x31 contiki-z1.a(csma.o)
 .comment       0x00000000       0x31 contiki-z1.a(contikimac.o)
 .comment       0x00000000       0x31 contiki-z1.a(phase.o)
 .comment       0x00000000       0x31 contiki-z1.a(process.o)
 .comment       0x00000000       0x31 contiki-z1.a(autostart.o)
 .comment       0x00000000       0x31 contiki-z1.a(memb.o)
 .comment       0x00000000       0x31 contiki-z1.a(timer.o)
 .comment       0x00000000       0x31 contiki-z1.a(list.o)
 .comment       0x00000000       0x31 contiki-z1.a(etimer.o)
 .comment       0x00000000       0x31 contiki-z1.a(ctimer.o)
 .comment       0x00000000       0x31 contiki-z1.a(energest.o)
 .comment       0x00000000       0x31 contiki-z1.a(rtimer.o)
 .comment       0x00000000       0x31 contiki-z1.a(random.o)
 .comment       0x00000000       0x31 contiki-z1.a(nbr-table.o)
 .comment       0x00000000       0x31 contiki-z1.a(packetbuf.o)
 .comment       0x00000000       0x31 contiki-z1.a(psock.o)
 .comment       0x00000000       0x31 contiki-z1.a(queuebuf.o)
 .comment       0x00000000       0x31 contiki-z1.a(sicslowpan.o)
 .comment       0x00000000       0x31 contiki-z1.a(tcpip.o)
 .comment       0x00000000       0x31 contiki-z1.a(uip-ds6-route.o)
 .comment       0x00000000       0x31 contiki-z1.a(uip-ds6-nbr.o)
 .comment       0x00000000       0x31 contiki-z1.a(uip-ds6.o)
 .comment       0x00000000       0x31 contiki-z1.a(uip-nd6.o)
 .comment       0x00000000       0x31 contiki-z1.a(uip6.o)
 .comment       0x00000000       0x31 contiki-z1.a(webserver-nogui)
 .comment       0x00000000       0x31 contiki-z1.a(contiki-z1-plat)
 .comment       0x00000000       0x31 contiki-z1.a(msp430.o)
 .comment       0x00000000       0x31 contiki-z1.a(leds.o)
 .comment       0x00000000       0x31 contiki-z1.a(watchdog.o)
 .comment       0x00000000       0x31 contiki-z1.a(xmem.o)
 .comment       0x00000000       0x31 contiki-z1.a(spi.o)
 .comment       0x00000000       0x31 contiki-z1.a(cc2420.o)
 .comment       0x00000000       0x31 contiki-z1.a(cc2420-arch.o)
 .comment       0x00000000       0x31 contiki-z1.a(node-id.o)
 .comment       0x00000000       0x31 contiki-z1.a(sensors.o)
 .comment       0x00000000       0x31 contiki-z1.a(button-sensor.o)
 .comment       0x00000000       0x31 contiki-z1.a(uart0.o)
 .comment       0x00000000       0x31 contiki-z1.a(uart0-putchar.o)
 .comment       0x00000000       0x31 contiki-z1.a(adxl345.o)
 .comment       0x00000000       0x31 contiki-z1.a(clock.o)
 .comment       0x00000000       0x31 contiki-z1.a(leds-arch.o)
 .comment       0x00000000       0x31 contiki-z1.a(rtimer-arch.o)
 .comment       0x00000000       0x31 contiki-z1.a(mac.o)
 .comment       0x00000000       0x31 contiki-z1.a(framer-802154.o)
 .comment       0x00000000       0x31 contiki-z1.a(rpl.o)
 .comment       0x00000000       0x31 contiki-z1.a(rpl-dag.o)
 .comment       0x00000000       0x31 contiki-z1.a(rpl-icmp6.o)
 .comment       0x00000000       0x31 contiki-z1.a(rpl-timers.o)