Archive member included because of file (symbol)

contiki-z1.a(rimeaddr.o)      obj_z1/contiki-z1-main.o (rimeaddr_copy)
contiki-z1.a(csma.o)          border-router.co (csma_driver)
contiki-z1.a(contikimac.o)    obj_z1/contiki-z1-main.o (contikimac_driver)
contiki-z1.a(phase.o)         contiki-z1.a(contikimac.o) (phase_update)
contiki-z1.a(rpl-dag.o)       border-router.co (rpl_set_prefix)
contiki-z1.a(rpl-icmp6.o)     contiki-z1.a(rpl-dag.o) (dao_output)
contiki-z1.a(rpl-timers.o)    contiki-z1.a(rpl-dag.o) (rpl_reset_dio_timer)
contiki-z1.a(rpl-mrhof.o)     contiki-z1.a(rpl-dag.o) (rpl_mrhof)
contiki-z1.a(process.o)       border-router.co (process_current)
contiki-z1.a(autostart.o)     obj_z1/contiki-z1-main.o (autostart_start)
contiki-z1.a(memb.o)          obj_z1/httpd-simple.o (memb_init)
contiki-z1.a(timer.o)         obj_z1/httpd-simple.o (timer_set)
contiki-z1.a(list.o)          contiki-z1.a(csma.o) (list_init)
contiki-z1.a(etimer.o)        obj_z1/contiki-z1-main.o (etimer_process)
contiki-z1.a(ctimer.o)        obj_z1/contiki-z1-main.o (ctimer_init)
contiki-z1.a(energest.o)      obj_z1/contiki-z1-main.o (energest_init)
contiki-z1.a(rtimer.o)        obj_z1/contiki-z1-main.o (rtimer_init)
contiki-z1.a(stimer.o)        contiki-z1.a(rpl-icmp6.o) (stimer_set)
contiki-z1.a(random.o)        contiki-z1.a(csma.o) (random_rand)
contiki-z1.a(nbr-table.o)     contiki-z1.a(phase.o) (nbr_table_register)
contiki-z1.a(packetbuf.o)     contiki-z1.a(contikimac.o) (packetbuf_hdr_remove)
contiki-z1.a(psock.o)         border-router.co (psock_send)
contiki-z1.a(queuebuf.o)      obj_z1/contiki-z1-main.o (queuebuf_init)
contiki-z1.a(sicslowpan.o)    obj_z1/contiki-z1-main.o (sicslowpan_driver)
contiki-z1.a(tcpip.o)         contiki-z1.a(sicslowpan.o) (tcpip_set_outputfunc)
contiki-z1.a(uip-debug.o)     border-router.co (uip_debug_ipaddr_print)
contiki-z1.a(uip-ds6-route.o)
                              border-router.co (uip_ds6_route_nexthop)
contiki-z1.a(uip-ds6-nbr.o)   border-router.co (ds6_neighbors)
contiki-z1.a(uip-ds6.o)       contiki-z1.a(tcpip.o) (uip_ds6_is_addr_onlink)
contiki-z1.a(uip-icmp6.o)     contiki-z1.a(rpl-icmp6.o) (uip_icmp6_send)
contiki-z1.a(uip-nd6.o)       contiki-z1.a(tcpip.o) (uip_nd6_ns_output)
contiki-z1.a(uip6.o)          border-router.co (uip_aligned_buf)
contiki-z1.a(contiki-z1-plat)
                              obj_z1/contiki-z1-main.o (init_platform)
contiki-z1.a(msp430.o)        obj_z1/contiki-z1-main.o (msp430_cpu_init)
contiki-z1.a(leds.o)          obj_z1/contiki-z1-main.o (leds_init)
contiki-z1.a(watchdog.o)      obj_z1/contiki-z1-main.o (watchdog_start)
contiki-z1.a(xmem.o)          obj_z1/contiki-z1-main.o (xmem_init)
contiki-z1.a(spi.o)           contiki-z1.a(xmem.o) (spi_init)
contiki-z1.a(cc2420.o)        obj_z1/contiki-z1-main.o (cc2420_set_pan_addr)
contiki-z1.a(cc2420-arch.o)   contiki-z1.a(cc2420.o) (cc2420_arch_init)
contiki-z1.a(node-id.o)       obj_z1/contiki-z1-main.o (node_id_restore)
contiki-z1.a(sensors.o)       border-router.co (sensors_event)
contiki-z1.a(button-sensor.o)
                              border-router.co (button_sensor)
contiki-z1.a(uart0.o)         obj_z1/contiki-z1-main.o (uart0_active)
contiki-z1.a(slip.o)          obj_z1/slip-bridge.o (slip_process)
contiki-z1.a(slip_uart0.o)    obj_z1/slip-bridge.o (slip_arch_writeb)
contiki-z1.a(adxl345.o)       obj_z1/contiki-z1-main.o (accm_init)
contiki-z1.a(clock.o)         contiki-z1.a(timer.o) (clock_time)
contiki-z1.a(leds-arch.o)     contiki-z1.a(leds.o) (leds_arch_init)
contiki-z1.a(rtimer-arch.o)   contiki-z1.a(rtimer.o) (rtimer_arch_init)
contiki-z1.a(mac.o)           contiki-z1.a(csma.o) (mac_call_sent_callback)
contiki-z1.a(framer-802154.o)
                              contiki-z1.a(contikimac.o) (framer_802154)
contiki-z1.a(rpl.o)           contiki-z1.a(rpl-timers.o) (rpl_purge_routes)
contiki-z1.a(rpl-ext-header.)
                              contiki-z1.a(uip6.o) (rpl_verify_header)
contiki-z1.a(i2cmaster.o)     contiki-z1.a(adxl345.o) (i2c_receiveinit)
contiki-z1.a(frame802154.o)   contiki-z1.a(framer-802154.o) (frame802154_hdrlen)
/usr/local/msp430/bin/../lib/gcc/msp430/4.7.0/mcpu-430x/mmpy-16/libgcc.a(_mulsi3.o)
                              contiki-z1.a(csma.o) (__mulsi3)
/usr/local/msp430/bin/../lib/gcc/msp430/4.7.0/mcpu-430x/mmpy-16/libgcc.a(_udivmod16.o)
                              contiki-z1.a(rpl-dag.o) (__udivhi3)
/usr/local/msp430/bin/../lib/gcc/msp430/4.7.0/mcpu-430x/mmpy-16/libgcc.a(_divmod16.o)
                              contiki-z1.a(nbr-table.o) (__divhi3)
/usr/local/msp430/bin/../lib/gcc/msp430/4.7.0/mcpu-430x/mmpy-16/libgcc.a(_udivmod32.o)
                              obj_z1/contiki-z1-main.o (__udivsi3)
/usr/local/msp430/bin/../lib/gcc/msp430/4.7.0/../../../../msp430/lib/mcpu-430x/mmpy-16/libc.a(printf.o)
                              obj_z1/slip-bridge.o (printf)
/usr/local/msp430/bin/../lib/gcc/msp430/4.7.0/../../../../msp430/lib/mcpu-430x/mmpy-16/libc.a(sprintf.o)
[...]
Memory Configuration

Name             Origin             Length             Attributes
sfr              0x00000000         0x00000010
peripheral_8bit  0x00000010         0x000000f0
peripheral_16bit 0x00000100         0x00000100
ram_mirror       0x00000200         0x00000800         xw
infomem          0x00001000         0x00000100
infod            0x00001000         0x00000040
infoc            0x00001040         0x00000040
infob            0x00001080         0x00000040
infoa            0x000010c0         0x00000040
ram              0x00001100         0x00002000         xw
rom              0x00003100         0x0000cebe         xr
vectors          0x0000ffc0         0x00000040
far_rom          0x00010000         0x0000a000
bsl              0x00000000         0x00000000
ram2             0x00000000         0x00000000         xw
usbram           0x00000000         0x00000000         xw
*default*        0x00000000         0xffffffff

Linker script and memory map

LOAD /usr/local/msp430/bin/../lib/gcc/msp430/4.7.0/mcpu-430x/mmpy-16/crt0ivtbl32.o
                0x00000041                __P1SEL2 = 0x41
                0x00000045                __P5SEL2 = 0x45
LOAD border-router.co
LOAD obj_z1/slip-bridge.o
LOAD obj_z1/httpd-simple.o
LOAD obj_z1/contiki-z1-main.o
LOAD contiki-z1.a
LOAD /usr/local/msp430/bin/../lib/gcc/msp430/4.7.0/mcpu-430x/mmpy-16/libgcc.a
LOAD /usr/local/msp430/bin/../lib/gcc/msp430/4.7.0/../../../../msp430/lib/mcpu-430x/mmpy-16/libc.a
LOAD /usr/local/msp430/bin/../lib/gcc/msp430/4.7.0/mcpu-430x/mmpy-16/libgcc.a
LOAD /usr/local/msp430/bin/../lib/gcc/msp430/4.7.0/mcpu-430x/mmpy-16/libcrt0.a
                0x00000040                PROVIDE (__info_segment_size, 0x40)
                0x00001000                PROVIDE (__infod, 0x1000)
                0x00001040                PROVIDE (__infoc, 0x1040)
                0x00001080                PROVIDE (__infob, 0x1080)
                0x000010c0                PROVIDE (__infoa, 0x10c0)
                0x00000000                __IE1 = 0x0
                0x00000002                __IFG1 = 0x2
                0x00000001                __IE2 = 0x1
                0x00000003                __IFG2 = 0x3
                0x00000006                __UC1IE = 0x6
                0x00000007                __UC1IFG = 0x7
                0x000001a0                __ADC12CTL0 = 0x1a0
                0x000001a2                __ADC12CTL1 = 0x1a2
                0x000001a4                __ADC12IFG = 0x1a4
                0x000001a6                __ADC12IE = 0x1a6
                0x000001a8                __ADC12IV = 0x1a8
                0x00000140                __ADC12MEM0 = 0x140
                0x00000142                __ADC12MEM1 = 0x142
                0x00000144                __ADC12MEM2 = 0x144
                0x00000146                __ADC12MEM3 = 0x146
                0x00000148                __ADC12MEM4 = 0x148
                0x0000014a                __ADC12MEM5 = 0x14a
                0x0000014c                __ADC12MEM6 = 0x14c
                0x0000014e                __ADC12MEM7 = 0x14e
                0x00000150                __ADC12MEM8 = 0x150
                0x00000152                __ADC12MEM9 = 0x152
                0x00000154                __ADC12MEM10 = 0x154
                0x00000156                __ADC12MEM11 = 0x156
                0x00000158                __ADC12MEM12 = 0x158
                0x0000015a                __ADC12MEM13 = 0x15a
                0x0000015c                __ADC12MEM14 = 0x15c
                0x0000015e                __ADC12MEM15 = 0x15e
                0x00000080                __ADC12MCTL0 = 0x80
                0x00000081                __ADC12MCTL1 = 0x81
                0x00000082                __ADC12MCTL2 = 0x82
                0x00000083                __ADC12MCTL3 = 0x83
                0x00000084                __ADC12MCTL4 = 0x84
                0x00000085                __ADC12MCTL5 = 0x85
                0x00000086                __ADC12MCTL6 = 0x86
                0x00000087                __ADC12MCTL7 = 0x87
                0x00000088                __ADC12MCTL8 = 0x88
                0x00000089                __ADC12MCTL9 = 0x89
                0x0000008a                __ADC12MCTL10 = 0x8a
                0x0000008b                __ADC12MCTL11 = 0x8b
                0x0000008c                __ADC12MCTL12 = 0x8c
                0x0000008d                __ADC12MCTL13 = 0x8d
                0x0000008e                __ADC12MCTL14 = 0x8e
                0x0000008f                __ADC12MCTL15 = 0x8f
                0x00000056                __DCOCTL = 0x56
                0x00000057                __BCSCTL1 = 0x57
                0x00000058                __BCSCTL2 = 0x58
                0x00000053                __BCSCTL3 = 0x53
                0x00000059                __CACTL1 = 0x59
                0x0000005a                __CACTL2 = 0x5a
                0x0000005b                __CAPD = 0x5b
                0x000001c0                __DAC12_0CTL = 0x1c0
                0x000001c2                __DAC12_1CTL = 0x1c2
                0x000001c8                __DAC12_0DAT = 0x1c8
                0x000001ca                __DAC12_1DAT = 0x1ca
                0x00000122                __DMACTL0 = 0x122
                0x00000124                __DMACTL1 = 0x124
                0x00000126                __DMAIV = 0x126
                0x000001d0                __DMA0CTL = 0x1d0
                0x000001dc                __DMA1CTL = 0x1dc
                0x000001e8                __DMA2CTL = 0x1e8
                0x000001d2                __DMA0SA = 0x1d2
                0x000001d2                __DMA0SAL = 0x1d2
                0x000001d6                __DMA0DA = 0x1d6
                0x000001d6                __DMA0DAL = 0x1d6
                0x000001da                __DMA0SZ = 0x1da
                0x000001de                __DMA1SA = 0x1de
                0x000001de                __DMA1SAL = 0x1de
                0x000001e2                __DMA1DA = 0x1e2
                0x000001e2                __DMA1DAL = 0x1e2
                0x000001e6                __DMA1SZ = 0x1e6
                0x000001ea                __DMA2SA = 0x1ea
                0x000001ea                __DMA2SAL = 0x1ea
                0x000001ee                __DMA2DA = 0x1ee
                0x000001ee                __DMA2DAL = 0x1ee
                0x000001f2                __DMA2SZ = 0x1f2
                0x00000128                __FCTL1 = 0x128
                0x0000012a                __FCTL2 = 0x12a
                0x0000012c                __FCTL3 = 0x12c
                0x000001be                __FCTL4 = 0x1be
                0x00000130                __MPY = 0x130
                0x00000132                __MPYS = 0x132
                0x00000134                __MAC = 0x134
                0x00000136                __MACS = 0x136
                0x00000138                __OP2 = 0x138
                0x0000013a                __RESLO = 0x13a
                0x0000013c                __RESHI = 0x13c
                0x0000013e                __SUMEXT = 0x13e
                0x00000020                __P1IN = 0x20
                0x00000021                __P1OUT = 0x21
                0x00000022                __P1DIR = 0x22
                0x00000023                __P1IFG = 0x23
                0x00000024                __P1IES = 0x24
                0x00000025                __P1IE = 0x25
                0x00000026                __P1SEL = 0x26
                0x00000027                __P1REN = 0x27
                0x00000028                __P2IN = 0x28
                0x00000029                __P2OUT = 0x29
                0x0000002a                __P2DIR = 0x2a
                0x0000002b                __P2IFG = 0x2b
                0x0000002c                __P2IES = 0x2c
                0x0000002d                __P2IE = 0x2d
                0x0000002e                __P2SEL = 0x2e
                0x0000002f                __P2REN = 0x2f
                0x00000018                __P3IN = 0x18
                0x00000019                __P3OUT = 0x19
                0x0000001a                __P3DIR = 0x1a
                0x0000001b                __P3SEL = 0x1b
                0x00000010                __P3REN = 0x10
                0x0000001c                __P4IN = 0x1c
                0x0000001d                __P4OUT = 0x1d
                0x0000001e                __P4DIR = 0x1e
                0x0000001f                __P4SEL = 0x1f
                0x00000011                __P4REN = 0x11
                0x00000030                __P5IN = 0x30
                0x00000031                __P5OUT = 0x31
                0x00000032                __P5DIR = 0x32
                0x00000033                __P5SEL = 0x33
                0x00000012                __P5REN = 0x12
                0x00000034                __P6IN = 0x34
                0x00000035                __P6OUT = 0x35
                0x00000036                __P6DIR = 0x36
                0x00000037                __P6SEL = 0x37
                0x00000013                __P6REN = 0x13
                0x00000038                __P7IN = 0x38
                0x0000003a                __P7OUT = 0x3a
                0x0000003c                __P7DIR = 0x3c
                0x0000003e                __P7SEL = 0x3e
                0x00000014                __P7REN = 0x14
                0x00000039                __P8IN = 0x39
                0x0000003b                __P8OUT = 0x3b
                0x0000003d                __P8DIR = 0x3d
                0x0000003f                __P8SEL = 0x3f
                0x00000015                __P8REN = 0x15
                0x00000038                __PAIN = 0x38
                0x0000003a                __PAOUT = 0x3a
                0x0000003c                __PADIR = 0x3c
                0x0000003e                __PASEL = 0x3e
                0x00000014                __PAREN = 0x14
                0x00000055                __SVSCTL = 0x55
                0x0000012e                __TAIV = 0x12e
                0x00000160                __TACTL = 0x160
                0x00000162                __TACCTL0 = 0x162
                0x00000164                __TACCTL1 = 0x164
                0x00000166                __TACCTL2 = 0x166
                0x00000170                __TAR = 0x170
                0x00000172                __TACCR0 = 0x172
                0x00000174                __TACCR1 = 0x174
                0x00000176                __TACCR2 = 0x176
                0x0000011e                __TBIV = 0x11e
                0x00000180                __TBCTL = 0x180
                0x00000182                __TBCCTL0 = 0x182
                0x00000184                __TBCCTL1 = 0x184
                0x00000186                __TBCCTL2 = 0x186
                0x00000188                __TBCCTL3 = 0x188
                0x0000018a                __TBCCTL4 = 0x18a
                0x0000018c                __TBCCTL5 = 0x18c
                0x0000018e                __TBCCTL6 = 0x18e
                0x00000190                __TBR = 0x190
                0x00000192                __TBCCR0 = 0x192
                0x00000194                __TBCCR1 = 0x194
                0x00000196                __TBCCR2 = 0x196
                0x00000198                __TBCCR3 = 0x198
                0x0000019a                __TBCCR4 = 0x19a
                0x0000019c                __TBCCR5 = 0x19c
                0x0000019e                __TBCCR6 = 0x19e
                0x00000060                __UCA0CTL0 = 0x60
                0x00000061                __UCA0CTL1 = 0x61
                0x00000062                __UCA0BR0 = 0x62
                0x00000063                __UCA0BR1 = 0x63
                0x00000064                __UCA0MCTL = 0x64
                0x00000065                __UCA0STAT = 0x65
                0x00000066                __UCA0RXBUF = 0x66
                0x00000067                __UCA0TXBUF = 0x67
                0x0000005d                __UCA0ABCTL = 0x5d
                0x0000005e                __UCA0IRTCTL = 0x5e
                0x0000005f                __UCA0IRRCTL = 0x5f
                0x00000068                __UCB0CTL0 = 0x68
                0x00000069                __UCB0CTL1 = 0x69
                0x0000006a                __UCB0BR0 = 0x6a
                0x0000006b                __UCB0BR1 = 0x6b
                0x0000006c                __UCB0I2CIE = 0x6c
                0x0000006d                __UCB0STAT = 0x6d
                0x0000006e                __UCB0RXBUF = 0x6e
                0x0000006f                __UCB0TXBUF = 0x6f
                0x00000118                __UCB0I2COA = 0x118
                0x0000011a                __UCB0I2CSA = 0x11a
                0x000000d0                __UCA1CTL0 = 0xd0
                0x000000d1                __UCA1CTL1 = 0xd1
                0x000000d2                __UCA1BR0 = 0xd2
                0x000000d3                __UCA1BR1 = 0xd3
                0x000000d4                __UCA1MCTL = 0xd4
                0x000000d5                __UCA1STAT = 0xd5
                0x000000d6                __UCA1RXBUF = 0xd6
                0x000000d7                __UCA1TXBUF = 0xd7
                0x000000cd                __UCA1ABCTL = 0xcd
                0x000000ce                __UCA1IRTCTL = 0xce
                0x000000cf                __UCA1IRRCTL = 0xcf
                0x000000d8                __UCB1CTL0 = 0xd8
                0x000000d9                __UCB1CTL1 = 0xd9
                0x000000da                __UCB1BR0 = 0xda
                0x000000db                __UCB1BR1 = 0xdb
                0x000000dc                __UCB1I2CIE = 0xdc
                0x000000dd                __UCB1STAT = 0xdd
                0x000000de                __UCB1RXBUF = 0xde
                0x000000df                __UCB1TXBUF = 0xdf
                0x0000017c                __UCB1I2COA = 0x17c
                0x0000017e                __UCB1I2CSA = 0x17e
                0x00000120                __WDTCTL = 0x120
                0x000010c0                __TLV_CHECKSUM = 0x10c0
                0x000010f6                __TLV_DCO_30_TAG = 0x10f6
                0x000010f7                __TLV_DCO_30_LEN = 0x10f7
                0x000010da                __TLV_ADC12_1_TAG = 0x10da
                0x000010db                __TLV_ADC12_1_LEN = 0x10db
                0x000010f8                __CALDCO_16MHZ = 0x10f8
                0x000010f9                __CALBC1_16MHZ = 0x10f9
                0x000010fa                __CALDCO_12MHZ = 0x10fa
                0x000010fb                __CALBC1_12MHZ = 0x10fb
                0x000010fc                __CALDCO_8MHZ = 0x10fc
                0x000010fd                __CALBC1_8MHZ = 0x10fd
                0x000010fe                __CALDCO_1MHZ = 0x10fe
                0x000010ff                __CALBC1_1MHZ = 0x10ff

.hash
 *(.hash)

.dynsym
 *(.dynsym)

.dynstr
 *(.dynstr)

.gnu.version
 *(.gnu.version)

.gnu.version_d
 *(.gnu.version_d)

.gnu.version_r
 *(.gnu.version_r)

.rel.init
 *(.rel.init)

.rela.init
 *(.rela.init)

.rel.fini
 *(.rel.fini)

.rela.fini
 *(.rela.fini)

.rel.text
 *(.rel.text .rel.text.* .rel.gnu.linkonce.t.*)

.rela.text
 *(.rela.text .rela.text.* .rela.gnu.linkonce.t.*)

.rel.rodata
 *(.rel.rodata .rel.rodata.* .rel.gnu.linkonce.r.*)

.rela.rodata
 *(.rela.rodata .rela.rodata.* .rela.gnu.linkonce.r.*)

.rel.data
 *(.rel.data .rel.data.* .rel.gnu.linkonce.d.*)

.rela.data
 *(.rela.data .rela.data.* .rela.gnu.linkonce.d.*)

.rel.bss
 *(.rel.bss .rel.bss.* .rel.gnu.linkonce.b.*)

.rela.bss
 *(.rela.bss .rela.bss.* .rela.gnu.linkonce.b.*)

.rel.ctors
 *(.rel.ctors)

.rela.ctors
 *(.rela.ctors)

.rel.dtors
 *(.rel.dtors)

.rela.dtors
 *(.rela.dtors)

.rel.got
 *(.rel.got)

.rela.got
 *(.rela.got)

.rel.plt
 *(.rel.plt)

.rela.plt
 *(.rela.plt)

.text           0x00003100     0xb086
                0x00003100                . = ALIGN (0x2)
 *(.init .init.*)
 *(.init0)
 .init0         0x00003100        0x0 /usr/local/msp430/bin/../lib/gcc/msp430/4.7.0/mcpu-430x/mmpy-16/libcrt0.a(_reset_vector__.o)
                0x00003100                _reset_vector__
 *(.init1)
 .init1         0x00003100        0xc /usr/local/msp430/bin/../lib/gcc/msp430/4.7.0/mcpu-430x/mmpy-16/libcrt0.a(__watchdog_support.o)
                0x00003100                __watchdog_support
 *(.init2)
 .init2         0x0000310c        0x4 /usr/local/msp430/bin/../lib/gcc/msp430/4.7.0/mcpu-430x/mmpy-16/libcrt0.a(__init_stack.o)
                0x0000310c                __init_stack
 *(.init3)
 .init3         0x00003110        0x0 /usr/local/msp430/bin/../lib/gcc/msp430/4.7.0/mcpu-430x/mmpy-16/libcrt0.a(__low_level_init.o)
                0x00003110                __low_level_init
 *(.init4)
 .init4         0x00003110       0x18 /usr/local/msp430/bin/../lib/gcc/msp430/4.7.0/mcpu-430x/mmpy-16/libcrt0.a(_copy_data.o)
                0x00003110                __do_copy_data
 .init4         0x00003128       0x16 /usr/local/msp430/bin/../lib/gcc/msp430/4.7.0/mcpu-430x/mmpy-16/libcrt0.a(_clear_bss.o)
                0x00003128                __do_clear_bss
 *(.init5)
 *(.init6)
 *(.init7)
 *(.init8)
 *(.init9)
 .init9         0x0000313e      0x35c obj_z1/contiki-z1-main.o
                0x0000313e                main
 *(.fini9)
 .fini9         0x0000349a        0x0 /usr/local/msp430/bin/../lib/gcc/msp430/4.7.0/mcpu-430x/mmpy-16/libcrt0.a(__stop_progExec__.o)
                0x0000349a                __stop_progExec__
 *(.fini8)
 *(.fini7)
 *(.fini6)
 *(.fini5)
 *(.fini4)
 *(.fini3)
 *(.fini2)
 *(.fini1)
 *(.fini0)
 .fini0         0x0000349a        0x6 /usr/local/msp430/bin/../lib/gcc/msp430/4.7.0/mcpu-430x/mmpy-16/libcrt0.a(_endless_loop__.o)
                0x0000349a                _endless_loop__
 *(.fini .fini.*)
                0x000034a0                . = ALIGN (0x2)
                0x000034a0                __ctors_start = .
 *(.ctors)
                0x000034a0                __ctors_end = .
                0x000034a0                __dtors_start = .
 *(.dtors)
                0x000034a0                __dtors_end = .
                0x000034a0                . = ALIGN (0x2)
 *(.text .text.* .gnu.linkonce.t.*)
 .text          0x000034a0        0x4 /usr/local/msp430/bin/../lib/gcc/msp430/4.7.0/mcpu-430x/mmpy-16/crt0ivtbl32.o
                0x000034a0                __isr_14
                0x000034a0                __isr_4
                0x000034a0                __isr_29
                0x000034a0                __isr_11
                0x000034a0                __isr_5
                0x000034a0                __isr_2
                0x000034a0                __isr_10
                0x000034a0                __isr_7
                0x000034a0                __isr_0
                0x000034a0                __isr_28
                0x000034a0                __isr_8
                0x000034a0                __isr_20
                0x000034a0                __isr_3
                0x000034a0                __isr_12
                0x000034a0                __isr_13
                0x000034a0                __isr_27
                0x000034a0                __isr_9
                0x000034a0                __isr_30
                0x000034a0                __isr_6
                0x000034a0                __isr_22
                0x000034a0                __isr_1
                0x000034a0                __isr_15
                0x000034a0                __isr_21
 .text.process_thread_webserver_nogui_process
                0x000034a4       0x40 border-router.co
 .text.ipaddr_add
                0x000034e4       0xb6 border-router.co
 .text.generate_routes
                0x0000359a      0x288 border-router.co
 .text.httpd_simple_get_script
                0x00003822        0x6 border-router.co
                0x00003822                httpd_simple_get_script
 .text.request_prefix
                0x00003828       0x1e border-router.co
                0x00003828                request_prefix
 .text.process_thread_border_router_process
                0x00003846      0x128 border-router.co
 .text.set_prefix_64
                0x0000396e       0x44 border-router.co
                0x0000396e                set_prefix_64
 .text.init     0x000039b2       0x1e obj_z1/slip-bridge.o
 .text.slip_input_callback
                0x000039d0       0xd0 obj_z1/slip-bridge.o
 .text.output   0x00003aa0       0x48 obj_z1/slip-bridge.o
 .text.putchar  0x00003ae8       0x3c obj_z1/slip-bridge.o
                0x00003ae8                putchar
 .text.handle_input
                0x00003b24       0xee obj_z1/httpd-simple.o
 .text.send_headers
                0x00003c12       0x6a obj_z1/httpd-simple.o
 .text.handle_output
                0x00003c7c       0xf4 obj_z1/httpd-simple.o
 .text.httpd_appcall
                0x00003d70       0xcc obj_z1/httpd-simple.o
                0x00003d70                httpd_appcall
 .text.httpd_init
                0x00003e3c       0x12 obj_z1/httpd-simple.o
                0x00003e3c                httpd_init
 .text.rimeaddr_copy
                0x00003e4e        0x8 contiki-z1.a(rimeaddr.o)
                0x00003e4e                rimeaddr_copy
 .text.rimeaddr_cmp
                0x00003e56       0x12 contiki-z1.a(rimeaddr.o)
                0x00003e56                rimeaddr_cmp
 .text.rimeaddr_set_node_addr
                0x00003e68        0xc contiki-z1.a(rimeaddr.o)
                0x00003e68                rimeaddr_set_node_addr
 .text.input_packet
                0x00003e74        0x6 contiki-z1.a(csma.o)
 .text.on       0x00003e7a        0x6 contiki-z1.a(csma.o)
 .text.off      0x00003e80        0x6 contiki-z1.a(csma.o)
 .text.channel_check_interval
                0x00003e86       0x10 contiki-z1.a(csma.o)
 .text.transmit_packet_list
                0x00003e96       0x24 contiki-z1.a(csma.o)
 .text.init     0x00003eba       0x1a contiki-z1.a(csma.o)
 .text.send_packet
                0x00003ed4      0x158 contiki-z1.a(csma.o)
 .text.free_packet
                0x0000402c       0x94 contiki-z1.a(csma.o)
 .text.packet_sent
                0x000040c0      0x114 contiki-z1.a(csma.o)
 .text.duty_cycle
                0x000041d4        0x6 contiki-z1.a(contikimac.o)
 .text.init     0x000041da       0x2e contiki-z1.a(contikimac.o)
 .text.on       0x00004208       0x1a contiki-z1.a(contikimac.o)
 .text.off      0x00004222       0x22 contiki-z1.a(contikimac.o)
 .text.recv_burst_off
                0x00004244        0xa contiki-z1.a(contikimac.o)
 .text.powercycle_turn_radio_off
                0x0000424e       0x14 contiki-z1.a(contikimac.o)
 .text.turn_off
                0x00004262       0x20 contiki-z1.a(contikimac.o)
 .text.turn_on  0x00004282       0x30 contiki-z1.a(contikimac.o)
 .text.schedule_powercycle_fixed.part.5
                0x000042b2       0x34 contiki-z1.a(contikimac.o)
 .text.input_packet
                0x000042e6       0xf8 contiki-z1.a(contikimac.o)
 .text.send_packet
                0x000043de      0x278 contiki-z1.a(contikimac.o)
 .text.qsend_list
                0x00004656       0x72 contiki-z1.a(contikimac.o)
 .text.qsend_packet
                0x000046c8       0x24 contiki-z1.a(contikimac.o)
 .text.powercycle
                0x000046ec      0x1da contiki-z1.a(contikimac.o)
 .text.send_packet
                0x000048c6       0x44 contiki-z1.a(phase.o)
 .text.phase_update
                0x0000490a       0x86 contiki-z1.a(phase.o)
                0x0000490a                phase_update
 .text.phase_wait
                0x00004990       0xda contiki-z1.a(phase.o)
                0x00004990                phase_wait
 .text.phase_init
                0x00004a6a       0x14 contiki-z1.a(phase.o)
                0x00004a6a                phase_init
 .text.lollipop_greater_than
                0x00004a7e       0x3c contiki-z1.a(rpl-dag.o)
 .text.find_parent_any_dag_any_instance
                0x00004aba       0x14 contiki-z1.a(rpl-dag.o)
 .text.rpl_set_preferred_parent
                0x00004ace       0x2c contiki-z1.a(rpl-dag.o)
 .text.set_ip_from_prefix
                0x00004afa       0x30 contiki-z1.a(rpl-dag.o)
 .text.check_prefix
                0x00004b2a       0x70 contiki-z1.a(rpl-dag.o)
 .text.rpl_dag_init
                0x00004b9a        0xe contiki-z1.a(rpl-dag.o)
                0x00004b9a                rpl_dag_init
 .text.rpl_get_parent_ipaddr
                0x00004ba8       0x10 contiki-z1.a(rpl-dag.o)
                0x00004ba8                rpl_get_parent_ipaddr
 .text.rpl_set_prefix
                0x00004bb8       0x74 contiki-z1.a(rpl-dag.o)
                0x00004bb8                rpl_set_prefix
 .text.rpl_set_default_route
                0x00004c2c       0x60 contiki-z1.a(rpl-dag.o)
                0x00004c2c                rpl_set_default_route
 .text.rpl_alloc_instance
                0x00004c8c       0x2c contiki-z1.a(rpl-dag.o)
                0x00004c8c                rpl_alloc_instance
 .text.rpl_add_parent
                0x00004cb8       0x38 contiki-z1.a(rpl-dag.o)
                0x00004cb8                rpl_add_parent
 .text.rpl_find_parent
                0x00004cf0       0x1c contiki-z1.a(rpl-dag.o)
                0x00004cf0                rpl_find_parent
 .text.rpl_find_parent_any_dag
                0x00004d0c       0x24 contiki-z1.a(rpl-dag.o)
                0x00004d0c                rpl_find_parent_any_dag
 .text.rpl_select_parent
                0x00004d30       0x54 contiki-z1.a(rpl-dag.o)
                0x00004d30                rpl_select_parent
 .text.rpl_select_dag
                0x00004d84      0x196 contiki-z1.a(rpl-dag.o)
                0x00004d84                rpl_select_dag
 .text.rpl_nullify_parent
                0x00004f1a       0x4a contiki-z1.a(rpl-dag.o)
                0x00004f1a                rpl_nullify_parent
 .text.rpl_remove_parent
                0x00004f64       0x16 contiki-z1.a(rpl-dag.o)
                0x00004f64                rpl_remove_parent
 .text.remove_parents.constprop.5
                0x00004f7a       0x2e contiki-z1.a(rpl-dag.o)
 .text.rpl_free_dag
                0x00004fa8       0x34 contiki-z1.a(rpl-dag.o)
                0x00004fa8                rpl_free_dag
 .text.rpl_free_instance
                0x00004fdc       0x54 contiki-z1.a(rpl-dag.o)
                0x00004fdc                rpl_free_instance
 .text.rpl_move_parent
                0x00005030       0x66 contiki-z1.a(rpl-dag.o)
                0x00005030                rpl_move_parent
 .text.rpl_get_any_dag
                0x00005096       0x16 contiki-z1.a(rpl-dag.o)
                0x00005096                rpl_get_any_dag
 .text.rpl_get_instance
                0x000050ac       0x16 contiki-z1.a(rpl-dag.o)
                0x000050ac                rpl_get_instance
 .text.get_dag  0x000050c2       0x50 contiki-z1.a(rpl-dag.o)
 .text.rpl_alloc_dag
                0x00005112       0x62 contiki-z1.a(rpl-dag.o)
                0x00005112                rpl_alloc_dag
 .text.rpl_set_root
                0x00005174       0xdc contiki-z1.a(rpl-dag.o)
                0x00005174                rpl_set_root
 .text.rpl_repair_root
                0x00005250       0x4c contiki-z1.a(rpl-dag.o)
                0x00005250                rpl_repair_root
 .text.rpl_find_of
                0x0000529c       0x10 contiki-z1.a(rpl-dag.o)
                0x0000529c                rpl_find_of
 .text.rpl_join_instance
                0x000052ac      0x128 contiki-z1.a(rpl-dag.o)
                0x000052ac                rpl_join_instance
 .text.rpl_local_repair
                0x000053d4       0x64 contiki-z1.a(rpl-dag.o)
                0x000053d4                rpl_local_repair
 .text.rpl_process_parent_event
                0x00005438       0x6c contiki-z1.a(rpl-dag.o)
                0x00005438                rpl_process_parent_event
 .text.rpl_recalculate_ranks
                0x000054a4       0x42 contiki-z1.a(rpl-dag.o)
                0x000054a4                rpl_recalculate_ranks
 .text.rpl_add_dag
                0x000054e6      0x102 contiki-z1.a(rpl-dag.o)
                0x000054e6                rpl_add_dag
 .text.rpl_process_dio
                0x000055e8      0x25c contiki-z1.a(rpl-dag.o)
                0x000055e8                rpl_process_dio
 .text.get32    0x00005844       0x3e contiki-z1.a(rpl-icmp6.o)
 .text.set32    0x00005882       0x2a contiki-z1.a(rpl-icmp6.o)
 .text.get16    0x000058ac        0xe contiki-z1.a(rpl-icmp6.o)
 .text.set16    0x000058ba       0x10 contiki-z1.a(rpl-icmp6.o)
 .text.dis_output
                0x000058ca       0xcc contiki-z1.a(rpl-icmp6.o)
                0x000058ca                dis_output
 .text.dio_output
                0x00005996      0x23e contiki-z1.a(rpl-icmp6.o)
                0x00005996                dio_output
 .text.dao_output_target
                0x00005bd4       0xc8 contiki-z1.a(rpl-icmp6.o)
                0x00005bd4                dao_output_target
 .text.dao_output
                0x00005c9c       0x70 contiki-z1.a(rpl-icmp6.o)
                0x00005c9c                dao_output
 .text.dao_ack_output
                0x00005d0c       0x32 contiki-z1.a(rpl-icmp6.o)
                0x00005d0c                dao_ack_output
 .text.uip_rpl_input
                0x00005d3e      0x666 contiki-z1.a(rpl-icmp6.o)
                0x00005d3e                uip_rpl_input
 .text.new_dio_interval
                0x000063a4       0x8a contiki-z1.a(rpl-timers.o)
 .text.handle_periodic_timer
                0x0000642e       0x2e contiki-z1.a(rpl-timers.o)
 .text.handle_dao_timer
                0x0000645c       0x50 contiki-z1.a(rpl-timers.o)
 .text.handle_dio_timer
                0x000064ac       0x82 contiki-z1.a(rpl-timers.o)
 .text.rpl_reset_periodic_timer
                0x0000652e       0x54 contiki-z1.a(rpl-timers.o)
                0x0000652e                rpl_reset_periodic_timer
 .text.rpl_reset_dio_timer
                0x00006582       0x18 contiki-z1.a(rpl-timers.o)
                0x00006582                rpl_reset_dio_timer
 .text.rpl_schedule_dao
                0x0000659a       0x46 contiki-z1.a(rpl-timers.o)
                0x0000659a                rpl_schedule_dao
 .text.reset    0x000065e0        0x2 contiki-z1.a(rpl-mrhof.o)
 .text.neighbor_link_callback
                0x000065e2       0x70 contiki-z1.a(rpl-mrhof.o)
 .text.calculate_rank
                0x00006652       0x2c contiki-z1.a(rpl-mrhof.o)
 .text.update_metric_container
                0x0000667e        0x6 contiki-z1.a(rpl-mrhof.o)
 .text.best_dag
                0x00006684       0x2e contiki-z1.a(rpl-mrhof.o)
 .text.best_parent
                0x000066b2       0x4e contiki-z1.a(rpl-mrhof.o)
 .text.call_process
                0x00006700       0x42 contiki-z1.a(process.o)
 .text.exit_process
                0x00006742       0x8a contiki-z1.a(process.o)
 .text.do_poll  0x000067cc       0x30 contiki-z1.a(process.o)
 .text.process_alloc_event
                0x000067fc        0xe contiki-z1.a(process.o)
                0x000067fc                process_alloc_event
 .text.process_init
                0x0000680a       0x1c contiki-z1.a(process.o)
                0x0000680a                process_init
 .text.process_run
                0x00006826       0xa4 contiki-z1.a(process.o)
                0x00006826                process_run
 .text.process_nevents
                0x000068ca        0xe contiki-z1.a(process.o)
                0x000068ca                process_nevents
 .text.process_post
                0x000068d8       0x50 contiki-z1.a(process.o)
                0x000068d8                process_post
 .text.process_post_synch
                0x00006928       0x12 contiki-z1.a(process.o)
                0x00006928                process_post_synch
 .text.process_start
                0x0000693a       0x36 contiki-z1.a(process.o)
                0x0000693a                process_start
 .text.process_poll
                0x00006970       0x18 contiki-z1.a(process.o)
                0x00006970                process_poll
 .text.autostart_start
                0x00006988       0x16 contiki-z1.a(autostart.o)
                0x00006988                autostart_start
 .text.memb_init
                0x0000699e       0x36 contiki-z1.a(memb.o)
                0x0000699e                memb_init
 .text.memb_alloc
                0x000069d4       0x3e contiki-z1.a(memb.o)
                0x000069d4                memb_alloc
 .text.memb_free
                0x00006a12       0x3a contiki-z1.a(memb.o)
                0x00006a12                memb_free
 .text.memb_inmemb
                0x00006a4c       0x2a contiki-z1.a(memb.o)
                0x00006a4c                memb_inmemb
 .text.timer_set
                0x00006a76       0x1c contiki-z1.a(timer.o)
                0x00006a76                timer_set
 .text.timer_reset
                0x00006a92        0xe contiki-z1.a(timer.o)
                0x00006a92                timer_reset
 .text.timer_restart
                0x00006aa0       0x14 contiki-z1.a(timer.o)
                0x00006aa0                timer_restart
 .text.timer_expired
                0x00006ab4       0x2a contiki-z1.a(timer.o)
                0x00006ab4                timer_expired
 .text.list_init
                0x00006ade        0x6 contiki-z1.a(list.o)
                0x00006ade                list_init
 .text.list_head
                0x00006ae4        0x4 contiki-z1.a(list.o)
                0x00006ae4                list_head
 .text.list_tail
                0x00006ae8       0x12 contiki-z1.a(list.o)
                0x00006ae8                list_tail
 .text.list_remove
                0x00006afa       0x34 contiki-z1.a(list.o)
                0x00006afa                list_remove
 .text.list_push
                0x00006b2e       0x16 contiki-z1.a(list.o)
                0x00006b2e                list_push
 .text.list_add
                0x00006b44       0x26 contiki-z1.a(list.o)
                0x00006b44                list_add
 .text.list_length
                0x00006b6a       0x10 contiki-z1.a(list.o)
                0x00006b6a                list_length
 .text.list_item_next
                0x00006b7a        0xc contiki-z1.a(list.o)
                0x00006b7a                list_item_next
 .text.update_time
                0x00006b86       0x70 contiki-z1.a(etimer.o)
 .text.etimer_request_poll
                0x00006bf6        0xa contiki-z1.a(etimer.o)
                0x00006bf6                etimer_request_poll
 .text.process_thread_etimer_process
                0x00006c00       0xc4 contiki-z1.a(etimer.o)
 .text.add_timer
                0x00006cc4       0x40 contiki-z1.a(etimer.o)
 .text.etimer_set
                0x00006d04       0x12 contiki-z1.a(etimer.o)
                0x00006d04                etimer_set
 .text.etimer_reset
                0x00006d16       0x12 contiki-z1.a(etimer.o)
                0x00006d16                etimer_reset
 .text.etimer_restart
                0x00006d28       0x12 contiki-z1.a(etimer.o)
                0x00006d28                etimer_restart
 .text.etimer_expired
                0x00006d3a        0xe contiki-z1.a(etimer.o)
                0x00006d3a                etimer_expired
 .text.etimer_expiration_time
                0x00006d48       0x14 contiki-z1.a(etimer.o)
                0x00006d48                etimer_expiration_time
 .text.etimer_pending
                0x00006d5c        0xc contiki-z1.a(etimer.o)
                0x00006d5c                etimer_pending
 .text.etimer_next_expiration_time
                0x00006d68       0x16 contiki-z1.a(etimer.o)
                0x00006d68                etimer_next_expiration_time
 .text.etimer_stop
                0x00006d7e       0x3e contiki-z1.a(etimer.o)
                0x00006d7e                etimer_stop
 .text.process_thread_ctimer_process
                0x00006dbc       0xa0 contiki-z1.a(ctimer.o)
 .text.ctimer_init
                0x00006e5c       0x18 contiki-z1.a(ctimer.o)
                0x00006e5c                ctimer_init
 .text.ctimer_set
                0x00006e74       0x52 contiki-z1.a(ctimer.o)
                0x00006e74                ctimer_set
 .text.ctimer_reset
                0x00006ec6       0x36 contiki-z1.a(ctimer.o)
                0x00006ec6                ctimer_reset
 .text.ctimer_stop
                0x00006efc       0x28 contiki-z1.a(ctimer.o)
                0x00006efc                ctimer_stop
 .text.energest_init
                0x00006f24       0x24 contiki-z1.a(energest.o)
                0x00006f24                energest_init
 .text.energest_type_time
                0x00006f48       0x3c contiki-z1.a(energest.o)
                0x00006f48                energest_type_time
 .text.energest_type_set
                0x00006f84        0xc contiki-z1.a(energest.o)
                0x00006f84                energest_type_set
 .text.energest_flush
                0x00006f90       0x38 contiki-z1.a(energest.o)
                0x00006f90                energest_flush
 .text.rtimer_init
                0x00006fc8        0x6 contiki-z1.a(rtimer.o)
                0x00006fc8                rtimer_init
 .text.rtimer_set
                0x00006fce       0x24 contiki-z1.a(rtimer.o)
                0x00006fce                rtimer_set
 .text.rtimer_run_next
                0x00006ff2       0x26 contiki-z1.a(rtimer.o)
                0x00006ff2                rtimer_run_next
 .text.stimer_set
                0x00007018       0x1c contiki-z1.a(stimer.o)
                0x00007018                stimer_set
 .text.stimer_expired
                0x00007034       0x30 contiki-z1.a(stimer.o)
                0x00007034                stimer_expired
 .text.random_rand
                0x00007064        0x6 contiki-z1.a(random.o)
                0x00007064                random_rand
 .text.item_from_index
                0x0000706a       0x2a contiki-z1.a(nbr-table.o)
 .text.index_from_key
                0x00007094       0x26 contiki-z1.a(nbr-table.o)
 .text.index_from_item
                0x000070ba       0x1e contiki-z1.a(nbr-table.o)
 .text.nbr_set_bit
                0x000070d8       0x50 contiki-z1.a(nbr-table.o)
 .text.index_from_lladdr
                0x00007128       0x3e contiki-z1.a(nbr-table.o)
 .text.nbr_get_bit.constprop.0
                0x00007166       0x2c contiki-z1.a(nbr-table.o)
 .text.nbr_table_register
                0x00007192       0x26 contiki-z1.a(nbr-table.o)
                0x00007192                nbr_table_register
 .text.nbr_table_next
                0x000071b8       0x4c contiki-z1.a(nbr-table.o)
                0x000071b8                nbr_table_next
 .text.nbr_table_head
                0x00007204       0x36 contiki-z1.a(nbr-table.o)
                0x00007204                nbr_table_head
 .text.nbr_table_add_lladdr
                0x0000723a      0x110 contiki-z1.a(nbr-table.o)
                0x0000723a                nbr_table_add_lladdr
 .text.nbr_table_get_from_lladdr
                0x0000734a       0x28 contiki-z1.a(nbr-table.o)
                0x0000734a                nbr_table_get_from_lladdr
 .text.nbr_table_remove
                0x00007372       0x2a contiki-z1.a(nbr-table.o)
                0x00007372                nbr_table_remove
 .text.nbr_table_lock
                0x0000739c       0x10 contiki-z1.a(nbr-table.o)
                0x0000739c                nbr_table_lock
 .text.nbr_table_unlock
                0x000073ac       0x10 contiki-z1.a(nbr-table.o)
                0x000073ac                nbr_table_unlock
 .text.nbr_table_get_lladdr
                0x000073bc       0x20 contiki-z1.a(nbr-table.o)
                0x000073bc                nbr_table_get_lladdr
 .text.packetbuf_copyto_hdr
                0x000073dc       0x1c contiki-z1.a(packetbuf.o)
                0x000073dc                packetbuf_copyto_hdr
 .text.packetbuf_copyto
                0x000073f8       0x46 contiki-z1.a(packetbuf.o)
                0x000073f8                packetbuf_copyto
 .text.packetbuf_hdr_remove
                0x0000743e        0x6 contiki-z1.a(packetbuf.o)
                0x0000743e                packetbuf_hdr_remove
 .text.packetbuf_hdrreduce
                0x00007444       0x1a contiki-z1.a(packetbuf.o)
                0x00007444                packetbuf_hdrreduce
 .text.packetbuf_set_datalen
                0x0000745e        0x6 contiki-z1.a(packetbuf.o)
                0x0000745e                packetbuf_set_datalen
 .text.packetbuf_dataptr
                0x00007464        0xe contiki-z1.a(packetbuf.o)
                0x00007464                packetbuf_dataptr
 .text.packetbuf_hdrptr
                0x00007472        0xa contiki-z1.a(packetbuf.o)
                0x00007472                packetbuf_hdrptr
 .text.packetbuf_is_reference
                0x0000747c        0xe contiki-z1.a(packetbuf.o)
                0x0000747c                packetbuf_is_reference
 .text.packetbuf_compact
                0x0000748a       0x48 contiki-z1.a(packetbuf.o)
                0x0000748a                packetbuf_compact
 .text.packetbuf_reference_ptr
                0x000074d2        0x6 contiki-z1.a(packetbuf.o)
                0x000074d2                packetbuf_reference_ptr
 .text.packetbuf_datalen
                0x000074d8        0x6 contiki-z1.a(packetbuf.o)
                0x000074d8                packetbuf_datalen
 .text.packetbuf_totlen
                0x000074de       0x10 contiki-z1.a(packetbuf.o)
                0x000074de                packetbuf_totlen
 .text.packetbuf_hdralloc
                0x000074ee       0x2a contiki-z1.a(packetbuf.o)
                0x000074ee                packetbuf_hdralloc
 .text.packetbuf_attr_clear
                0x00007518       0x2c contiki-z1.a(packetbuf.o)
                0x00007518                packetbuf_attr_clear
 .text.packetbuf_clear
                0x00007544       0x1a contiki-z1.a(packetbuf.o)
                0x00007544                packetbuf_clear
 .text.packetbuf_copyfrom
                0x0000755e       0x2a contiki-z1.a(packetbuf.o)
                0x0000755e                packetbuf_copyfrom
 .text.packetbuf_attr_copyto
                0x00007588       0x22 contiki-z1.a(packetbuf.o)
                0x00007588                packetbuf_attr_copyto
 .text.packetbuf_attr_copyfrom
                0x000075aa       0x24 contiki-z1.a(packetbuf.o)
                0x000075aa                packetbuf_attr_copyfrom
 .text.psock_send
                0x000075ce       0xae contiki-z1.a(psock.o)
                0x000075ce                psock_send
 .text.psock_datalen
                0x0000767c        0xc contiki-z1.a(psock.o)
                0x0000767c                psock_datalen
 .text.psock_newdata
                0x00007688       0x24 contiki-z1.a(psock.o)
                0x00007688                psock_newdata
 .text.psock_readto
                0x000076ac       0xb4 contiki-z1.a(psock.o)
                0x000076ac                psock_readto
 .text.psock_init
                0x00007760       0x22 contiki-z1.a(psock.o)
                0x00007760                psock_init
 .text.queuebuf_init
                0x00007782       0x1a contiki-z1.a(queuebuf.o)
                0x00007782                queuebuf_init
 .text.queuebuf_new_from_packetbuf
                0x0000779c       0x7a contiki-z1.a(queuebuf.o)
                0x0000779c                queuebuf_new_from_packetbuf
 .text.queuebuf_update_attr_from_packetbuf
                0x00007816       0x12 contiki-z1.a(queuebuf.o)
                0x00007816                queuebuf_update_attr_from_packetbuf
 .text.queuebuf_free
                0x00007828       0x40 contiki-z1.a(queuebuf.o)
                0x00007828                queuebuf_free
 .text.queuebuf_to_packetbuf
                0x00007868       0x6a contiki-z1.a(queuebuf.o)
                0x00007868                queuebuf_to_packetbuf
 .text.queuebuf_attr
                0x000078d2        0xe contiki-z1.a(queuebuf.o)
                0x000078d2                queuebuf_attr
 .text.set_packet_attrs
                0x000078e0       0x46 contiki-z1.a(sicslowpan.o)
 .text.addr_context_lookup_by_number
                0x00007926       0x30 contiki-z1.a(sicslowpan.o)
 .text.compress_addr_64
                0x00007956       0x9a contiki-z1.a(sicslowpan.o)
 .text.uncompress_addr
                0x000079f0       0x96 contiki-z1.a(sicslowpan.o)
 .text.input    0x00007a86      0x5ee contiki-z1.a(sicslowpan.o)
 .text.sicslowpan_init
                0x00008074       0x26 contiki-z1.a(sicslowpan.o)
                0x00008074                sicslowpan_init
 .text.addr_context_lookup_by_prefix
                0x0000809a       0x4a contiki-z1.a(sicslowpan.o)
 .text.packet_sent
                0x000080e4       0x22 contiki-z1.a(sicslowpan.o)
 .text.send_packet
                0x00008106       0x1a contiki-z1.a(sicslowpan.o)
 .text.output   0x00008120      0x6ba contiki-z1.a(sicslowpan.o)
 .text.start_periodic_tcp_timer
                0x000087da       0x16 contiki-z1.a(tcpip.o)
 .text.tcpip_output
                0x000087f0       0x10 contiki-z1.a(tcpip.o)
                0x000087f0                tcpip_output
 .text.tcpip_set_outputfunc
                0x00008800        0x6 contiki-z1.a(tcpip.o)
                0x00008800                tcpip_set_outputfunc
 .text.tcp_listen
                0x00008806       0x3a contiki-z1.a(tcpip.o)
                0x00008806                tcp_listen
 .text.tcp_attach
                0x00008840        0xc contiki-z1.a(tcpip.o)
                0x00008840                tcp_attach
 .text.tcpip_input
                0x0000884c       0x16 contiki-z1.a(tcpip.o)
                0x0000884c                tcpip_input
 .text.tcpip_ipv6_output
                0x00008862      0x164 contiki-z1.a(tcpip.o)
                0x00008862                tcpip_ipv6_output
 .text.process_thread_tcpip_process
                0x000089c6      0x1be contiki-z1.a(tcpip.o)
 .text.tcpip_uipcall
                0x00008b84       0x70 contiki-z1.a(tcpip.o)
                0x00008b84                tcpip_uipcall
 .text.uip_debug_ipaddr_print
                0x00008bf4       0x72 contiki-z1.a(uip-debug.o)
                0x00008bf4                uip_debug_ipaddr_print
 .text.call_route_callback
                0x00008c66       0x40 contiki-z1.a(uip-ds6-route.o)
 .text.uip_ds6_route_init
                0x00008ca6       0x2e contiki-z1.a(uip-ds6-route.o)
                0x00008ca6                uip_ds6_route_init
 .text.uip_ds6_route_nexthop
                0x00008cd4       0x1a contiki-z1.a(uip-ds6-route.o)
                0x00008cd4                uip_ds6_route_nexthop
 .text.uip_ds6_route_head
                0x00008cee       0x28 contiki-z1.a(uip-ds6-route.o)
                0x00008cee                uip_ds6_route_head
 .text.uip_ds6_route_next
                0x00008d16       0x30 contiki-z1.a(uip-ds6-route.o)
                0x00008d16                uip_ds6_route_next
 .text.uip_ds6_route_lookup
                0x00008d46       0x40 contiki-z1.a(uip-ds6-route.o)
                0x00008d46                uip_ds6_route_lookup
 .text.uip_ds6_route_add
                0x00008d86       0xa0 contiki-z1.a(uip-ds6-route.o)
                0x00008d86                uip_ds6_route_add
 .text.uip_ds6_route_rm
                0x00008e26       0x60 contiki-z1.a(uip-ds6-route.o)
                0x00008e26                uip_ds6_route_rm
 .text.rm_routelist
                0x00008e86       0x30 contiki-z1.a(uip-ds6-route.o)
 .text.rm_routelist_callback
                0x00008eb6        0x6 contiki-z1.a(uip-ds6-route.o)
 .text.uip_ds6_defrt_rm
                0x00008ebc       0x44 contiki-z1.a(uip-ds6-route.o)
                0x00008ebc                uip_ds6_defrt_rm
 .text.uip_ds6_defrt_lookup
                0x00008f00       0x32 contiki-z1.a(uip-ds6-route.o)
                0x00008f00                uip_ds6_defrt_lookup
 .text.uip_ds6_defrt_add
                0x00008f32       0x68 contiki-z1.a(uip-ds6-route.o)
                0x00008f32                uip_ds6_defrt_add
 .text.uip_ds6_defrt_choose
                0x00008f9a       0x36 contiki-z1.a(uip-ds6-route.o)
                0x00008f9a                uip_ds6_defrt_choose
 .text.uip_ds6_defrt_periodic
                0x00008fd0       0x38 contiki-z1.a(uip-ds6-route.o)
                0x00008fd0                uip_ds6_defrt_periodic
 .text.uip_ds6_nbr_rm
                0x00009008       0x1a contiki-z1.a(uip-ds6-nbr.o)
                0x00009008                uip_ds6_nbr_rm
 .text.uip_ds6_neighbors_init
                0x00009022        0xe contiki-z1.a(uip-ds6-nbr.o)
                0x00009022                uip_ds6_neighbors_init
 .text.uip_ds6_nbr_add
                0x00009030       0x54 contiki-z1.a(uip-ds6-nbr.o)
                0x00009030                uip_ds6_nbr_add
 .text.uip_ds6_nbr_get_ll
                0x00009084        0xc contiki-z1.a(uip-ds6-nbr.o)
                0x00009084                uip_ds6_nbr_get_ll
 .text.uip_ds6_nbr_lookup
                0x00009090       0x3e contiki-z1.a(uip-ds6-nbr.o)
                0x00009090                uip_ds6_nbr_lookup
 .text.uip_ds6_nbr_ll_lookup
                0x000090ce        0xc contiki-z1.a(uip-ds6-nbr.o)
                0x000090ce                uip_ds6_nbr_ll_lookup
 .text.uip_ds6_nbr_ipaddr_from_lladdr
                0x000090da        0x6 contiki-z1.a(uip-ds6-nbr.o)
                0x000090da                uip_ds6_nbr_ipaddr_from_lladdr
 .text.uip_ds6_nbr_lladdr_from_ipaddr
                0x000090e0       0x12 contiki-z1.a(uip-ds6-nbr.o)
                0x000090e0                uip_ds6_nbr_lladdr_from_ipaddr
 .text.uip_ds6_link_neighbor_callback
                0x000090f2       0x26 contiki-z1.a(uip-ds6-nbr.o)
                0x000090f2                uip_ds6_link_neighbor_callback
 .text.uip_ds6_neighbor_periodic
                0x00009118       0xfa contiki-z1.a(uip-ds6-nbr.o)
                0x00009118                uip_ds6_neighbor_periodic
 .text.uip_ds6_list_loop
                0x00009212       0x66 contiki-z1.a(uip-ds6.o)
                0x00009212                uip_ds6_list_loop
 .text.uip_ds6_prefix_add
                0x00009278       0x70 contiki-z1.a(uip-ds6.o)
                0x00009278                uip_ds6_prefix_add
 .text.uip_ds6_is_addr_onlink
                0x000092e8       0x42 contiki-z1.a(uip-ds6.o)
                0x000092e8                uip_ds6_is_addr_onlink
 .text.uip_ds6_addr_lookup
                0x0000932a       0x2a contiki-z1.a(uip-ds6.o)
                0x0000932a                uip_ds6_addr_lookup
 .text.uip_ds6_get_link_local
                0x00009354       0x3e contiki-z1.a(uip-ds6.o)
                0x00009354                uip_ds6_get_link_local
 .text.uip_ds6_maddr_add
                0x00009392       0x48 contiki-z1.a(uip-ds6.o)
                0x00009392                uip_ds6_maddr_add
 .text.uip_ds6_addr_add
                0x000093da       0xb4 contiki-z1.a(uip-ds6.o)
                0x000093da                uip_ds6_addr_add
 .text.uip_ds6_maddr_rm
                0x0000948e        0xa contiki-z1.a(uip-ds6.o)
                0x0000948e                uip_ds6_maddr_rm
 .text.uip_ds6_maddr_lookup
                0x00009498       0x2a contiki-z1.a(uip-ds6.o)
                0x00009498                uip_ds6_maddr_lookup
 .text.uip_ds6_addr_rm
                0x000094c2       0x54 contiki-z1.a(uip-ds6.o)
                0x000094c2                uip_ds6_addr_rm
 .text.uip_ds6_periodic
                0x00009516       0x4a contiki-z1.a(uip-ds6.o)
                0x00009516                uip_ds6_periodic
 .text.uip_ds6_set_addr_iid
                0x00009560       0x14 contiki-z1.a(uip-ds6.o)
                0x00009560                uip_ds6_set_addr_iid
 .text.get_match_length
                0x00009574       0x3c contiki-z1.a(uip-ds6.o)
                0x00009574                get_match_length
 .text.uip_ds6_select_src
                0x000095b0       0x9a contiki-z1.a(uip-ds6.o)
                0x000095b0                uip_ds6_select_src
 .text.uip_ds6_compute_reachable_time
                0x0000964a       0x36 contiki-z1.a(uip-ds6.o)
                0x0000964a                uip_ds6_compute_reachable_time
 .text.uip_ds6_init
                0x00009680      0x138 contiki-z1.a(uip-ds6.o)
                0x00009680                uip_ds6_init
 .text.uip_icmp6_echo_request_input
                0x000097b8      0x128 contiki-z1.a(uip-icmp6.o)
                0x000097b8                uip_icmp6_echo_request_input
 .text.uip_icmp6_error_output
                0x000098e0      0x16c contiki-z1.a(uip-icmp6.o)
                0x000098e0                uip_icmp6_error_output
 .text.uip_icmp6_send
                0x00009a4c       0x84 contiki-z1.a(uip-icmp6.o)
                0x00009a4c                uip_icmp6_send
 .text.uip_nd6_ns_input
                0x00009ad0      0x246 contiki-z1.a(uip-nd6.o)
                0x00009ad0                uip_nd6_ns_input
 .text.uip_nd6_ns_output
                0x00009d16      0x176 contiki-z1.a(uip-nd6.o)
                0x00009d16                uip_nd6_ns_output
 .text.uip_nd6_na_input
                0x00009e8c      0x1a0 contiki-z1.a(uip-nd6.o)
                0x00009e8c                uip_nd6_na_input
 .text.chksum   0x0000a02c       0x32 contiki-z1.a(uip6.o)
 .text.upper_layer_chksum
                0x0000a05e       0x56 contiki-z1.a(uip6.o)
 .text.ext_hdr_options_process
                0x0000a0b4       0xc2 contiki-z1.a(uip6.o)
 .text.uip_add32
                0x0000a176       0x60 contiki-z1.a(uip6.o)
                0x0000a176                uip_add32
 .text.uip_add_rcv_nxt
                0x0000a1d6       0x2e contiki-z1.a(uip6.o)
 .text.uip_icmp6chksum
                0x0000a204        0xa contiki-z1.a(uip6.o)
                0x0000a204                uip_icmp6chksum
 .text.uip_tcpchksum
                0x0000a20e        0xa contiki-z1.a(uip6.o)
                0x0000a20e                uip_tcpchksum
 .text.uip_udpchksum
                0x0000a218        0xa contiki-z1.a(uip6.o)
                0x0000a218                uip_udpchksum
 .text.uip_init
                0x0000a222       0x5a contiki-z1.a(uip6.o)
                0x0000a222                uip_init
 .text.remove_ext_hdr
                0x0000a27c       0x54 contiki-z1.a(uip6.o)
                0x0000a27c                remove_ext_hdr
 .text.uip_unlisten
                0x0000a2d0       0x2a contiki-z1.a(uip6.o)
                0x0000a2d0                uip_unlisten
 .text.uip_listen
                0x0000a2fa       0x2c contiki-z1.a(uip6.o)
                0x0000a2fa                uip_listen
 .text.uip_process
                0x0000a326      0xe18 contiki-z1.a(uip6.o)
                0x0000a326                uip_process
 .text.uip_htonl
                0x0000b13e       0x2a contiki-z1.a(uip6.o)
                0x0000b13e                uip_htonl
 .text.uip_send
                0x0000b168       0x2c contiki-z1.a(uip6.o)
                0x0000b168                uip_send
 .text.init_platform
                0x0000b194        0xc contiki-z1.a(contiki-z1-plat)
                0x0000b194                init_platform
 .text.msp430_quick_synch_dco
                0x0000b1a0       0x7c contiki-z1.a(msp430.o)
                0x0000b1a0                msp430_quick_synch_dco
 .text.msp430_cpu_init
                0x0000b21c       0x26 contiki-z1.a(msp430.o)
                0x0000b21c                msp430_cpu_init
 .text.splhigh_
                0x0000b242        0x8 contiki-z1.a(msp430.o)
                0x0000b242                splhigh_
 .text.show_leds
                0x0000b24a       0xf8 contiki-z1.a(leds.o)
 .text.leds_init
                0x0000b342        0xe contiki-z1.a(leds.o)
                0x0000b342                leds_init
 .text.leds_on  0x0000b350       0x14 contiki-z1.a(leds.o)
                0x0000b350                leds_on
 .text.leds_off
                0x0000b364       0x14 contiki-z1.a(leds.o)
                0x0000b364                leds_off
 .text.watchdog_start
                0x0000b378       0x14 contiki-z1.a(watchdog.o)
                0x0000b378                watchdog_start
 .text.watchdog_periodic
                0x0000b38c       0x12 contiki-z1.a(watchdog.o)
                0x0000b38c                watchdog_periodic
 .text.watchdog_stop
                0x0000b39e       0x16 contiki-z1.a(watchdog.o)
                0x0000b39e                watchdog_stop
 .text.watchdog_init
                0x0000b3b4       0x12 contiki-z1.a(watchdog.o)
                0x0000b3b4                watchdog_init
 .text.wait_ready
                0x0000b3c6       0x46 contiki-z1.a(xmem.o)
 .text.xmem_init
                0x0000b40c       0x1e contiki-z1.a(xmem.o)
                0x0000b40c                xmem_init
 .text.xmem_pread
                0x0000b42a       0xc2 contiki-z1.a(xmem.o)
                0x0000b42a                xmem_pread
 .text.spi_init
                0x0000b4ec       0x32 contiki-z1.a(spi.o)
                0x0000b4ec                spi_init
 .text.strobe   0x0000b51e       0x1a contiki-z1.a(cc2420.o)
 .text.status   0x0000b538       0x20 contiki-z1.a(cc2420.o)
 .text.getreg   0x0000b558       0x46 contiki-z1.a(cc2420.o)
 .text.setreg   0x0000b59e       0x44 contiki-z1.a(cc2420.o)
 .text.set_txpower
                0x0000b5e2       0x24 contiki-z1.a(cc2420.o)
 .text.cc2420_receiving_packet
                0x0000b606        0xa contiki-z1.a(cc2420.o)
 .text.pending_packet
                0x0000b610        0xa contiki-z1.a(cc2420.o)
 .text.on       0x0000b61a       0x44 contiki-z1.a(cc2420.o)
 .text.flushrx  0x0000b65e       0x64 contiki-z1.a(cc2420.o)
 .text.off      0x0000b6c2       0x6e contiki-z1.a(cc2420.o)
 .text.RELEASE_LOCK
                0x0000b730       0x28 contiki-z1.a(cc2420.o)
 .text.cc2420_prepare
                0x0000b758       0x76 contiki-z1.a(cc2420.o)
 .text.getrxdata
                0x0000b7ce       0x4c contiki-z1.a(cc2420.o)
 .text.cc2420_on
                0x0000b81a       0x22 contiki-z1.a(cc2420.o)
                0x0000b81a                cc2420_on
 .text.cc2420_off
                0x0000b83c       0x30 contiki-z1.a(cc2420.o)
                0x0000b83c                cc2420_off
 .text.cc2420_cca
                0x0000b86c       0x6e contiki-z1.a(cc2420.o)
 .text.cc2420_read
                0x0000b8da       0xce contiki-z1.a(cc2420.o)
 .text.process_thread_cc2420_process
                0x0000b9a8       0x54 contiki-z1.a(cc2420.o)
 .text.cc2420_set_channel
                0x0000b9fc       0x78 contiki-z1.a(cc2420.o)
                0x0000b9fc                cc2420_set_channel
 .text.cc2420_set_pan_addr
                0x0000ba74      0x120 contiki-z1.a(cc2420.o)
                0x0000ba74                cc2420_set_pan_addr
 .text.cc2420_interrupt
                0x0000bb94       0x1e contiki-z1.a(cc2420.o)
                0x0000bb94                cc2420_interrupt
 .text.cc2420_get_txpower
                0x0000bbb2       0x1e contiki-z1.a(cc2420.o)
                0x0000bbb2                cc2420_get_txpower
 .text.cc2420_transmit
                0x0000bbd0      0x196 contiki-z1.a(cc2420.o)
 .text.cc2420_send
                0x0000bd66       0x12 contiki-z1.a(cc2420.o)
 .text.cc2420_set_cca_threshold
                0x0000bd78       0x16 contiki-z1.a(cc2420.o)
                0x0000bd78                cc2420_set_cca_threshold
 .text.cc2420_init
                0x0000bd8e       0xd2 contiki-z1.a(cc2420.o)
                0x0000bd8e                cc2420_init
 .text.cc2420_arch_init
                0x0000be60       0x1a contiki-z1.a(cc2420-arch.o)
                0x0000be60                cc2420_arch_init
 .text.node_id_restore
                0x0000be7a       0x4c contiki-z1.a(node-id.o)
                0x0000be7a                node_id_restore
 .text.process_thread_sensors_process
                0x0000bec6       0xc2 contiki-z1.a(sensors.o)
 .text.sensors_changed
                0x0000bf88       0x2a contiki-z1.a(sensors.o)
                0x0000bf88                sensors_changed
 .text.status   0x0000bfb2       0x18 contiki-z1.a(button-sensor.o)
 .text.value    0x0000bfca       0x20 contiki-z1.a(button-sensor.o)
 .text.configure
                0x0000bfea       0x4e contiki-z1.a(button-sensor.o)
 .text.uart0_active
                0x0000c038        0xe contiki-z1.a(uart0.o)
                0x0000c038                uart0_active
 .text.uart0_set_input
                0x0000c046        0x6 contiki-z1.a(uart0.o)
                0x0000c046                uart0_set_input
 .text.uart0_writeb
                0x0000c04c       0x16 contiki-z1.a(uart0.o)
                0x0000c04c                uart0_writeb
 .text.uart0_init
                0x0000c062       0x40 contiki-z1.a(uart0.o)
                0x0000c062                uart0_init
 .text.process_thread_slip_process
                0x0000c0a2      0x156 contiki-z1.a(slip.o)
 .text.slip_set_input_callback
                0x0000c1f8        0x6 contiki-z1.a(slip.o)
                0x0000c1f8                slip_set_input_callback
 .text.slip_send
                0x0000c1fe       0x5a contiki-z1.a(slip.o)
                0x0000c1fe                slip_send
 .text.slip_input_byte
                0x0000c258       0xbc contiki-z1.a(slip.o)
                0x0000c258                slip_input_byte
 .text.slip_arch_writeb
                0x0000c314        0x6 contiki-z1.a(slip_uart0.o)
                0x0000c314                slip_arch_writeb
 .text.slip_arch_init
                0x0000c31a        0xa contiki-z1.a(slip_uart0.o)
                0x0000c31a                slip_arch_init
 .text.accm_write_reg
                0x0000c324       0x2e contiki-z1.a(adxl345.o)
                0x0000c324                accm_write_reg
 .text.accm_write_stream
                0x0000c352       0x2a contiki-z1.a(adxl345.o)
                0x0000c352                accm_write_stream
 .text.accm_read_reg
                0x0000c37c       0x54 contiki-z1.a(adxl345.o)
                0x0000c37c                accm_read_reg
 .text.process_thread_accmeter_process
                0x0000c3d0       0x56 contiki-z1.a(adxl345.o)
 .text.accm_init
                0x0000c426       0x8a contiki-z1.a(adxl345.o)
                0x0000c426                accm_init
 .text.clock_time
                0x0000c4b0       0x1a contiki-z1.a(clock.o)
                0x0000c4b0                clock_time
 .text.clock_init
                0x0000c4ca       0x28 contiki-z1.a(clock.o)
                0x0000c4ca                clock_init
 .text.clock_delay
                0x0000c4f2        0xc contiki-z1.a(clock.o)
                0x0000c4f2                clock_delay
 .text.clock_wait
                0x0000c4fe       0x24 contiki-z1.a(clock.o)
                0x0000c4fe                clock_wait
 .text.clock_seconds
                0x0000c522       0x1a contiki-z1.a(clock.o)
                0x0000c522                clock_seconds
 .text.leds_arch_init
                0x0000c53c        0xe contiki-z1.a(leds-arch.o)
                0x0000c53c                leds_arch_init
 .text.leds_arch_set
                0x0000c54a       0x38 contiki-z1.a(leds-arch.o)
                0x0000c54a                leds_arch_set
 .text.rtimer_arch_init
                0x0000c582        0xe contiki-z1.a(rtimer-arch.o)
                0x0000c582                rtimer_arch_init
 .text.rtimer_arch_now
                0x0000c590        0xe contiki-z1.a(rtimer-arch.o)
                0x0000c590                rtimer_arch_now
 .text.rtimer_arch_schedule
                0x0000c59e        0x6 contiki-z1.a(rtimer-arch.o)
                0x0000c59e                rtimer_arch_schedule
 .text.mac_call_sent_callback
                0x0000c5a4       0x14 contiki-z1.a(mac.o)
                0x0000c5a4                mac_call_sent_callback
 .text.create   0x0000c5b8      0x10a contiki-z1.a(framer-802154.o)
 .text.parse    0x0000c6c2       0xac contiki-z1.a(framer-802154.o)
 .text.rpl_purge_routes
                0x0000c76e       0x96 contiki-z1.a(rpl.o)
                0x0000c76e                rpl_purge_routes
 .text.rpl_remove_routes
                0x0000c804       0x22 contiki-z1.a(rpl.o)
                0x0000c804                rpl_remove_routes
 .text.rpl_remove_routes_by_nexthop
                0x0000c826       0x3e contiki-z1.a(rpl.o)
                0x0000c826                rpl_remove_routes_by_nexthop
 .text.rpl_add_route
                0x0000c864       0x48 contiki-z1.a(rpl.o)
                0x0000c864                rpl_add_route
 .text.rpl_link_neighbor_callback
                0x0000c8ac       0x66 contiki-z1.a(rpl.o)
                0x0000c8ac                rpl_link_neighbor_callback
 .text.rpl_ipv6_neighbor_callback
                0x0000c912       0x1e contiki-z1.a(rpl.o)
                0x0000c912                rpl_ipv6_neighbor_callback
 .text.rpl_init
                0x0000c930       0x40 contiki-z1.a(rpl.o)
                0x0000c930                rpl_init
 .text.rpl_verify_header
                0x0000c970       0xb0 contiki-z1.a(rpl-ext-header.)
                0x0000c970                rpl_verify_header
 .text.rpl_update_header_empty
                0x0000ca20       0xf0 contiki-z1.a(rpl-ext-header.)
                0x0000ca20                rpl_update_header_empty
 .text.rpl_update_header_final
                0x0000cb10       0x88 contiki-z1.a(rpl-ext-header.)
                0x0000cb10                rpl_update_header_final
 .text.rpl_invert_header
                0x0000cb98       0x4e contiki-z1.a(rpl-ext-header.)
                0x0000cb98                rpl_invert_header
 .text.rpl_insert_header
                0x0000cbe6       0x1c contiki-z1.a(rpl-ext-header.)
                0x0000cbe6                rpl_insert_header
 .text.i2c_receiveinit
                0x0000cc02       0x34 contiki-z1.a(i2cmaster.o)
                0x0000cc02                i2c_receiveinit
 .text.i2c_transmitinit
                0x0000cc36       0x2e contiki-z1.a(i2cmaster.o)
                0x0000cc36                i2c_transmitinit
 .text.i2c_receive_n
                0x0000cc64       0x3e contiki-z1.a(i2cmaster.o)
                0x0000cc64                i2c_receive_n
 .text.i2c_busy
                0x0000cca2        0xa contiki-z1.a(i2cmaster.o)
                0x0000cca2                i2c_busy
 .text.i2c_enable
                0x0000ccac       0x22 contiki-z1.a(i2cmaster.o)
                0x0000ccac                i2c_enable
 .text.i2c_transmit_n
                0x0000ccce       0x14 contiki-z1.a(i2cmaster.o)
                0x0000ccce                i2c_transmit_n
 .text.field_len
                0x0000cce2       0x8c contiki-z1.a(frame802154.o)
 .text.frame802154_hdrlen
                0x0000cd6e       0x2e contiki-z1.a(frame802154.o)
                0x0000cd6e                frame802154_hdrlen
 .text.frame802154_create
                0x0000cd9c      0x136 contiki-z1.a(frame802154.o)
                0x0000cd9c                frame802154_create
 .text.frame802154_parse
                0x0000ced2      0x176 contiki-z1.a(frame802154.o)
                0x0000ced2                frame802154_parse
 .text.libgcc   0x0000d048       0x26 /usr/local/msp430/bin/../lib/gcc/msp430/4.7.0/mcpu-430x/mmpy-16/libgcc.a(_mulsi3.o)
                0x0000d048                __mulsi3
 .text.libgcc   0x0000d06e       0x22 /usr/local/msp430/bin/../lib/gcc/msp430/4.7.0/mcpu-430x/mmpy-16/libgcc.a(_udivmod16.o)
                0x0000d06e                __udivhi3
                0x0000d06e                __ext_udivmod16
                0x0000d088                __umodhi3
 .text.libgcc   0x0000d090       0x3a /usr/local/msp430/bin/../lib/gcc/msp430/4.7.0/mcpu-430x/mmpy-16/libgcc.a(_divmod16.o)
                0x0000d090                __ext_divmod16
                0x0000d090                __divhi3
                0x0000d0c2                __modhi3
 .text.libgcc   0x0000d0ca       0x38 /usr/local/msp430/bin/../lib/gcc/msp430/4.7.0/mcpu-430x/mmpy-16/libgcc.a(_udivmod32.o)
                0x0000d0ca                __udivsi3
                0x0000d0ca                __ext_udivmod32
                0x0000d0f8                __umodsi3
 .text.printf   0x0000d102       0x10 /usr/local/msp430/bin/../lib/gcc/msp430/4.7.0/../../../../msp430/lib/mcpu-430x/mmpy-16/libc.a(printf.o)
                0x0000d102                printf
 .text.append   0x0000d112       0x22 /usr/local/msp430/bin/../lib/gcc/msp430/4.7.0/../../../../msp430/lib/mcpu-430x/mmpy-16/libc.a(sprintf.o)
 .text.call_vuprintf
                0x0000d134       0x36 /usr/local/msp430/bin/../lib/gcc/msp430/4.7.0/../../../../msp430/lib/mcpu-430x/mmpy-16/libc.a(sprintf.o)
 .text.snprintf
                0x0000d16a       0x1a /usr/local/msp430/bin/../lib/gcc/msp430/4.7.0/../../../../msp430/lib/mcpu-430x/mmpy-16/libc.a(sprintf.o)
                0x0000d16a                snprintf
 .text.print_field
                0x0000d184      0x176 /usr/local/msp430/bin/../lib/gcc/msp430/4.7.0/../../../../msp430/lib/mcpu-430x/mmpy-16/libc.a(vuprintf.o)
 .text.vuprintf
                0x0000d2fa      0x740 /usr/local/msp430/bin/../lib/gcc/msp430/4.7.0/../../../../msp430/lib/mcpu-430x/mmpy-16/libc.a(vuprintf.o)
                0x0000d2fa                vuprintf
 .text.puts     0x0000da3a       0x2c /usr/local/msp430/bin/../lib/gcc/msp430/4.7.0/../../../../msp430/lib/mcpu-430x/mmpy-16/libc.a(puts.o)
                0x0000da3a                puts
 .text.rand     0x0000da66       0x26 /usr/local/msp430/bin/../lib/gcc/msp430/4.7.0/../../../../msp430/lib/mcpu-430x/mmpy-16/libc.a(rand.o)
                0x0000da66                rand
 .text.strncmp  0x0000da8c       0x2a /usr/local/msp430/bin/../lib/gcc/msp430/4.7.0/../../../../msp430/lib/mcpu-430x/mmpy-16/libc.a(strncmp.o)
                0x0000da8c                strncmp
 .text.memcmp   0x0000dab6       0x2c /usr/local/msp430/bin/../lib/gcc/msp430/4.7.0/../../../../msp430/lib/mcpu-430x/mmpy-16/libc.a(memcmp.o)
                0x0000dab6                memcmp
 .text.strcpy   0x0000dae2       0x14 /usr/local/msp430/bin/../lib/gcc/msp430/4.7.0/../../../../msp430/lib/mcpu-430x/mmpy-16/libc.a(strcpy.o)
                0x0000dae2                strcpy
 .text.strncpy  0x0000daf6       0x2a /usr/local/msp430/bin/../lib/gcc/msp430/4.7.0/../../../../msp430/lib/mcpu-430x/mmpy-16/libc.a(strncpy.o)
                0x0000daf6                strncpy
 .text.memcpy   0x0000db20       0xe8 /usr/local/msp430/bin/../lib/gcc/msp430/4.7.0/../../../../msp430/lib/mcpu-430x/mmpy-16/libc.a(memcpy.o)
                0x0000db20                memcpy
 .text.memmove  0x0000dc08       0xe8 /usr/local/msp430/bin/../lib/gcc/msp430/4.7.0/../../../../msp430/lib/mcpu-430x/mmpy-16/libc.a(memmove.o)
                0x0000dc08                memmove
 .text.memset   0x0000dcf0       0x5c /usr/local/msp430/bin/../lib/gcc/msp430/4.7.0/../../../../msp430/lib/mcpu-430x/mmpy-16/libc.a(memset.o)
                0x0000dcf0                memset
 .text.libgcc   0x0000dd4c       0xbc /usr/local/msp430/bin/../lib/gcc/msp430/4.7.0/mcpu-430x/mmpy-16/libgcc.a(_udivmod64.o)
                0x0000dd4c                __xabi_udivmod64
                0x0000dd9e                __udivdi3
                0x0000ddb8                __umoddi3
                0x0000ddda                __udivmoddi4
 .text.crt0     0x0000de08        0x2 /usr/local/msp430/bin/../lib/gcc/msp430/4.7.0/mcpu-430x/mmpy-16/libcrt0.a(_unexpected_.o)
                0x0000de08                _unexpected_
 *(.near.text .near.text.*)
 .near.text.watchdog_interrupt
                0x0000de0a        0x6 contiki-z1.a(watchdog.o)
                0x0000de0a                __isr_26
                0x0000de0a                watchdog_interrupt
 .near.text.irq_p2
                0x0000de10       0x76 contiki-z1.a(button-sensor.o)
                0x0000de10                irq_p2
                0x0000de10                __isr_19
 .near.text.uart0_rx_interrupt
                0x0000de86       0x64 contiki-z1.a(uart0.o)
                0x0000de86                __isr_23
                0x0000de86                uart0_rx_interrupt
 .near.text.port1_isr
                0x0000deea       0xbe contiki-z1.a(adxl345.o)
                0x0000deea                port1_isr
                0x0000deea                __isr_18
 .near.text.timera1
                0x0000dfa8       0xea contiki-z1.a(clock.o)
                0x0000dfa8                __isr_24
                0x0000dfa8                timera1
 .near.text.timera0
                0x0000e092       0x5c contiki-z1.a(rtimer-arch.o)
                0x0000e092                __isr_25
                0x0000e092                timera0
 .near.text.i2c_tx_interrupt
                0x0000e0ee       0x84 contiki-z1.a(i2cmaster.o)
                0x0000e0ee                __isr_16
                0x0000e0ee                i2c_tx_interrupt
 .near.text.i2c_rx_interrupt
                0x0000e172       0x14 contiki-z1.a(i2cmaster.o)
                0x0000e172                i2c_rx_interrupt
                0x0000e172                __isr_17

.rodata         0x0000e188      0x677
                0x0000e188                . = ALIGN (0x2)
 *(.rodata .rodata.* .gnu.linkonce.r.*)
 .rodata        0x0000e188       0xc8 border-router.co
                0x0000e228                autostart_processes
 .rodata        0x0000e250       0xa6 obj_z1/slip-bridge.o
                0x0000e2f2                rpl_interface
 .rodata        0x0000e2f6      0x139 obj_z1/httpd-simple.o
                0x0000e34f                http_index_html
                0x0000e35b                http_get
                0x0000e360                http_header_404
                0x0000e3bd                http_header_200
                0x0000e413                http_content_type_html
 .rodata        0x0000e42f      0x118 obj_z1/contiki-z1-main.o
 *fill*         0x0000e547        0x1 00
 .rodata        0x0000e548        0x8 contiki-z1.a(rimeaddr.o)
                0x0000e548                rimeaddr_null
 .rodata        0x0000e550       0x14 contiki-z1.a(csma.o)
                0x0000e556                csma_driver
 .rodata        0x0000e564       0x1c contiki-z1.a(contikimac.o)
                0x0000e570                contikimac_driver
 .rodata        0x0000e580       0xfc contiki-z1.a(rpl-icmp6.o)
 .rodata        0x0000e67c        0xc contiki-z1.a(etimer.o)
 .rodata        0x0000e688        0xf contiki-z1.a(ctimer.o)
 *fill*         0x0000e697        0x1 00
 .rodata        0x0000e698       0xa0 contiki-z1.a(sicslowpan.o)
                0x0000e720                sicslowpan_driver
                0x0000e726                llprefix
                0x0000e728                unc_mxconf
                0x0000e72c                unc_ctxconf
                0x0000e730                unc_llconf
 .rodata        0x0000e738        0xd contiki-z1.a(tcpip.o)
 .rodata        0x0000e745       0x1a contiki-z1.a(uip-debug.o)
 *fill*         0x0000e75f        0x1 00
 .rodata.uip_process
                0x0000e760       0x20 contiki-z1.a(uip6.o)
 .rodata        0x0000e780       0x22 contiki-z1.a(cc2420.o)
                0x0000e780                cc2420_driver
 .rodata        0x0000e7a2        0x8 contiki-z1.a(sensors.o)
 .rodata        0x0000e7aa       0x10 contiki-z1.a(button-sensor.o)
                0x0000e7b2                button_sensor
 .rodata        0x0000e7ba       0x21 contiki-z1.a(slip.o)
 .rodata        0x0000e7db       0x16 contiki-z1.a(adxl345.o)
 *fill*         0x0000e7f1        0x1 00
 .rodata        0x0000e7f2        0x4 contiki-z1.a(framer-802154.o)
                0x0000e7f2                framer_802154
 .rodata        0x0000e7f6        0x2 contiki-z1.a(frame802154.o)
 .rodata.vuprintf
                0x0000e7f8        0x7 /usr/local/msp430/bin/../lib/gcc/msp430/4.7.0/../../../../msp430/lib/mcpu-430x/mmpy-16/libc.a(vuprintf.o)
 *(.near.rodata .near.rodata.*)
                0x0000e800                . = ALIGN (0x2)
                0x0000e800                _etext = .

.data           0x00001100      0x114 load address 0x0000e800
                0x00001100                . = ALIGN (0x2)
                0x00001100                __data_start = .
 *(.data .data.* .gnu.linkonce.d.*)
 .data          0x00001100       0x24 border-router.co
                0x00001100                webserver_nogui_process
                0x0000110a                border_router_process
                0x00001114                dag_id
 .data          0x00001124        0x8 obj_z1/httpd-simple.o
 .data          0x0000112c        0x4 obj_z1/contiki-z1-main.o
                0x0000112c                sensors
 .data          0x00001130       0x18 contiki-z1.a(csma.o)
 .data          0x00001148       0x10 contiki-z1.a(phase.o)
 .data          0x00001158        0x8 contiki-z1.a(rpl-dag.o)
 .data          0x00001160        0x1 contiki-z1.a(rpl-icmp6.o)
 *fill*         0x00001161        0x1 00
 .data          0x00001162        0xe contiki-z1.a(rpl-mrhof.o)
                0x00001162                rpl_mrhof
 .data          0x00001170        0xa contiki-z1.a(etimer.o)
                0x00001170                etimer_process
 .data          0x0000117a        0xa contiki-z1.a(ctimer.o)
                0x0000117a                ctimer_process
 .data          0x00001184        0x8 contiki-z1.a(nbr-table.o)
 .data          0x0000118c       0x18 contiki-z1.a(queuebuf.o)
 .data          0x000011a4        0xa contiki-z1.a(tcpip.o)
                0x000011a4                tcpip_process
 .data          0x000011ae       0x18 contiki-z1.a(uip-ds6-route.o)
 .data          0x000011c6        0xa contiki-z1.a(uip-ds6-nbr.o)
                0x000011c6                ds6_neighbors
 .data          0x000011d0        0x2 contiki-z1.a(msp430.o)
 .data          0x000011d2        0xa contiki-z1.a(cc2420.o)
                0x000011d2                cc2420_process
 .data          0x000011dc        0xa contiki-z1.a(sensors.o)
                0x000011dc                sensors_process
 .data          0x000011e6        0xa contiki-z1.a(slip.o)
                0x000011e6                slip_process
 .data          0x000011f0       0x20 contiki-z1.a(adxl345.o)
                0x000011f0                accmeter_process
 .data.next     0x00001210        0x4 /usr/local/msp430/bin/../lib/gcc/msp430/4.7.0/../../../../msp430/lib/mcpu-430x/mmpy-16/libc.a(rand.o)
 *(.near.data .near.data.*)
                0x00001214                . = ALIGN (0x2)
                0x00001214                _edata = .
                0x0000e800                __data_load_start = LOADADDR (.data)
                0x00000114                __data_size = SIZEOF (.data)

.bss            0x00001214     0x1766 load address 0x0000e914
                0x00001214                __bss_start = .
 *(.bss .bss.*)
 .bss           0x00001214      0x124 border-router.co
 .bss           0x00001338       0x12 obj_z1/slip-bridge.o
 .bss           0x0000134a       0xae obj_z1/httpd-simple.o
 .bss           0x000013f8        0x4 obj_z1/contiki-z1-main.o
 .bss           0x000013fc       0x8a contiki-z1.a(csma.o)
 .bss           0x00001486       0xcc contiki-z1.a(contikimac.o)
 .bss           0x00001552      0x19c contiki-z1.a(phase.o)
 .bss           0x000016ee       0x96 contiki-z1.a(rpl-dag.o)
 .bss           0x00001784       0x18 contiki-z1.a(rpl-timers.o)
 .bss           0x0000179c       0x42 contiki-z1.a(process.o)
                0x0000179c                process_current
                0x0000179e                process_list
 .bss           0x000017de        0x6 contiki-z1.a(etimer.o)
 .bss           0x000017e4        0x4 contiki-z1.a(ctimer.o)
 .bss           0x000017e8        0x2 contiki-z1.a(rtimer.o)
 .bss           0x000017ea       0xd8 contiki-z1.a(nbr-table.o)
 .bss           0x000018c2       0xba contiki-z1.a(packetbuf.o)
 .bss           0x0000197c      0x3c6 contiki-z1.a(queuebuf.o)
 .bss           0x00001d42       0xbe contiki-z1.a(sicslowpan.o)
 .bss           0x00001e00       0x36 contiki-z1.a(tcpip.o)
 .bss           0x00001e36      0x24e contiki-z1.a(uip-ds6-route.o)
 .bss           0x00002084      0x21c contiki-z1.a(uip-ds6-nbr.o)
 .bss           0x000022a0       0x18 contiki-z1.a(uip-ds6.o)
 .bss           0x000022b8       0x10 contiki-z1.a(uip-icmp6.o)
 .bss           0x000022c8        0xa contiki-z1.a(uip-nd6.o)
 .bss           0x000022d2        0xe contiki-z1.a(uip6.o)
                0x000022d2                uip_ext_opt_offset
                0x000022d3                uip_ext_len
                0x000022d4                uip_ext_bitmap
 .bss           0x000022e0        0x2 contiki-z1.a(leds.o)
 .bss           0x000022e2        0x2 contiki-z1.a(watchdog.o)
 .bss           0x000022e4        0xa contiki-z1.a(cc2420.o)
 .bss           0x000022ee        0x2 contiki-z1.a(node-id.o)
                0x000022ee                node_id
 .bss           0x000022f0        0x6 contiki-z1.a(sensors.o)
 .bss           0x000022f6        0x8 contiki-z1.a(button-sensor.o)
 .bss           0x000022fe        0x4 contiki-z1.a(uart0.o)
 .bss           0x00002302       0xa6 contiki-z1.a(slip.o)
 .bss           0x000023a8       0x16 contiki-z1.a(adxl345.o)
 .bss           0x000023be        0xa contiki-z1.a(clock.o)
 .bss           0x000023c8        0x2 contiki-z1.a(framer-802154.o)
 .bss           0x000023ca        0x2 contiki-z1.a(i2cmaster.o)
 .bss.destination_
                0x000023cc        0x2 /usr/local/msp430/bin/../lib/gcc/msp430/4.7.0/../../../../msp430/lib/mcpu-430x/mmpy-16/libc.a(sprintf.o)
 .bss.available_
                0x000023ce        0x2 /usr/local/msp430/bin/../lib/gcc/msp430/4.7.0/../../../../msp430/lib/mcpu-430x/mmpy-16/libc.a(sprintf.o)
 *(.near.bss .near.bss.*)
 *(COMMON)
 COMMON         0x000023d0        0x2 obj_z1/contiki-z1-main.o
                0x000023d0                sensors_flags
 COMMON         0x000023d2        0x8 contiki-z1.a(rimeaddr.o)
                0x000023d2                rimeaddr_node_addr
 COMMON         0x000023da       0xbe contiki-z1.a(rpl-dag.o)
                0x000023da                default_instance
                0x000023dc                instance_table
 COMMON         0x00002498        0x1 contiki-z1.a(process.o)
                0x00002498                process_maxevents
 *fill*         0x00002499        0x1 00
 COMMON         0x0000249a       0x56 contiki-z1.a(energest.o)
                0x0000249a                energest_total_time
                0x000024ca                energest_total_count
                0x000024cc                energest_current_mode
                0x000024d8                energest_current_time
 COMMON         0x000024f0       0x50 contiki-z1.a(packetbuf.o)
                0x000024f0                packetbuf_addrs
                0x00002510                packetbuf_attrs
 COMMON         0x00002540        0x8 contiki-z1.a(sicslowpan.o)
                0x00002540                frag_sender
 COMMON         0x00002548        0x1 contiki-z1.a(tcpip.o)
                0x00002548                tcpip_event
 *fill*         0x00002549        0x1 00
 COMMON         0x0000254a      0x15c contiki-z1.a(uip-ds6.o)
                0x0000254a                uip_ds6_timer_ra
                0x00002552                uip_ds6_if
                0x0000263e                uip_ds6_netif_addr_list_offset
                0x0000263f                uip_ds6_addr_size
                0x00002640                uip_ds6_prefix_list
                0x0000269a                uip_ds6_timer_periodic
 COMMON         0x000026a6      0x2a0 contiki-z1.a(uip6.o)
                0x000026a6                uip_len
                0x000026a8                uip_sappdata
                0x000026aa                uip_acc32
                0x000026ae                uip_lladdr
                0x000026b6                uip_aligned_buf
                0x00002742                uip_flags
                0x00002744                uip_next_hdr
                0x00002746                uip_udp_conn
                0x00002748                uip_appdata
                0x0000274a                uip_conn
                0x0000274c                uip_conns
                0x000027fc                uip_listenports
                0x0000280c                uip_slen
                0x0000280e                uip_udp_conns
 COMMON         0x00002946       0x14 contiki-z1.a(cc2420.o)
                0x00002946                cc2420_last_rssi
                0x00002948                cc2420_packets_read
                0x0000294a                cc2420_packets_seen
                0x0000294c                cc2420_sfd_start_time
                0x0000294e                cc2420_time_of_departure
                0x00002950                cc2420_time_of_arrival
                0x00002952                cc2420_last_correlation
                0x00002954                cc2420_authority_level_of_sender
                0x00002956                cc2420_sfd_counter
                0x00002958                cc2420_sfd_end_time
 COMMON         0x0000295a        0x8 contiki-z1.a(node-id.o)
                0x0000295a                node_mac
 COMMON         0x00002962        0x1 contiki-z1.a(sensors.o)
                0x00002962                sensors_event
 COMMON         0x00002963        0x1 contiki-z1.a(slip.o)
                0x00002963                slip_active
 COMMON         0x00002964        0x7 contiki-z1.a(adxl345.o)
                0x00002964                accm_int2_cb
                0x00002966                int2_event
                0x00002968                accm_int1_cb
                0x0000296a                int1_event
 *fill*         0x0000296b        0x1 00
 COMMON         0x0000296c        0xe contiki-z1.a(i2cmaster.o)
                0x0000296c                transmit_data1
                0x0000296d                rx_byte_ctr
                0x0000296e                tx_buf_ptr
                0x00002970                tx_byte_ctr
                0x00002972                i
                0x00002974                receive_data
                0x00002975                rx_buf
                0x00002977                transmit_data2
                0x00002978                rx_buf_ptr
                0x0000297a                . = ALIGN (0x2)
                0x0000297a                __bss_end = .
                0x00001766                __bss_size = SIZEOF (.bss)

.noinit         0x0000297a        0x2 load address 0x0000e914
                0x0000297a                . = ALIGN (0x2)
                0x0000297a                __noinit_start = .
 *(.noinit .noinit.*)
 .noinit.crt0   0x0000297a        0x2 /usr/local/msp430/bin/../lib/gcc/msp430/4.7.0/mcpu-430x/mmpy-16/libcrt0.a(__watchdog_support.o)
                0x0000297a                __wdt_clear_value
                0x0000297c                . = ALIGN (0x2)
                0x0000297c                __noinit_end = .
                0x0000297c                . = ALIGN (0x2)
                0x0000297c                _end = .

.infomem        0x00001000        0x0
                0x00001000                . = ALIGN (0x2)
 *(.infomem .infomem.*)

.infomemnobits  0x00001000        0x0
                0x00001000                . = ALIGN (0x2)
 *(.infomemnobits .infomemnobits.*)

.infoa          0x000010c0        0x0
                0x000010c0                . = ALIGN (0x2)
 *(.infoa .infoa.*)

.infob          0x00001080        0x0
                0x00001080                . = ALIGN (0x2)
 *(.infob .infob.*)

.infoc          0x00001040        0x0
                0x00001040                . = ALIGN (0x2)
 *(.infoc .infoc.*)

.infod          0x00001000        0x0
                0x00001000                . = ALIGN (0x2)
 *(.infod .infod.*)

.vectors        0x0000ffc0       0x40
                0x0000ffc0                __vectors_start = .
 *(.vectors*)
 .vectors       0x0000ffc0       0x40 /usr/local/msp430/bin/../lib/gcc/msp430/4.7.0/mcpu-430x/mmpy-16/crt0ivtbl32.o
                0x0000ffc0                __ivtbl_32
                0x00010000                _vectors_end = .

.fartext        0x00010000        0x0
                0x00010000                . = ALIGN (0x2)
 *(.fartext .fartext.*)

.far.text       0x00010000        0x0
                0x00010000                . = ALIGN (0x2)
 *(.far.text .far.text.*)

.far.rodata     0x00010000        0x0
                0x00010000                . = ALIGN (0x2)
 *(.far.rodata .far.rodata.*)
                0x00010000                . = ALIGN (0x2)
                0x00010000                _efartext = .

.far.data       0x00000000        0x0 load address 0x00010000
                0x00000000                . = ALIGN (0x2)
                0x00000000                __far_data_start = .
 *(.far.data .far.data.*)
                0x00000000                . = ALIGN (0x2)
                0x00000000                _efardata = .
                0x00010000                __far_data_load_start = LOADADDR (.far.data)
                0x00000000                __far_data_size = SIZEOF (.far.data)

.far.bss        0x00000000        0x0 load address 0x00010000
                0x00000000                . = ALIGN (0x2)
                0x00000000                __far_bss_start = .
 *(.far.bss .far.bss.*)
                0x00000000                . = ALIGN (0x2)
                0x00000000                __far_bss_end = .
                0x00000000                __far_bss_size = SIZEOF (.far.bss)
                0x00000000                . = ALIGN (0x2)
                0x00000000                _far_end = .

.profiler
 *(.profiler)

.stab
 *(.stab)

.stabstr
 *(.stabstr)

.stab.excl
 *(.stab.excl)

.stab.exclstr
 *(.stab.exclstr)

.stab.index
 *(.stab.index)

.stab.indexstr
 *(.stab.indexstr)

.comment        0x00000000       0x30
 *(.comment)
 .comment       0x00000000       0x30 border-router.co
                                 0x31 (size before relaxing)
 .comment       0x00000000       0x31 obj_z1/slip-bridge.o
 .comment       0x00000000       0x31 obj_z1/httpd-simple.o
 .comment       0x00000000       0x31 obj_z1/contiki-z1-main.o
 .comment       0x00000000       0x31 contiki-z1.a(rimeaddr.o)
 .comment       0x00000000       0x31 contiki-z1.a(csma.o)
 .comment       0x00000000       0x31 contiki-z1.a(contikimac.o)
 .comment       0x00000000       0x31 contiki-z1.a(phase.o)
 .comment       0x00000000       0x31 contiki-z1.a(rpl-dag.o)
 .comment       0x00000000       0x31 contiki-z1.a(rpl-icmp6.o)
 .comment       0x00000000       0x31 contiki-z1.a(rpl-timers.o)
 .comment       0x00000000       0x31 contiki-z1.a(rpl-mrhof.o)
 .comment       0x00000000       0x31 contiki-z1.a(process.o)
 .comment       0x00000000       0x31 contiki-z1.a(autostart.o)
 .comment       0x00000000       0x31 contiki-z1.a(memb.o)
 .comment       0x00000000       0x31 contiki-z1.a(timer.o)
 .comment       0x00000000       0x31 contiki-z1.a(list.o)
 .comment       0x00000000       0x31 contiki-z1.a(etimer.o)
 .comment       0x00000000       0x31 contiki-z1.a(ctimer.o)
 .comment       0x00000000       0x31 contiki-z1.a(energest.o)
 .comment       0x00000000       0x31 contiki-z1.a(rtimer.o)
 .comment       0x00000000       0x31 contiki-z1.a(stimer.o)
 .comment       0x00000000       0x31 contiki-z1.a(random.o)
 .comment       0x00000000       0x31 contiki-z1.a(nbr-table.o)
 .comment       0x00000000       0x31 contiki-z1.a(packetbuf.o)
 .comment       0x00000000       0x31 contiki-z1.a(psock.o)
 .comment       0x00000000       0x31 contiki-z1.a(queuebuf.o)
 .comment       0x00000000       0x31 contiki-z1.a(sicslowpan.o)
 .comment       0x00000000       0x31 contiki-z1.a(tcpip.o)
 .comment       0x00000000       0x31 contiki-z1.a(uip-debug.o)
 .comment       0x00000000       0x31 contiki-z1.a(uip-ds6-route.o)
 .comment       0x00000000       0x31 contiki-z1.a(uip-ds6-nbr.o)
 .comment       0x00000000       0x31 contiki-z1.a(uip-ds6.o)
 .comment       0x00000000       0x31 contiki-z1.a(uip-icmp6.o)
 .comment       0x00000000       0x31 contiki-z1.a(uip-nd6.o)
 .comment       0x00000000       0x31 contiki-z1.a(uip6.o)
 .comment       0x00000000       0x31 contiki-z1.a(contiki-z1-plat)
 .comment       0x00000000       0x31 contiki-z1.a(msp430.o)
 .comment       0x00000000       0x31 contiki-z1.a(leds.o)
 .comment       0x00000000       0x31 contiki-z1.a(watchdog.o)
 .comment       0x00000000       0x31 contiki-z1.a(xmem.o)
 .comment       0x00000000       0x31 contiki-z1.a(spi.o)
 .comment       0x00000000       0x31 contiki-z1.a(cc2420.o)
 .comment       0x00000000       0x31 contiki-z1.a(cc2420-arch.o)
 .comment       0x00000000       0x31 contiki-z1.a(node-id.o)
 .comment       0x00000000       0x31 contiki-z1.a(sensors.o)
 .comment       0x00000000       0x31 contiki-z1.a(button-sensor.o)
 .comment       0x00000000       0x31 contiki-z1.a(uart0.o)
 .comment       0x00000000       0x31 contiki-z1.a(slip.o)
 .comment       0x00000000       0x31 contiki-z1.a(slip_uart0.o)
 .comment       0x00000000       0x31 contiki-z1.a(adxl345.o)
 .comment       0x00000000       0x31 contiki-z1.a(clock.o)
 .comment       0x00000000       0x31 contiki-z1.a(leds-arch.o)
 .comment       0x00000000       0x31 contiki-z1.a(rtimer-arch.o)
 .comment       0x00000000       0x31 contiki-z1.a(mac.o)
 .comment       0x00000000       0x31 contiki-z1.a(framer-802154.o)
 .comment       0x00000000       0x31 contiki-z1.a(rpl.o)
 .comment       0x00000000       0x31 contiki-z1.a(rpl-ext-header.)
 .comment       0x00000000       0x31 contiki-z1.a(i2cmaster.o)
 .comment       0x00000000       0x31 contiki-z1.a(frame802154.o)
 .comment       0x00000000       0x31 /usr/local/msp430/bin/../lib/gcc/msp430/4.7.0/../../../../msp430/lib/mcpu-430x/mmpy-16/libc.a(printf.o)
 .comment       0x00000000       0x31 /usr/local/msp430/bin/../lib/gcc/msp430/4.7.0/../../../../msp430/lib/mcpu-430x/mmpy-16/libc.a(sprintf.o)
 .comment       0x00000000       0x31 /usr/local/msp430/bin/../lib/gcc/msp430/4.7.0/../../../../msp430/lib/mcpu-430x/mmpy-16/libc.a(vuprintf.o)
 .comment       0x00000000       0x31 /usr/local/msp430/bin/../lib/gcc/msp430/4.7.0/../../../../msp430/lib/mcpu-430x/mmpy-16/libc.a(puts.o)
 .comment       0x00000000       0x31 /usr/local/msp430/bin/../lib/gcc/msp430/4.7.0/../../../../msp430/lib/mcpu-430x/mmpy-16/libc.a(rand.o)